Archive member included because of file (symbol)

../BitCloud_ZIGBIT_1_7_0/BitCloud/Components/../lib\libBc_All_ZigBit_Atmega1281_Rf230_8Mhz_Gcc.a(apsControlManager.o)
                              ./objs/messages.o (APS_RegisterEndpointReq)
../BitCloud_ZIGBIT_1_7_0/BitCloud/Components/../lib\libBc_All_ZigBit_Atmega1281_Rf230_8Mhz_Gcc.a(apsDataManager.o)
                              ../BitCloud_ZIGBIT_1_7_0/BitCloud/Components/../lib\libBc_All_ZigBit_Atmega1281_Rf230_8Mhz_Gcc.a(apsControlManager.o) (APS_CalculateTimes)
../BitCloud_ZIGBIT_1_7_0/BitCloud/Components/../lib\libBc_All_ZigBit_Atmega1281_Rf230_8Mhz_Gcc.a(apsGroupManager.o)
                              ../BitCloud_ZIGBIT_1_7_0/BitCloud/Components/../lib\libBc_All_ZigBit_Atmega1281_Rf230_8Mhz_Gcc.a(apsDataManager.o) (APS_FindGroup)
../BitCloud_ZIGBIT_1_7_0/BitCloud/Components/../lib\libBc_All_ZigBit_Atmega1281_Rf230_8Mhz_Gcc.a(apsStateMachine.o)
                              ../BitCloud_ZIGBIT_1_7_0/BitCloud/Components/../lib\libBc_All_ZigBit_Atmega1281_Rf230_8Mhz_Gcc.a(apsControlManager.o) (apsSetState)
../BitCloud_ZIGBIT_1_7_0/BitCloud/Components/../lib\libBc_All_ZigBit_Atmega1281_Rf230_8Mhz_Gcc.a(apsTaskManager.o)
                              ../BitCloud_ZIGBIT_1_7_0/BitCloud/Components/../lib\libBc_All_ZigBit_Atmega1281_Rf230_8Mhz_Gcc.a(apsControlManager.o) (apsPostTask)
../BitCloud_ZIGBIT_1_7_0/BitCloud/Components/../lib\libBc_All_ZigBit_Atmega1281_Rf230_8Mhz_Gcc.a(apsTimer.o)
                              ../BitCloud_ZIGBIT_1_7_0/BitCloud/Components/../lib\libBc_All_ZigBit_Atmega1281_Rf230_8Mhz_Gcc.a(apsDataManager.o) (apsStopAppTimer)
../BitCloud_ZIGBIT_1_7_0/BitCloud/Components/../lib\libBc_All_ZigBit_Atmega1281_Rf230_8Mhz_Gcc.a(main.o)
                              c:/winavr-20090313/bin/../lib/gcc/avr/4.3.2/../../../../avr/lib/avr51/crtm1281.o (main)
../BitCloud_ZIGBIT_1_7_0/BitCloud/Components/../lib\libBc_All_ZigBit_Atmega1281_Rf230_8Mhz_Gcc.a(nwkAddress.o)
                              ../BitCloud_ZIGBIT_1_7_0/BitCloud/Components/../lib\libBc_All_ZigBit_Atmega1281_Rf230_8Mhz_Gcc.a(apsDataManager.o) (NWK_GetShortAddr)
../BitCloud_ZIGBIT_1_7_0/BitCloud/Components/../lib\libBc_All_ZigBit_Atmega1281_Rf230_8Mhz_Gcc.a(nwkAddressMap.o)
                              ../BitCloud_ZIGBIT_1_7_0/BitCloud/Components/../lib\libBc_All_ZigBit_Atmega1281_Rf230_8Mhz_Gcc.a(apsDataManager.o) (NWK_GetExtByShortAddress)
../BitCloud_ZIGBIT_1_7_0/BitCloud/Components/../lib\libBc_All_ZigBit_Atmega1281_Rf230_8Mhz_Gcc.a(nwkDataReq.o)
                              ../BitCloud_ZIGBIT_1_7_0/BitCloud/Components/../lib\libBc_All_ZigBit_Atmega1281_Rf230_8Mhz_Gcc.a(apsDataManager.o) (NWK_DataReq)
../BitCloud_ZIGBIT_1_7_0/BitCloud/Components/../lib\libBc_All_ZigBit_Atmega1281_Rf230_8Mhz_Gcc.a(nwkFrame.o)
                              ../BitCloud_ZIGBIT_1_7_0/BitCloud/Components/../lib\libBc_All_ZigBit_Atmega1281_Rf230_8Mhz_Gcc.a(nwkDataReq.o) (nwkPrepareCommonFrame)
../BitCloud_ZIGBIT_1_7_0/BitCloud/Components/../lib\libBc_All_ZigBit_Atmega1281_Rf230_8Mhz_Gcc.a(nwkMem.o)
                              ../BitCloud_ZIGBIT_1_7_0/BitCloud/Components/../lib\libBc_All_ZigBit_Atmega1281_Rf230_8Mhz_Gcc.a(nwkAddress.o) (nwkMem)
../BitCloud_ZIGBIT_1_7_0/BitCloud/Components/../lib\libBc_All_ZigBit_Atmega1281_Rf230_8Mhz_Gcc.a(nwkNeighborTable.o)
                              ../BitCloud_ZIGBIT_1_7_0/BitCloud/Components/../lib\libBc_All_ZigBit_Atmega1281_Rf230_8Mhz_Gcc.a(apsDataManager.o) (NWK_FindNeighborByShortAddr)
../BitCloud_ZIGBIT_1_7_0/BitCloud/Components/../lib\libBc_All_ZigBit_Atmega1281_Rf230_8Mhz_Gcc.a(nwkReset.o)
                              ../BitCloud_ZIGBIT_1_7_0/BitCloud/Components/../lib\libBc_All_ZigBit_Atmega1281_Rf230_8Mhz_Gcc.a(apsControlManager.o) (NWK_Init)
../BitCloud_ZIGBIT_1_7_0/BitCloud/Components/../lib\libBc_All_ZigBit_Atmega1281_Rf230_8Mhz_Gcc.a(nwkRouteDiscovery.o)
                              ../BitCloud_ZIGBIT_1_7_0/BitCloud/Components/../lib\libBc_All_ZigBit_Atmega1281_Rf230_8Mhz_Gcc.a(nwkReset.o) (nwkResetRouteDiscovery)
../BitCloud_ZIGBIT_1_7_0/BitCloud/Components/../lib\libBc_All_ZigBit_Atmega1281_Rf230_8Mhz_Gcc.a(nwkRouteReply.o)
                              ../BitCloud_ZIGBIT_1_7_0/BitCloud/Components/../lib\libBc_All_ZigBit_Atmega1281_Rf230_8Mhz_Gcc.a(nwkRouteDiscovery.o) (cmdRouteReplyPrepareMacReq)
../BitCloud_ZIGBIT_1_7_0/BitCloud/Components/../lib\libBc_All_ZigBit_Atmega1281_Rf230_8Mhz_Gcc.a(nwkRouteRequest.o)
                              ../BitCloud_ZIGBIT_1_7_0/BitCloud/Components/../lib\libBc_All_ZigBit_Atmega1281_Rf230_8Mhz_Gcc.a(nwkRouteDiscovery.o) (cmdRouteReqPrepareMacReq)
../BitCloud_ZIGBIT_1_7_0/BitCloud/Components/../lib\libBc_All_ZigBit_Atmega1281_Rf230_8Mhz_Gcc.a(nwkRouteTable.o)
                              ../BitCloud_ZIGBIT_1_7_0/BitCloud/Components/../lib\libBc_All_ZigBit_Atmega1281_Rf230_8Mhz_Gcc.a(nwkRouteDiscovery.o) (nwkRouteRequestId)
[...]
Memory Configuration

Name             Origin             Length             Attributes
text             0x00000000         0x00020000         xr
data             0x00800200         0x00001e0c         rw !x
eeprom           0x00810000         0x00001000         rw !x
*default*        0x00000000         0xffffffff

Linker script and memory map

Address of section .data set to 0x800200
LOAD c:/winavr-20090313/bin/../lib/gcc/avr/4.3.2/../../../../avr/lib/avr51/crtm1281.o

.text           0x00000000    0x183e0
                0x00000000                PROVIDE (__text_start, .)
 *(.vectors)
 .vectors       0x00000000       0xcc c:/winavr-20090313/bin/../lib/gcc/avr/4.3.2/../../../../avr/lib/avr51/crtm1281.o
                0x00000000                __vectors
                0x00000000                __vector_default
 *(.vectors)
 *(.progmem.gcc*)
 .progmem.gcc_sw_table
                0x000000cc       0x14 ../BitCloud_ZIGBIT_1_7_0/BitCloud/Components/../lib\libBc_All_ZigBit_Atmega1281_Rf230_8Mhz_Gcc.a(nwkReset.o)
 .progmem.gcc_sw_table
                0x000000e0       0x20 ../BitCloud_ZIGBIT_1_7_0/BitCloud/Components/../lib\libBc_All_ZigBit_Atmega1281_Rf230_8Mhz_Gcc.a(zdoStateMachines.o)
 .progmem.gcc_sw_table
                0x00000100       0x38 ../BitCloud_ZIGBIT_1_7_0/BitCloud/Components/../lib\libBc_All_ZigBit_Atmega1281_Rf230_8Mhz_Gcc.a(machwiManager.o)
 .progmem.gcc_sw_table
                0x00000138       0x16 ../BitCloud_ZIGBIT_1_7_0/BitCloud/Components/../lib\libBc_All_ZigBit_Atmega1281_Rf230_8Mhz_Gcc.a(machwiPanServer.o)
 .progmem.gcc_sw_table
                0x0000014e       0x20 ../BitCloud_ZIGBIT_1_7_0/BitCloud/Components/../lib\libBc_All_ZigBit_Atmega1281_Rf230_8Mhz_Gcc.a(machwiScanHandler.o)
 .progmem.gcc_sw_table
                0x0000016e       0x20 ../BitCloud_ZIGBIT_1_7_0/BitCloud/Components/../lib\libBc_All_ZigBit_Atmega1281_Rf230_8Mhz_Gcc.a(nwkJoinReq.o)
 .progmem.gcc_sw_table
                0x0000018e       0x58 ../BitCloud_ZIGBIT_1_7_0/BitCloud/Components/../lib\libBc_All_ZigBit_Atmega1281_Rf230_8Mhz_Gcc.a(zdoDiscoveryManager.o)
 .progmem.gcc_sw_table
                0x000001e6      0x108 ../BitCloud_ZIGBIT_1_7_0/BitCloud/Components/../lib\libBc_All_ZigBit_Atmega1281_Rf230_8Mhz_Gcc.a(macenvPib.o)
 .progmem.gcc_sw_table
                0x000002ee       0x26 ../BitCloud_ZIGBIT_1_7_0/BitCloud/Components/../lib\libBc_All_ZigBit_Atmega1281_Rf230_8Mhz_Gcc.a(machwdFrameRoutine.o)
 .progmem.gcc_sw_table
                0x00000314       0xf2 ../BitCloud_ZIGBIT_1_7_0/BitCloud/Components/./ConfigServer/lib\libConfigServer.a(configServer.o)
 *(.progmem*)
 .progmem.data  0x00000406        0xa ../BitCloud_ZIGBIT_1_7_0/BitCloud/Components/../lib\libBc_All_ZigBit_Atmega1281_Rf230_8Mhz_Gcc.a(apsTaskManager.o)
 .progmem.data  0x00000410       0x34 ../BitCloud_ZIGBIT_1_7_0/BitCloud/Components/../lib\libBc_All_ZigBit_Atmega1281_Rf230_8Mhz_Gcc.a(nwkReset.o)
                0x00000410                nwkResetFunctions
 .progmem.data  0x00000444       0x1e ../BitCloud_ZIGBIT_1_7_0/BitCloud/Components/../lib\libBc_All_ZigBit_Atmega1281_Rf230_8Mhz_Gcc.a(nwkTaskManager.o)
                0x00000444                nwkhandlers
 .progmem.data  0x00000462       0x21 ../BitCloud_ZIGBIT_1_7_0/BitCloud/Components/../lib\libBc_All_ZigBit_Atmega1281_Rf230_8Mhz_Gcc.a(apsAibManager.o)
 .progmem.data  0x00000483       0x14 ../BitCloud_ZIGBIT_1_7_0/BitCloud/Components/../lib\libBc_All_ZigBit_Atmega1281_Rf230_8Mhz_Gcc.a(nwkCommands.o)
                0x00000483                nwkCommandPacketHandlers
 .progmem.data  0x00000497       0x4b ../BitCloud_ZIGBIT_1_7_0/BitCloud/Components/./PersistDataServer/lib\libPersistDataServer.a(pdsWriteData.o)
                0x00000497                pdsAuxArray
 .progmem.data  0x000004e2        0xc ../BitCloud_ZIGBIT_1_7_0/BitCloud/Components/../lib\libHAL_ZigBit_Atmega1281_8Mhz_Gcc.a(usart.o)
                0x000004ee                . = ALIGN (0x2)
 *(.trampolines*)
 .trampolines   0x000004ee        0x0 linker stubs
 *(.jumptables*)
 *(.lowtext*)
 *(.init0)
 .init0         0x000004ee        0x0 c:/winavr-20090313/bin/../lib/gcc/avr/4.3.2/../../../../avr/lib/avr51/crtm1281.o
                0x000004ee                __init
 .init0         0x000004ee       0x30 ../BitCloud_ZIGBIT_1_7_0/BitCloud/Components/../lib/WdtInitatmega1281Gcc.o
                0x000004ee                halWdtInit
 *(.init0)
 *(.init1)
 *(.init1)
 *(.init2)
 .init2         0x0000051e        0xc c:/winavr-20090313/bin/../lib/gcc/avr/4.3.2/../../../../avr/lib/avr51/crtm1281.o
 *(.init2)
 *(.init3)
 *(.init3)
 *(.init4)
 .init4         0x0000052a       0x1a c:/winavr-20090313/bin/../lib/gcc/avr/4.3.2/../../../../avr/lib/avr51/crtm1281.o
                0x0000052a                __do_copy_data
 .init4         0x00000544       0x10 c:/winavr-20090313/bin/../lib/gcc/avr/4.3.2/avr51\libgcc.a(_clear_bss.o)
                0x00000544                __do_clear_bss
 *(.init4)
 *(.init5)
 *(.init5)
 *(.init6)
 *(.init6)
 *(.init7)
 *(.init7)
 *(.init8)
 *(.init8)
 *(.text.main)
 .text.main     0x00000554       0x26 ../BitCloud_ZIGBIT_1_7_0/BitCloud/Components/../lib\libBc_All_ZigBit_Atmega1281_Rf230_8Mhz_Gcc.a(main.o)
                0x00000554                main
 *(.text.main)
 *(.text)
 .text          0x0000057a        0x4 c:/winavr-20090313/bin/../lib/gcc/avr/4.3.2/../../../../avr/lib/avr51/crtm1281.o
                0x0000057a                __vector_22
                0x0000057a                __vector_28
                0x0000057a                __vector_1
                0x0000057a                __vector_32
                0x0000057a                __vector_34
                0x0000057a                __vector_24
                0x0000057a                __vector_12
                0x0000057a                __vector_46
                0x0000057a                __bad_interrupt
                0x0000057a                __vector_31
                0x0000057a                __vector_35
                0x0000057a                __vector_3
                0x0000057a                __vector_23
                0x0000057a                __vector_45
                0x0000057a                __vector_11
                0x0000057a                __vector_17
                0x0000057a                __vector_19
                0x0000057a                __vector_49
                0x0000057a                __vector_41
                0x0000057a                __vector_33
                0x0000057a                __vector_47
                0x0000057a                __vector_4
                0x0000057a                __vector_44
                0x0000057a                __vector_9
                0x0000057a                __vector_2
                0x0000057a                __vector_21
                0x0000057a                __vector_40
                0x0000057a                __vector_48
                0x0000057a                __vector_14
                0x0000057a                __vector_10
                0x0000057a                __vector_50
                0x0000057a                __vector_16
                0x0000057a                __vector_18
                0x0000057a                __vector_20
 .text          0x0000057e       0xce ../BitCloud_ZIGBIT_1_7_0/BitCloud/Components/../lib\libHAL_ZigBit_Atmega1281_8Mhz_Gcc.a(halW1.o)
                0x0000063c                __delay_us
                0x0000057e                halResetW1
                0x0000062a                halWriteW1
                0x000005b2                halReadW1Bit
                0x000005e2                halReadW1
                0x000005fe                halWriteW1bit
 .text          0x0000064c       0x3a ../BitCloud_ZIGBIT_1_7_0/BitCloud/Components/../lib\libHAL_ZigBit_Atmega1281_8Mhz_Gcc.a(halCalibration.o)
                0x0000064c                halMeasurement
 .text          0x00000686       0xfe c:/winavr-20090313/bin/../lib/gcc/avr/4.3.2/avr51\libgcc.a(_lshrdi3.o)
                0x00000686                __lshrdi3
 .text          0x00000784       0xfe c:/winavr-20090313/bin/../lib/gcc/avr/4.3.2/avr51\libgcc.a(_ashldi3.o)
                0x00000784                __ashldi3
 .text          0x00000882       0xc2 c:/winavr-20090313/bin/../lib/gcc/avr/4.3.2/../../../../avr/lib/avr51\libc.a(rand.o)
                0x0000091e                rand_r
                0x00000924                rand
                0x0000092e                srand
 .text          0x00000944       0x12 c:/winavr-20090313/bin/../lib/gcc/avr/4.3.2/../../../../avr/lib/avr51\libc.a(memcpy_P.o)
                0x00000944                memcpy_P
 .text          0x00000956       0x1a c:/winavr-20090313/bin/../lib/gcc/avr/4.3.2/../../../../avr/lib/avr51\libc.a(memcmp.o)
                0x00000956                memcmp
 .text          0x00000970       0x12 c:/winavr-20090313/bin/../lib/gcc/avr/4.3.2/../../../../avr/lib/avr51\libc.a(memcpy.o)
                0x00000970                memcpy
 .text          0x00000982        0xe c:/winavr-20090313/bin/../lib/gcc/avr/4.3.2/../../../../avr/lib/avr51\libc.a(memset.o)
                0x00000982                memset
 .text          0x00000990        0xe c:/winavr-20090313/bin/../lib/gcc/avr/4.3.2/../../../../avr/lib/avr51\libc.a(strcpy.o)
                0x00000990                strcpy
 .text          0x0000099e       0x48 c:/winavr-20090313/bin/../lib/gcc/avr/4.3.2/../../../../avr/lib/avr51\libc.a(sprintf.o)
                0x0000099e                sprintf
 .text          0x000009e6      0x3ba c:/winavr-20090313/bin/../lib/gcc/avr/4.3.2/../../../../avr/lib/avr51\libc.a(vfprintf_std.o)
                0x000009e6                vfprintf
 .text          0x00000da0       0x16 c:/winavr-20090313/bin/../lib/gcc/avr/4.3.2/../../../../avr/lib/avr51\libc.a(strnlen_P.o)
                0x00000da0                strnlen_P
 .text          0x00000db6       0x16 c:/winavr-20090313/bin/../lib/gcc/avr/4.3.2/../../../../avr/lib/avr51\libc.a(strnlen.o)
                0x00000db6                strnlen
 .text          0x00000dcc       0x58 c:/winavr-20090313/bin/../lib/gcc/avr/4.3.2/../../../../avr/lib/avr51\libc.a(fputc.o)
                0x00000dcc                fputc
 .text          0x00000e24       0xbc c:/winavr-20090313/bin/../lib/gcc/avr/4.3.2/../../../../avr/lib/avr51\libc.a(ultoa_invert.o)
                0x00000e24                __ultoa_invert
 *(.text.*)
 .text.delaytimerFired
                0x00000ee0        0x2 ./objs/coord_wilma.o
                0x00000ee0                delaytimerFired
 .text.ZDO_WakeUpInd
                0x00000ee2        0x2 ./objs/coord_wilma.o
                0x00000ee2                ZDO_WakeUpInd
 .text.CommandIndication
                0x00000ee4       0xca ./objs/coord_wilma.o
                0x00000ee4                CommandIndication
 .text.DataIndication
                0x00000fae       0xca ./objs/coord_wilma.o
                0x00000fae                DataIndication
 .text.ZDO_MgmtNwkUpdateNotf
                0x00001078      0x17a ./objs/coord_wilma.o
                0x00001078                ZDO_MgmtNwkUpdateNotf
 .text.APL_TaskHandler
                0x000011f2       0x60 ./objs/coord_wilma.o
                0x000011f2                APL_TaskHandler
 .text.ZDO_StartNetworkConf
                0x00001252       0x4a ./objs/coord_wilma.o
 .text.UARTCommIndication
                0x0000129c       0x34 ./objs/coord_wilma.o
                0x0000129c                UARTCommIndication
 .text.initMessages
                0x000012d0       0x9a ./objs/messages.o
                0x000012d0                initMessages
 .text.APS_DataConf
                0x0000136a       0x1a ./objs/messages.o
                0x0000136a                APS_DataConf
 .text.APS_DataInd
                0x00001384       0x10 ./objs/messages.o
                0x00001384                APS_DataInd
 .text.APS_CommandInd
                0x00001394       0x10 ./objs/messages.o
                0x00001394                APS_CommandInd
 .text.sendCommand_wZ
                0x000013a4       0x3e ./objs/messages.o
                0x000013a4                sendCommand_wZ
 .text.registerEndpoints
                0x000013e2       0x42 ./objs/messages.o
                0x000013e2                registerEndpoints
 .text.initNwkParams
                0x00001424       0x6c ./objs/nwkConfig.o
                0x00001424                initNwkParams
 .text.addMessageToBuffer
                0x00001490       0x52 ./objs/uart_buffer.o
                0x00001490                addMessageToBuffer
 .text.getNextMessageFromBuffer
                0x000014e2       0x96 ./objs/uart_buffer.o
                0x000014e2                getNextMessageFromBuffer
 .text.rxCallback
                0x00001578       0x2c ./objs/uart_buffer.o
                0x00001578                rxCallback
 .text.UARTSendNext
                0x000015a4       0x5c ./objs/uart_buffer.o
                0x000015a4                UARTSendNext
 .text.UARTSendConfirm
                0x00001600       0x12 ./objs/uart_buffer.o
                0x00001600                UARTSendConfirm
 .text.SendUART
                0x00001612       0x2e ./objs/uart_buffer.o
                0x00001612                SendUART
 .text.uartInit
                0x00001640       0x80 ./objs/uart_buffer.o
                0x00001640                uartInit
 .text.apsFindRegisteredEnpoint
                0x000016c0       0x2c ../BitCloud_ZIGBIT_1_7_0/BitCloud/Components/../lib\libBc_All_ZigBit_Atmega1281_Rf230_8Mhz_Gcc.a(apsControlManager.o)
                0x000016c0                apsFindRegisteredEnpoint
 .text.APS_GetEndpointList
                0x000016ec        0xa ../BitCloud_ZIGBIT_1_7_0/BitCloud/Components/../lib\libBc_All_ZigBit_Atmega1281_Rf230_8Mhz_Gcc.a(apsControlManager.o)
                0x000016ec                APS_GetEndpointList
 .text.apsSendStopConf
                0x000016f6       0x16 ../BitCloud_ZIGBIT_1_7_0/BitCloud/Components/../lib\libBc_All_ZigBit_Atmega1281_Rf230_8Mhz_Gcc.a(apsControlManager.o)
                0x000016f6                apsSendStopConf
 .text.apsGetEndpointDescriptor
                0x0000170c       0x14 ../BitCloud_ZIGBIT_1_7_0/BitCloud/Components/../lib\libBc_All_ZigBit_Atmega1281_Rf230_8Mhz_Gcc.a(apsControlManager.o)
                0x0000170c                apsGetEndpointDescriptor
 .text.APS_StopReq
                0x00001720       0x7e ../BitCloud_ZIGBIT_1_7_0/BitCloud/Components/../lib\libBc_All_ZigBit_Atmega1281_Rf230_8Mhz_Gcc.a(apsControlManager.o)
                0x00001720                APS_StopReq
 .text.apsCompleteStop
                0x0000179e       0x50 ../BitCloud_ZIGBIT_1_7_0/BitCloud/Components/../lib\libBc_All_ZigBit_Atmega1281_Rf230_8Mhz_Gcc.a(apsControlManager.o)
                0x0000179e                apsCompleteStop
 .text.apsControlManagerProcess
                0x000017ee       0x18 ../BitCloud_ZIGBIT_1_7_0/BitCloud/Components/../lib\libBc_All_ZigBit_Atmega1281_Rf230_8Mhz_Gcc.a(apsControlManager.o)
                0x000017ee                apsControlManagerProcess
 .text.APS_StartReq
                0x00001806       0x34 ../BitCloud_ZIGBIT_1_7_0/BitCloud/Components/../lib\libBc_All_ZigBit_Atmega1281_Rf230_8Mhz_Gcc.a(apsControlManager.o)
                0x00001806                APS_StartReq
 .text.APS_ResetReq
                0x0000183a       0x36 ../BitCloud_ZIGBIT_1_7_0/BitCloud/Components/../lib\libBc_All_ZigBit_Atmega1281_Rf230_8Mhz_Gcc.a(apsControlManager.o)
                0x0000183a                APS_ResetReq
 .text.apsNwkResetConf
                0x00001870       0x96 ../BitCloud_ZIGBIT_1_7_0/BitCloud/Components/../lib\libBc_All_ZigBit_Atmega1281_Rf230_8Mhz_Gcc.a(apsControlManager.o)
 .text.APS_Init
                0x00001906       0x12 ../BitCloud_ZIGBIT_1_7_0/BitCloud/Components/../lib\libBc_All_ZigBit_Atmega1281_Rf230_8Mhz_Gcc.a(apsControlManager.o)
                0x00001906                APS_Init
 .text.APS_RegisterEndpointReq
                0x00001918       0x52 ../BitCloud_ZIGBIT_1_7_0/BitCloud/Components/../lib\libBc_All_ZigBit_Atmega1281_Rf230_8Mhz_Gcc.a(apsControlManager.o)
                0x00001918                APS_RegisterEndpointReq
 .text.apsAckForFragmentedReceiveConfirmHandler
                0x0000196a        0xc ../BitCloud_ZIGBIT_1_7_0/BitCloud/Components/../lib\libBc_All_ZigBit_Atmega1281_Rf230_8Mhz_Gcc.a(apsDataManager.o)
                0x0000196a                apsAckForFragmentedReceiveConfirmHandler
 .text.getMemory
                0x00001976      0x138 ../BitCloud_ZIGBIT_1_7_0/BitCloud/Components/../lib\libBc_All_ZigBit_Atmega1281_Rf230_8Mhz_Gcc.a(apsDataManager.o)
 .text.freeMemory
                0x00001aae       0xd4 ../BitCloud_ZIGBIT_1_7_0/BitCloud/Components/../lib\libBc_All_ZigBit_Atmega1281_Rf230_8Mhz_Gcc.a(apsDataManager.o)
 .text.apsMakeNwkDataResp
                0x00001b82       0x1c ../BitCloud_ZIGBIT_1_7_0/BitCloud/Components/../lib\libBc_All_ZigBit_Atmega1281_Rf230_8Mhz_Gcc.a(apsDataManager.o)
                0x00001b82                apsMakeNwkDataResp
 .text.apsMakeApsDataConf
                0x00001b9e       0x40 ../BitCloud_ZIGBIT_1_7_0/BitCloud/Components/../lib\libBc_All_ZigBit_Atmega1281_Rf230_8Mhz_Gcc.a(apsDataManager.o)
 .text.APS_CalculateTimes
                0x00001bde      0x11c ../BitCloud_ZIGBIT_1_7_0/BitCloud/Components/../lib\libBc_All_ZigBit_Atmega1281_Rf230_8Mhz_Gcc.a(apsDataManager.o)
                0x00001bde                APS_CalculateTimes
 .text.apsDuplicateRejectionTableOnTimerFired
                0x00001cfa       0x34 ../BitCloud_ZIGBIT_1_7_0/BitCloud/Components/../lib\libBc_All_ZigBit_Atmega1281_Rf230_8Mhz_Gcc.a(apsDataManager.o)
 .text.apsStopDataManager
                0x00001d2e       0x18 ../BitCloud_ZIGBIT_1_7_0/BitCloud/Components/../lib\libBc_All_ZigBit_Atmega1281_Rf230_8Mhz_Gcc.a(apsDataManager.o)
                0x00001d2e                apsStopDataManager
 .text.apsSendNwkDataReq
                0x00001d46       0x10 ../BitCloud_ZIGBIT_1_7_0/BitCloud/Components/../lib\libBc_All_ZigBit_Atmega1281_Rf230_8Mhz_Gcc.a(apsDataManager.o)
                0x00001d46                apsSendNwkDataReq
 .text.apsProcessGroupAddrModeDataReq
                0x00001d56      0x170 ../BitCloud_ZIGBIT_1_7_0/BitCloud/Components/../lib\libBc_All_ZigBit_Atmega1281_Rf230_8Mhz_Gcc.a(apsDataManager.o)
                0x00001d56                apsProcessGroupAddrModeDataReq
 .text.apsSendAckForFragmentedReceive
                0x00001ec6       0xb0 ../BitCloud_ZIGBIT_1_7_0/BitCloud/Components/../lib\libBc_All_ZigBit_Atmega1281_Rf230_8Mhz_Gcc.a(apsDataManager.o)
                0x00001ec6                apsSendAckForFragmentedReceive
 .text.apsAckOnTimerFired
                0x00001f76      0x102 ../BitCloud_ZIGBIT_1_7_0/BitCloud/Components/../lib\libBc_All_ZigBit_Atmega1281_Rf230_8Mhz_Gcc.a(apsDataManager.o)
 .text.apsFindDuplicateRejectionTableEntry
                0x00002078       0xea ../BitCloud_ZIGBIT_1_7_0/BitCloud/Components/../lib\libBc_All_ZigBit_Atmega1281_Rf230_8Mhz_Gcc.a(apsDataManager.o)
 .text.apsMakeBroadcastIndication
                0x00002162       0x4e ../BitCloud_ZIGBIT_1_7_0/BitCloud/Components/../lib\libBc_All_ZigBit_Atmega1281_Rf230_8Mhz_Gcc.a(apsDataManager.o)
 .text.apsProcessUnicastDataReqToOwnNode
                0x000021b0      0x166 ../BitCloud_ZIGBIT_1_7_0/BitCloud/Components/../lib\libBc_All_ZigBit_Atmega1281_Rf230_8Mhz_Gcc.a(apsDataManager.o)
 .text.apsProcessShortAddrModeDataReq
                0x00002316      0x1dc ../BitCloud_ZIGBIT_1_7_0/BitCloud/Components/../lib\libBc_All_ZigBit_Atmega1281_Rf230_8Mhz_Gcc.a(apsDataManager.o)
                0x00002316                apsProcessShortAddrModeDataReq
 .text.apsMakeRetransmittion
                0x000024f2       0x76 ../BitCloud_ZIGBIT_1_7_0/BitCloud/Components/../lib\libBc_All_ZigBit_Atmega1281_Rf230_8Mhz_Gcc.a(apsDataManager.o)
 .text.apsRetransmissionProcess
                0x00002568       0xec ../BitCloud_ZIGBIT_1_7_0/BitCloud/Components/../lib\libBc_All_ZigBit_Atmega1281_Rf230_8Mhz_Gcc.a(apsDataManager.o)
                0x00002568                apsRetransmissionProcess
 .text.apduAckHandler
                0x00002654      0x254 ../BitCloud_ZIGBIT_1_7_0/BitCloud/Components/../lib\libBc_All_ZigBit_Atmega1281_Rf230_8Mhz_Gcc.a(apsDataManager.o)
                0x00002654                apduAckHandler
 .text.apsSendNextBlock
                0x000028a8       0x14 ../BitCloud_ZIGBIT_1_7_0/BitCloud/Components/../lib\libBc_All_ZigBit_Atmega1281_Rf230_8Mhz_Gcc.a(apsDataManager.o)
 .text.apsDmHotReset
                0x000028bc      0x102 ../BitCloud_ZIGBIT_1_7_0/BitCloud/Components/../lib\libBc_All_ZigBit_Atmega1281_Rf230_8Mhz_Gcc.a(apsDataManager.o)
                0x000028bc                apsDmHotReset
 .text.apsApsDataReqProcess
                0x000029be      0x300 ../BitCloud_ZIGBIT_1_7_0/BitCloud/Components/../lib\libBc_All_ZigBit_Atmega1281_Rf230_8Mhz_Gcc.a(apsDataManager.o)
                0x000029be                apsApsDataReqProcess
 .text.apsMakeGroupIndication
                0x00002cbe       0x80 ../BitCloud_ZIGBIT_1_7_0/BitCloud/Components/../lib\libBc_All_ZigBit_Atmega1281_Rf230_8Mhz_Gcc.a(apsDataManager.o)
 .text.apduMulticastHandler
                0x00002d3e       0xde ../BitCloud_ZIGBIT_1_7_0/BitCloud/Components/../lib\libBc_All_ZigBit_Atmega1281_Rf230_8Mhz_Gcc.a(apsDataManager.o)
                0x00002d3e                apduMulticastHandler
 .text.apsConstructAndSendAck
                0x00002e1c      0x1d2 ../BitCloud_ZIGBIT_1_7_0/BitCloud/Components/../lib\libBc_All_ZigBit_Atmega1281_Rf230_8Mhz_Gcc.a(apsDataManager.o)
                0x00002e1c                apsConstructAndSendAck
 .text.isMemoryAvailableForAck
                0x00002fee       0x84 ../BitCloud_ZIGBIT_1_7_0/BitCloud/Components/../lib\libBc_All_ZigBit_Atmega1281_Rf230_8Mhz_Gcc.a(apsDataManager.o)
                0x00002fee                isMemoryAvailableForAck
 .text.NWK_DataConf
                0x00003072       0x1c ../BitCloud_ZIGBIT_1_7_0/BitCloud/Components/../lib\libBc_All_ZigBit_Atmega1281_Rf230_8Mhz_Gcc.a(apsDataManager.o)
                0x00003072                NWK_DataConf
 .text.NWK_DataInd
                0x0000308e       0x1c ../BitCloud_ZIGBIT_1_7_0/BitCloud/Components/../lib\libBc_All_ZigBit_Atmega1281_Rf230_8Mhz_Gcc.a(apsDataManager.o)
                0x0000308e                NWK_DataInd
 .text.APS_DataReq
                0x000030aa       0x12 ../BitCloud_ZIGBIT_1_7_0/BitCloud/Components/../lib\libBc_All_ZigBit_Atmega1281_Rf230_8Mhz_Gcc.a(apsDataManager.o)
                0x000030aa                APS_DataReq
 .text.apsProcessIndirectNwkConf
                0x000030bc      0x1fe ../BitCloud_ZIGBIT_1_7_0/BitCloud/Components/../lib\libBc_All_ZigBit_Atmega1281_Rf230_8Mhz_Gcc.a(apsDataManager.o)
 .text.apsNwkDataConfProcess
                0x000032ba      0x300 ../BitCloud_ZIGBIT_1_7_0/BitCloud/Components/../lib\libBc_All_ZigBit_Atmega1281_Rf230_8Mhz_Gcc.a(apsDataManager.o)
                0x000032ba                apsNwkDataConfProcess
 .text.apsProcessIndirectDataReq
                0x000035ba       0x86 ../BitCloud_ZIGBIT_1_7_0/BitCloud/Components/../lib\libBc_All_ZigBit_Atmega1281_Rf230_8Mhz_Gcc.a(apsDataManager.o)
                0x000035ba                apsProcessIndirectDataReq
 .text.apsResetDataManager
                0x00003640      0x164 ../BitCloud_ZIGBIT_1_7_0/BitCloud/Components/../lib\libBc_All_ZigBit_Atmega1281_Rf230_8Mhz_Gcc.a(apsDataManager.o)
                0x00003640                apsResetDataManager
 .text.apsInitFragmentedReceiveDescriptor
                0x000037a4       0x84 ../BitCloud_ZIGBIT_1_7_0/BitCloud/Components/../lib\libBc_All_ZigBit_Atmega1281_Rf230_8Mhz_Gcc.a(apsDataManager.o)
                0x000037a4                apsInitFragmentedReceiveDescriptor
 .text.apsProcessFragmentedReceive
                0x00003828      0x2a8 ../BitCloud_ZIGBIT_1_7_0/BitCloud/Components/../lib\libBc_All_ZigBit_Atmega1281_Rf230_8Mhz_Gcc.a(apsDataManager.o)
                0x00003828                apsProcessFragmentedReceive
 .text.apduUnicastHandler
                0x00003ad0      0x2b2 ../BitCloud_ZIGBIT_1_7_0/BitCloud/Components/../lib\libBc_All_ZigBit_Atmega1281_Rf230_8Mhz_Gcc.a(apsDataManager.o)
                0x00003ad0                apduUnicastHandler
 .text.apsNwkDataIndHandler
                0x00003d82       0x72 ../BitCloud_ZIGBIT_1_7_0/BitCloud/Components/../lib\libBc_All_ZigBit_Atmega1281_Rf230_8Mhz_Gcc.a(apsDataManager.o)
                0x00003d82                apsNwkDataIndHandler
 .text.apsNwkDataIndProcess
                0x00003df4       0x80 ../BitCloud_ZIGBIT_1_7_0/BitCloud/Components/../lib\libBc_All_ZigBit_Atmega1281_Rf230_8Mhz_Gcc.a(apsDataManager.o)
                0x00003df4                apsNwkDataIndProcess
 .text.apsDataManagerProcess
                0x00003e74       0x38 ../BitCloud_ZIGBIT_1_7_0/BitCloud/Components/../lib\libBc_All_ZigBit_Atmega1281_Rf230_8Mhz_Gcc.a(apsDataManager.o)
                0x00003e74                apsDataManagerProcess
 .text.APS_FindGroup
                0x00003eac       0x64 ../BitCloud_ZIGBIT_1_7_0/BitCloud/Components/../lib\libBc_All_ZigBit_Atmega1281_Rf230_8Mhz_Gcc.a(apsGroupManager.o)
                0x00003eac                APS_FindGroup
 .text.APS_IsOwnGroup
                0x00003f10       0x14 ../BitCloud_ZIGBIT_1_7_0/BitCloud/Components/../lib\libBc_All_ZigBit_Atmega1281_Rf230_8Mhz_Gcc.a(apsGroupManager.o)
                0x00003f10                APS_IsOwnGroup
 .text.APS_FindGroupMember
                0x00003f24       0x26 ../BitCloud_ZIGBIT_1_7_0/BitCloud/Components/../lib\libBc_All_ZigBit_Atmega1281_Rf230_8Mhz_Gcc.a(apsGroupManager.o)
                0x00003f24                APS_FindGroupMember
 .text.apsGetGroupMember
                0x00003f4a       0x34 ../BitCloud_ZIGBIT_1_7_0/BitCloud/Components/../lib\libBc_All_ZigBit_Atmega1281_Rf230_8Mhz_Gcc.a(apsGroupManager.o)
                0x00003f4a                apsGetGroupMember
 .text.apsGroupManagerProcess
                0x00003f7e        0x2 ../BitCloud_ZIGBIT_1_7_0/BitCloud/Components/../lib\libBc_All_ZigBit_Atmega1281_Rf230_8Mhz_Gcc.a(apsGroupManager.o)
                0x00003f7e                apsGroupManagerProcess
 .text.apsResetGroupManager
                0x00003f80       0x64 ../BitCloud_ZIGBIT_1_7_0/BitCloud/Components/../lib\libBc_All_ZigBit_Atmega1281_Rf230_8Mhz_Gcc.a(apsGroupManager.o)
                0x00003f80                apsResetGroupManager
 .text.apsSetState
                0x00003fe4        0xe ../BitCloud_ZIGBIT_1_7_0/BitCloud/Components/../lib\libBc_All_ZigBit_Atmega1281_Rf230_8Mhz_Gcc.a(apsStateMachine.o)
                0x00003fe4                apsSetState
 .text.apsGetState
                0x00003ff2        0x6 ../BitCloud_ZIGBIT_1_7_0/BitCloud/Components/../lib\libBc_All_ZigBit_Atmega1281_Rf230_8Mhz_Gcc.a(apsStateMachine.o)
                0x00003ff2                apsGetState
 .text.apsGetPrevState
                0x00003ff8        0x6 ../BitCloud_ZIGBIT_1_7_0/BitCloud/Components/../lib\libBc_All_ZigBit_Atmega1281_Rf230_8Mhz_Gcc.a(apsStateMachine.o)
                0x00003ff8                apsGetPrevState
 .text.apsResetStateMachine
                0x00003ffe       0x1e ../BitCloud_ZIGBIT_1_7_0/BitCloud/Components/../lib\libBc_All_ZigBit_Atmega1281_Rf230_8Mhz_Gcc.a(apsStateMachine.o)
                0x00003ffe                apsResetStateMachine
 .text.apsCheckState
                0x0000401c       0x40 ../BitCloud_ZIGBIT_1_7_0/BitCloud/Components/../lib\libBc_All_ZigBit_Atmega1281_Rf230_8Mhz_Gcc.a(apsStateMachine.o)
                0x0000401c                apsCheckState
 .text.apsPostTask
                0x0000405c       0x38 ../BitCloud_ZIGBIT_1_7_0/BitCloud/Components/../lib\libBc_All_ZigBit_Atmega1281_Rf230_8Mhz_Gcc.a(apsTaskManager.o)
                0x0000405c                apsPostTask
 .text.apsResetTaskManager
                0x00004094        0x6 ../BitCloud_ZIGBIT_1_7_0/BitCloud/Components/../lib\libBc_All_ZigBit_Atmega1281_Rf230_8Mhz_Gcc.a(apsTaskManager.o)
                0x00004094                apsResetTaskManager
 .text.APS_TaskHandler
                0x0000409a       0x90 ../BitCloud_ZIGBIT_1_7_0/BitCloud/Components/../lib\libBc_All_ZigBit_Atmega1281_Rf230_8Mhz_Gcc.a(apsTaskManager.o)
                0x0000409a                APS_TaskHandler
 .text.apsStopAppTimer
                0x0000412a       0x12 ../BitCloud_ZIGBIT_1_7_0/BitCloud/Components/../lib\libBc_All_ZigBit_Atmega1281_Rf230_8Mhz_Gcc.a(apsTimer.o)
                0x0000412a                apsStopAppTimer
 .text.apsInitAppTimer
                0x0000413c       0x44 ../BitCloud_ZIGBIT_1_7_0/BitCloud/Components/../lib\libBc_All_ZigBit_Atmega1281_Rf230_8Mhz_Gcc.a(apsTimer.o)
                0x0000413c                apsInitAppTimer
 .text.apsStartAppTimer
                0x00004180       0x14 ../BitCloud_ZIGBIT_1_7_0/BitCloud/Components/../lib\libBc_All_ZigBit_Atmega1281_Rf230_8Mhz_Gcc.a(apsTimer.o)
                0x00004180                apsStartAppTimer
 .text.NWK_GetShortAddr
                0x00004194        0xa ../BitCloud_ZIGBIT_1_7_0/BitCloud/Components/../lib\libBc_All_ZigBit_Atmega1281_Rf230_8Mhz_Gcc.a(nwkAddress.o)
                0x00004194                NWK_GetShortAddr
 .text.nwkCSkip
                0x0000419e       0x88 ../BitCloud_ZIGBIT_1_7_0/BitCloud/Components/../lib\libBc_All_ZigBit_Atmega1281_Rf230_8Mhz_Gcc.a(nwkAddress.o)
                0x0000419e                nwkCSkip
 .text.nwkAllocateShortAddr
                0x00004226       0xd0 ../BitCloud_ZIGBIT_1_7_0/BitCloud/Components/../lib\libBc_All_ZigBit_Atmega1281_Rf230_8Mhz_Gcc.a(nwkAddress.o)
                0x00004226                nwkAllocateShortAddr
 .text.nwkResetAddressMap
                0x000042f6       0x68 ../BitCloud_ZIGBIT_1_7_0/BitCloud/Components/../lib\libBc_All_ZigBit_Atmega1281_Rf230_8Mhz_Gcc.a(nwkAddressMap.o)
                0x000042f6                nwkResetAddressMap
 .text.nwkAddrConflictConf
                0x0000435e       0x90 ../BitCloud_ZIGBIT_1_7_0/BitCloud/Components/../lib\libBc_All_ZigBit_Atmega1281_Rf230_8Mhz_Gcc.a(nwkAddressMap.o)
 .text.NWK_AddToAddressMap
                0x000043ee      0x15a ../BitCloud_ZIGBIT_1_7_0/BitCloud/Components/../lib\libBc_All_ZigBit_Atmega1281_Rf230_8Mhz_Gcc.a(nwkAddressMap.o)
                0x000043ee                NWK_AddToAddressMap
 .text.NWK_GetExtByShortAddress
                0x00004548       0x6e ../BitCloud_ZIGBIT_1_7_0/BitCloud/Components/../lib\libBc_All_ZigBit_Atmega1281_Rf230_8Mhz_Gcc.a(nwkAddressMap.o)
                0x00004548                NWK_GetExtByShortAddress
 .text.NWK_GetShortByExtAddress
                0x000045b6       0xbc ../BitCloud_ZIGBIT_1_7_0/BitCloud/Components/../lib\libBc_All_ZigBit_Atmega1281_Rf230_8Mhz_Gcc.a(nwkAddressMap.o)
                0x000045b6                NWK_GetShortByExtAddress
 .text.nwkResetDataConf
                0x00004672        0xa ../BitCloud_ZIGBIT_1_7_0/BitCloud/Components/../lib\libBc_All_ZigBit_Atmega1281_Rf230_8Mhz_Gcc.a(nwkDataReq.o)
                0x00004672                nwkResetDataConf
 .text.nwkDataConfTaskHandler
                0x0000467c       0x46 ../BitCloud_ZIGBIT_1_7_0/BitCloud/Components/../lib\libBc_All_ZigBit_Atmega1281_Rf230_8Mhz_Gcc.a(nwkDataReq.o)
                0x0000467c                nwkDataConfTaskHandler
 .text.nwkDataConf
                0x000046c2       0x22 ../BitCloud_ZIGBIT_1_7_0/BitCloud/Components/../lib\libBc_All_ZigBit_Atmega1281_Rf230_8Mhz_Gcc.a(nwkDataReq.o)
                0x000046c2                nwkDataConf
 .text.NWK_DataReq
                0x000046e4      0x118 ../BitCloud_ZIGBIT_1_7_0/BitCloud/Components/../lib\libBc_All_ZigBit_Atmega1281_Rf230_8Mhz_Gcc.a(nwkDataReq.o)
                0x000046e4                NWK_DataReq
 .text.nwkParseHeader
                0x000047fc       0xd2 ../BitCloud_ZIGBIT_1_7_0/BitCloud/Components/../lib\libBc_All_ZigBit_Atmega1281_Rf230_8Mhz_Gcc.a(nwkFrame.o)
                0x000047fc                nwkParseHeader
 .text.nwkPrepareCommonFrame
                0x000048ce       0x4e ../BitCloud_ZIGBIT_1_7_0/BitCloud/Components/../lib\libBc_All_ZigBit_Atmega1281_Rf230_8Mhz_Gcc.a(nwkFrame.o)
                0x000048ce                nwkPrepareCommonFrame
 .text.nwkClearNeighborTable
                0x0000491c       0x9e ../BitCloud_ZIGBIT_1_7_0/BitCloud/Components/../lib\libBc_All_ZigBit_Atmega1281_Rf230_8Mhz_Gcc.a(nwkNeighborTable.o)
                0x0000491c                nwkClearNeighborTable
 .text.NWK_FindNeighborByShortAddr
                0x000049ba       0x3a ../BitCloud_ZIGBIT_1_7_0/BitCloud/Components/../lib\libBc_All_ZigBit_Atmega1281_Rf230_8Mhz_Gcc.a(nwkNeighborTable.o)
                0x000049ba                NWK_FindNeighborByShortAddr
 .text.NWK_FindNeighborByExtAddr
                0x000049f4       0x6c ../BitCloud_ZIGBIT_1_7_0/BitCloud/Components/../lib\libBc_All_ZigBit_Atmega1281_Rf230_8Mhz_Gcc.a(nwkNeighborTable.o)
                0x000049f4                NWK_FindNeighborByExtAddr
 .text.nwkFindRxOffWhenIdleChild
                0x00004a60       0x56 ../BitCloud_ZIGBIT_1_7_0/BitCloud/Components/../lib\libBc_All_ZigBit_Atmega1281_Rf230_8Mhz_Gcc.a(nwkNeighborTable.o)
                0x00004a60                nwkFindRxOffWhenIdleChild
 .text.nwkUpdateCapacityBits
                0x00004ab6       0x7c ../BitCloud_ZIGBIT_1_7_0/BitCloud/Components/../lib\libBc_All_ZigBit_Atmega1281_Rf230_8Mhz_Gcc.a(nwkNeighborTable.o)
                0x00004ab6                nwkUpdateCapacityBits
 .text.nwkUpdateCapacityBitsInBeacon
                0x00004b32       0xb6 ../BitCloud_ZIGBIT_1_7_0/BitCloud/Components/../lib\libBc_All_ZigBit_Atmega1281_Rf230_8Mhz_Gcc.a(nwkNeighborTable.o)
                0x00004b32                nwkUpdateCapacityBitsInBeacon
 .text.nwkUpdateLqiAndCostOfNeighbor
                0x00004be8       0x7c ../BitCloud_ZIGBIT_1_7_0/BitCloud/Components/../lib\libBc_All_ZigBit_Atmega1281_Rf230_8Mhz_Gcc.a(nwkNeighborTable.o)
                0x00004be8                nwkUpdateLqiAndCostOfNeighbor
 .text.nwkFreeNeighbor
                0x00004c64       0x2a ../BitCloud_ZIGBIT_1_7_0/BitCloud/Components/../lib\libBc_All_ZigBit_Atmega1281_Rf230_8Mhz_Gcc.a(nwkNeighborTable.o)
                0x00004c64                nwkFreeNeighbor
 .text.nwkCostFromLqi
                0x00004c8e       0x1c ../BitCloud_ZIGBIT_1_7_0/BitCloud/Components/../lib\libBc_All_ZigBit_Atmega1281_Rf230_8Mhz_Gcc.a(nwkNeighborTable.o)
                0x00004c8e                nwkCostFromLqi
 .text.NWK_GetNeighborTable
                0x00004caa        0x6 ../BitCloud_ZIGBIT_1_7_0/BitCloud/Components/../lib\libBc_All_ZigBit_Atmega1281_Rf230_8Mhz_Gcc.a(nwkNeighborTable.o)
                0x00004caa                NWK_GetNeighborTable
 .text.NWK_GetNeighborsLqi
                0x00004cb0       0x3e ../BitCloud_ZIGBIT_1_7_0/BitCloud/Components/../lib\libBc_All_ZigBit_Atmega1281_Rf230_8Mhz_Gcc.a(nwkNeighborTable.o)
                0x00004cb0                NWK_GetNeighborsLqi
 .text.nwkSetLifeTimeOfNeighbor
                0x00004cee       0xd2 ../BitCloud_ZIGBIT_1_7_0/BitCloud/Components/../lib\libBc_All_ZigBit_Atmega1281_Rf230_8Mhz_Gcc.a(nwkNeighborTable.o)
                0x00004cee                nwkSetLifeTimeOfNeighbor
 .text.nwkUpdateLqiAndLifeTime
                0x00004dc0       0x4e ../BitCloud_ZIGBIT_1_7_0/BitCloud/Components/../lib\libBc_All_ZigBit_Atmega1281_Rf230_8Mhz_Gcc.a(nwkNeighborTable.o)
                0x00004dc0                nwkUpdateLqiAndLifeTime
 .text.nwkIsRouteDestination
                0x00004e0e       0x6e ../BitCloud_ZIGBIT_1_7_0/BitCloud/Components/../lib\libBc_All_ZigBit_Atmega1281_Rf230_8Mhz_Gcc.a(nwkNeighborTable.o)
                0x00004e0e                nwkIsRouteDestination
 .text.nwkStartAgeTimerOfNeighborTable
                0x00004e7c       0x32 ../BitCloud_ZIGBIT_1_7_0/BitCloud/Components/../lib\libBc_All_ZigBit_Atmega1281_Rf230_8Mhz_Gcc.a(nwkNeighborTable.o)
                0x00004e7c                nwkStartAgeTimerOfNeighborTable
 .text.neighborTimerFired
                0x00004eae       0x9c ../BitCloud_ZIGBIT_1_7_0/BitCloud/Components/../lib\libBc_All_ZigBit_Atmega1281_Rf230_8Mhz_Gcc.a(nwkNeighborTable.o)
 .text.nwkResetNeighborTable
                0x00004f4a       0x76 ../BitCloud_ZIGBIT_1_7_0/BitCloud/Components/../lib\libBc_All_ZigBit_Atmega1281_Rf230_8Mhz_Gcc.a(nwkNeighborTable.o)
                0x00004f4a                nwkResetNeighborTable
 .text.nwkResetTaskHandler
                0x00004fc0       0xae ../BitCloud_ZIGBIT_1_7_0/BitCloud/Components/../lib\libBc_All_ZigBit_Atmega1281_Rf230_8Mhz_Gcc.a(nwkReset.o)
                0x00004fc0                nwkResetTaskHandler
 .text.nwkResetConf
                0x0000506e       0x28 ../BitCloud_ZIGBIT_1_7_0/BitCloud/Components/../lib\libBc_All_ZigBit_Atmega1281_Rf230_8Mhz_Gcc.a(nwkReset.o)
 .text.MAC_ResetConf
                0x00005096       0xbc ../BitCloud_ZIGBIT_1_7_0/BitCloud/Components/../lib\libBc_All_ZigBit_Atmega1281_Rf230_8Mhz_Gcc.a(nwkReset.o)
 .text.MAC_RxEnableConf
                0x00005152        0xe ../BitCloud_ZIGBIT_1_7_0/BitCloud/Components/../lib\libBc_All_ZigBit_Atmega1281_Rf230_8Mhz_Gcc.a(nwkReset.o)
 .text.MAC_SetConf
                0x00005160      0x198 ../BitCloud_ZIGBIT_1_7_0/BitCloud/Components/../lib\libBc_All_ZigBit_Atmega1281_Rf230_8Mhz_Gcc.a(nwkReset.o)
 .text.MAC_StartConf
                0x000052f8       0x46 ../BitCloud_ZIGBIT_1_7_0/BitCloud/Components/../lib\libBc_All_ZigBit_Atmega1281_Rf230_8Mhz_Gcc.a(nwkReset.o)
 .text.NWK_Init
                0x0000533e       0x22 ../BitCloud_ZIGBIT_1_7_0/BitCloud/Components/../lib\libBc_All_ZigBit_Atmega1281_Rf230_8Mhz_Gcc.a(nwkReset.o)
                0x0000533e                NWK_Init
 .text.NWK_ResetReq
                0x00005360       0x20 ../BitCloud_ZIGBIT_1_7_0/BitCloud/Components/../lib\libBc_All_ZigBit_Atmega1281_Rf230_8Mhz_Gcc.a(nwkReset.o)
                0x00005360                NWK_ResetReq
 .text.nwkResetRouteDiscovery
                0x00005380       0xa2 ../BitCloud_ZIGBIT_1_7_0/BitCloud/Components/../lib\libBc_All_ZigBit_Atmega1281_Rf230_8Mhz_Gcc.a(nwkRouteDiscovery.o)
                0x00005380                nwkResetRouteDiscovery
 .text.nwkRouteReplyForThisNode
                0x00005422       0x5c ../BitCloud_ZIGBIT_1_7_0/BitCloud/Components/../lib\libBc_All_ZigBit_Atmega1281_Rf230_8Mhz_Gcc.a(nwkRouteDiscovery.o)
                0x00005422                nwkRouteReplyForThisNode
 .text.nwkRREQTimeoutTimerFired
                0x0000547e       0x90 ../BitCloud_ZIGBIT_1_7_0/BitCloud/Components/../lib\libBc_All_ZigBit_Atmega1281_Rf230_8Mhz_Gcc.a(nwkRouteDiscovery.o)
 .text.nwkRouteDiscoveryTaskHandler
                0x0000550e      0x204 ../BitCloud_ZIGBIT_1_7_0/BitCloud/Components/../lib\libBc_All_ZigBit_Atmega1281_Rf230_8Mhz_Gcc.a(nwkRouteDiscovery.o)
                0x0000550e                nwkRouteDiscoveryTaskHandler
 .text.nwkRouteDiscoveryTableTaskHandler
                0x00005712       0xee ../BitCloud_ZIGBIT_1_7_0/BitCloud/Components/../lib\libBc_All_ZigBit_Atmega1281_Rf230_8Mhz_Gcc.a(nwkRouteDiscovery.o)
                0x00005712                nwkRouteDiscoveryTableTaskHandler
 .text.NWK_RouteDiscoveryReq
                0x00005800       0x12 ../BitCloud_ZIGBIT_1_7_0/BitCloud/Components/../lib\libBc_All_ZigBit_Atmega1281_Rf230_8Mhz_Gcc.a(nwkRouteDiscovery.o)
                0x00005800                NWK_RouteDiscoveryReq
 .text.cmdRouteReplyPrepareMacReq
                0x00005812       0x28 ../BitCloud_ZIGBIT_1_7_0/BitCloud/Components/../lib\libBc_All_ZigBit_Atmega1281_Rf230_8Mhz_Gcc.a(nwkRouteReply.o)
                0x00005812                cmdRouteReplyPrepareMacReq
 .text.cmdRouteReplyConfirm
                0x0000583a       0x72 ../BitCloud_ZIGBIT_1_7_0/BitCloud/Components/../lib\libBc_All_ZigBit_Atmega1281_Rf230_8Mhz_Gcc.a(nwkRouteReply.o)
                0x0000583a                cmdRouteReplyConfirm
 .text.cmdRouteReplyPrepareMacData
                0x000058ac      0x3aa ../BitCloud_ZIGBIT_1_7_0/BitCloud/Components/../lib\libBc_All_ZigBit_Atmega1281_Rf230_8Mhz_Gcc.a(nwkRouteReply.o)
                0x000058ac                cmdRouteReplyPrepareMacData
 .text.nwkRouteReplyFrameInd
                0x00005c56       0xd4 ../BitCloud_ZIGBIT_1_7_0/BitCloud/Components/../lib\libBc_All_ZigBit_Atmega1281_Rf230_8Mhz_Gcc.a(nwkRouteReply.o)
                0x00005c56                nwkRouteReplyFrameInd
 .text.cmdRouteReqPrepareMacReq
                0x00005d2a        0xa ../BitCloud_ZIGBIT_1_7_0/BitCloud/Components/../lib\libBc_All_ZigBit_Atmega1281_Rf230_8Mhz_Gcc.a(nwkRouteRequest.o)
                0x00005d2a                cmdRouteReqPrepareMacReq
 .text.cmdRouteReqConfirm
                0x00005d34       0x20 ../BitCloud_ZIGBIT_1_7_0/BitCloud/Components/../lib\libBc_All_ZigBit_Atmega1281_Rf230_8Mhz_Gcc.a(nwkRouteRequest.o)
                0x00005d34                cmdRouteReqConfirm
 .text.cmdRouteReqPrepareMacData
                0x00005d54      0x118 ../BitCloud_ZIGBIT_1_7_0/BitCloud/Components/../lib\libBc_All_ZigBit_Atmega1281_Rf230_8Mhz_Gcc.a(nwkRouteRequest.o)
                0x00005d54                cmdRouteReqPrepareMacData
 .text.nwkRouteReqFrameInd
                0x00005e6c      0x298 ../BitCloud_ZIGBIT_1_7_0/BitCloud/Components/../lib\libBc_All_ZigBit_Atmega1281_Rf230_8Mhz_Gcc.a(nwkRouteRequest.o)
                0x00005e6c                nwkRouteReqFrameInd
 .text.nwkRouteRequestId
                0x00006104        0xe ../BitCloud_ZIGBIT_1_7_0/BitCloud/Components/../lib\libBc_All_ZigBit_Atmega1281_Rf230_8Mhz_Gcc.a(nwkRouteTable.o)
                0x00006104                nwkRouteRequestId
 .text.nwkFindRouteItemsByState
                0x00006112       0x60 ../BitCloud_ZIGBIT_1_7_0/BitCloud/Components/../lib\libBc_All_ZigBit_Atmega1281_Rf230_8Mhz_Gcc.a(nwkRouteTable.o)
                0x00006112                nwkFindRouteItemsByState
 .text.nwkRouteDiscoveryItemLink
                0x00006172       0x26 ../BitCloud_ZIGBIT_1_7_0/BitCloud/Components/../lib\libBc_All_ZigBit_Atmega1281_Rf230_8Mhz_Gcc.a(nwkRouteTable.o)
                0x00006172                nwkRouteDiscoveryItemLink
 .text.nwkRouteTableNextHopSuccess
                0x00006198       0x32 ../BitCloud_ZIGBIT_1_7_0/BitCloud/Components/../lib\libBc_All_ZigBit_Atmega1281_Rf230_8Mhz_Gcc.a(nwkRouteTable.o)
                0x00006198                nwkRouteTableNextHopSuccess
 .text.nwkRouteTableRemoveDest
                0x000061ca       0x38 ../BitCloud_ZIGBIT_1_7_0/BitCloud/Components/../lib\libBc_All_ZigBit_Atmega1281_Rf230_8Mhz_Gcc.a(nwkRouteTable.o)
                0x000061ca                nwkRouteTableRemoveDest
 .text.nwkRouteTableLinkCost
                0x00006202       0x6c ../BitCloud_ZIGBIT_1_7_0/BitCloud/Components/../lib\libBc_All_ZigBit_Atmega1281_Rf230_8Mhz_Gcc.a(nwkRouteTable.o)
                0x00006202                nwkRouteTableLinkCost
 .text.nwkRouteTableNextHopFail
                0x0000626e       0x7c ../BitCloud_ZIGBIT_1_7_0/BitCloud/Components/../lib\libBc_All_ZigBit_Atmega1281_Rf230_8Mhz_Gcc.a(nwkRouteTable.o)
                0x0000626e                nwkRouteTableNextHopFail
 .text.nwkOldestRouteDiscoveryItem
                0x000062ea       0x1e ../BitCloud_ZIGBIT_1_7_0/BitCloud/Components/../lib\libBc_All_ZigBit_Atmega1281_Rf230_8Mhz_Gcc.a(nwkRouteTable.o)
                0x000062ea                nwkOldestRouteDiscoveryItem
 .text.nwkUpdateAgeRouteDiscovery
                0x00006308       0xde ../BitCloud_ZIGBIT_1_7_0/BitCloud/Components/../lib\libBc_All_ZigBit_Atmega1281_Rf230_8Mhz_Gcc.a(nwkRouteTable.o)
                0x00006308                nwkUpdateAgeRouteDiscovery
 .text.nwkFindFreeRouteDiscoveryItem
                0x000063e6       0x40 ../BitCloud_ZIGBIT_1_7_0/BitCloud/Components/../lib\libBc_All_ZigBit_Atmega1281_Rf230_8Mhz_Gcc.a(nwkRouteTable.o)
                0x000063e6                nwkFindFreeRouteDiscoveryItem
 .text.nwkFindFreeRouteItem
                0x00006426       0x52 ../BitCloud_ZIGBIT_1_7_0/BitCloud/Components/../lib\libBc_All_ZigBit_Atmega1281_Rf230_8Mhz_Gcc.a(nwkRouteTable.o)
                0x00006426                nwkFindFreeRouteItem
 .text.nwkFindRouteDiscoveryItem
                0x00006478       0x7c ../BitCloud_ZIGBIT_1_7_0/BitCloud/Components/../lib\libBc_All_ZigBit_Atmega1281_Rf230_8Mhz_Gcc.a(nwkRouteTable.o)
                0x00006478                nwkFindRouteDiscoveryItem
 .text.nwkFindRouteItem
                0x000064f4       0x66 ../BitCloud_ZIGBIT_1_7_0/BitCloud/Components/../lib\libBc_All_ZigBit_Atmega1281_Rf230_8Mhz_Gcc.a(nwkRouteTable.o)
                0x000064f4                nwkFindRouteItem
 .text.nwkUpdateRouteTable
                0x0000655a       0x6a ../BitCloud_ZIGBIT_1_7_0/BitCloud/Components/../lib\libBc_All_ZigBit_Atmega1281_Rf230_8Mhz_Gcc.a(nwkRouteTable.o)
                0x0000655a                nwkUpdateRouteTable
 .text.resetRouteTables
                0x000065c4       0xd2 ../BitCloud_ZIGBIT_1_7_0/BitCloud/Components/../lib\libBc_All_ZigBit_Atmega1281_Rf230_8Mhz_Gcc.a(nwkRouteTable.o)
                0x000065c4                resetRouteTables
 .text.nwkResetStartRouter
                0x00006696       0x14 ../BitCloud_ZIGBIT_1_7_0/BitCloud/Components/../lib\libBc_All_ZigBit_Atmega1281_Rf230_8Mhz_Gcc.a(nwkStartRouter.o)
                0x00006696                nwkResetStartRouter
 .text.nwkStartRouterTaskHandler
                0x000066aa       0xce ../BitCloud_ZIGBIT_1_7_0/BitCloud/Components/../lib\libBc_All_ZigBit_Atmega1281_Rf230_8Mhz_Gcc.a(nwkStartRouter.o)
                0x000066aa                nwkStartRouterTaskHandler
 .text.MAC_StartConf
                0x00006778       0x28 ../BitCloud_ZIGBIT_1_7_0/BitCloud/Components/../lib\libBc_All_ZigBit_Atmega1281_Rf230_8Mhz_Gcc.a(nwkStartRouter.o)
 .text.NWK_StartRouterReq
                0x000067a0       0x20 ../BitCloud_ZIGBIT_1_7_0/BitCloud/Components/../lib\libBc_All_ZigBit_Atmega1281_Rf230_8Mhz_Gcc.a(nwkStartRouter.o)
                0x000067a0                NWK_StartRouterReq
 .text.nwkAddrConflictConf
                0x000067c0        0x8 ../BitCloud_ZIGBIT_1_7_0/BitCloud/Components/../lib\libBc_All_ZigBit_Atmega1281_Rf230_8Mhz_Gcc.a(nwkStatusInd.o)
 .text.nwkStatusLinkSuccess
                0x000067c8       0x38 ../BitCloud_ZIGBIT_1_7_0/BitCloud/Components/../lib\libBc_All_ZigBit_Atmega1281_Rf230_8Mhz_Gcc.a(nwkStatusInd.o)
                0x000067c8                nwkStatusLinkSuccess
 .text.nwkStatusLinkFailure
                0x00006800       0x3a ../BitCloud_ZIGBIT_1_7_0/BitCloud/Components/../lib\libBc_All_ZigBit_Atmega1281_Rf230_8Mhz_Gcc.a(nwkStatusInd.o)
                0x00006800                nwkStatusLinkFailure
 .text.nwkResetStatusReceiver
                0x0000683a       0x16 ../BitCloud_ZIGBIT_1_7_0/BitCloud/Components/../lib\libBc_All_ZigBit_Atmega1281_Rf230_8Mhz_Gcc.a(nwkStatusInd.o)
                0x0000683a                nwkResetStatusReceiver
 .text.nwkStatusFrameInd
                0x00006850       0x6c ../BitCloud_ZIGBIT_1_7_0/BitCloud/Components/../lib\libBc_All_ZigBit_Atmega1281_Rf230_8Mhz_Gcc.a(nwkStatusInd.o)
                0x00006850                nwkStatusFrameInd
 .text.nwkPrepareMacReqOfStatusCmd
                0x000068bc       0x10 ../BitCloud_ZIGBIT_1_7_0/BitCloud/Components/../lib\libBc_All_ZigBit_Atmega1281_Rf230_8Mhz_Gcc.a(nwkStatusReq.o)
 .text.nwkSendRouteErrorConf
                0x000068cc        0x6 ../BitCloud_ZIGBIT_1_7_0/BitCloud/Components/../lib\libBc_All_ZigBit_Atmega1281_Rf230_8Mhz_Gcc.a(nwkStatusReq.o)
 .text.nwkResetStatusSender
                0x000068d2       0x4c ../BitCloud_ZIGBIT_1_7_0/BitCloud/Components/../lib\libBc_All_ZigBit_Atmega1281_Rf230_8Mhz_Gcc.a(nwkStatusReq.o)
                0x000068d2                nwkResetStatusSender
 .text.nwkConfirmOfStatusCmd
                0x0000691e       0x5a ../BitCloud_ZIGBIT_1_7_0/BitCloud/Components/../lib\libBc_All_ZigBit_Atmega1281_Rf230_8Mhz_Gcc.a(nwkStatusReq.o)
 .text.nwkPrepareMacDataOfStatusCmd
                0x00006978      0x122 ../BitCloud_ZIGBIT_1_7_0/BitCloud/Components/../lib\libBc_All_ZigBit_Atmega1281_Rf230_8Mhz_Gcc.a(nwkStatusReq.o)
 .text.nwkStatusReq
                0x00006a9a       0x22 ../BitCloud_ZIGBIT_1_7_0/BitCloud/Components/../lib\libBc_All_ZigBit_Atmega1281_Rf230_8Mhz_Gcc.a(nwkStatusReq.o)
                0x00006a9a                nwkStatusReq
 .text.nwkSendRouteErrorStatus
                0x00006abc       0x52 ../BitCloud_ZIGBIT_1_7_0/BitCloud/Components/../lib\libBc_All_ZigBit_Atmega1281_Rf230_8Mhz_Gcc.a(nwkStatusReq.o)
                0x00006abc                nwkSendRouteErrorStatus
 .text.MAC_PollInd
                0x00006b0e       0x4c ../BitCloud_ZIGBIT_1_7_0/BitCloud/Components/../lib\libBc_All_ZigBit_Atmega1281_Rf230_8Mhz_Gcc.a(nwkSync.o)
                0x00006b0e                MAC_PollInd
 .text.nwkResetSync
                0x00006b5a       0x26 ../BitCloud_ZIGBIT_1_7_0/BitCloud/Components/../lib\libBc_All_ZigBit_Atmega1281_Rf230_8Mhz_Gcc.a(nwkSync.o)
                0x00006b5a                nwkResetSync
 .text.MAC_PollConf
                0x00006b80       0x6a ../BitCloud_ZIGBIT_1_7_0/BitCloud/Components/../lib\libBc_All_ZigBit_Atmega1281_Rf230_8Mhz_Gcc.a(nwkSync.o)
 .text.nwkSyncTaskHandler
                0x00006bea       0xc0 ../BitCloud_ZIGBIT_1_7_0/BitCloud/Components/../lib\libBc_All_ZigBit_Atmega1281_Rf230_8Mhz_Gcc.a(nwkSync.o)
                0x00006bea                nwkSyncTaskHandler
 .text.NWK_SyncReq
                0x00006caa       0x20 ../BitCloud_ZIGBIT_1_7_0/BitCloud/Components/../lib\libBc_All_ZigBit_Atmega1281_Rf230_8Mhz_Gcc.a(nwkSync.o)
                0x00006caa                NWK_SyncReq
 .text.nwkPostTask
                0x00006cca       0x44 ../BitCloud_ZIGBIT_1_7_0/BitCloud/Components/../lib\libBc_All_ZigBit_Atmega1281_Rf230_8Mhz_Gcc.a(nwkTaskManager.o)
                0x00006cca                nwkPostTask
 .text.nwkResetTaskManager
                0x00006d0e       0x1a ../BitCloud_ZIGBIT_1_7_0/BitCloud/Components/../lib\libBc_All_ZigBit_Atmega1281_Rf230_8Mhz_Gcc.a(nwkTaskManager.o)
                0x00006d0e                nwkResetTaskManager
 .text.NWK_TaskHandler
                0x00006d28       0xb0 ../BitCloud_ZIGBIT_1_7_0/BitCloud/Components/../lib\libBc_All_ZigBit_Atmega1281_Rf230_8Mhz_Gcc.a(nwkTaskManager.o)
                0x00006d28                NWK_TaskHandler
 .text.nwkDataReqFlushConfirms
                0x00006dd8       0x3c ../BitCloud_ZIGBIT_1_7_0/BitCloud/Components/../lib\libBc_All_ZigBit_Atmega1281_Rf230_8Mhz_Gcc.a(nwkTx.o)
                0x00006dd8                nwkDataReqFlushConfirms
 .text.delayTimerFired
                0x00006e14       0x3e ../BitCloud_ZIGBIT_1_7_0/BitCloud/Components/../lib\libBc_All_ZigBit_Atmega1281_Rf230_8Mhz_Gcc.a(nwkTx.o)
 .text.MAC_DataConf
                0x00006e52       0x62 ../BitCloud_ZIGBIT_1_7_0/BitCloud/Components/../lib\libBc_All_ZigBit_Atmega1281_Rf230_8Mhz_Gcc.a(nwkTx.o)
 .text.nwkTxGetNextHop
                0x00006eb4       0x80 ../BitCloud_ZIGBIT_1_7_0/BitCloud/Components/../lib\libBc_All_ZigBit_Atmega1281_Rf230_8Mhz_Gcc.a(nwkTx.o)
 .text.NWK_RouteDiscoveryConf
                0x00006f34       0x3a ../BitCloud_ZIGBIT_1_7_0/BitCloud/Components/../lib\libBc_All_ZigBit_Atmega1281_Rf230_8Mhz_Gcc.a(nwkTx.o)
 .text.nwkDataReqTaskHandler
                0x00006f6e      0x382 ../BitCloud_ZIGBIT_1_7_0/BitCloud/Components/../lib\libBc_All_ZigBit_Atmega1281_Rf230_8Mhz_Gcc.a(nwkTx.o)
                0x00006f6e                nwkDataReqTaskHandler
 .text.nwkTxCommandReq
                0x000072f0       0x12 ../BitCloud_ZIGBIT_1_7_0/BitCloud/Components/../lib\libBc_All_ZigBit_Atmega1281_Rf230_8Mhz_Gcc.a(nwkTx.o)
                0x000072f0                nwkTxCommandReq
 .text.nwkTxTransitReq
                0x00007302       0x12 ../BitCloud_ZIGBIT_1_7_0/BitCloud/Components/../lib\libBc_All_ZigBit_Atmega1281_Rf230_8Mhz_Gcc.a(nwkTx.o)
                0x00007302                nwkTxTransitReq
 .text.nwkTxReq
                0x00007314       0x12 ../BitCloud_ZIGBIT_1_7_0/BitCloud/Components/../lib\libBc_All_ZigBit_Atmega1281_Rf230_8Mhz_Gcc.a(nwkTx.o)
                0x00007314                nwkTxReq
 .text.nwkResetDataReq
                0x00007326       0x8a ../BitCloud_ZIGBIT_1_7_0/BitCloud/Components/../lib\libBc_All_ZigBit_Atmega1281_Rf230_8Mhz_Gcc.a(nwkTx.o)
                0x00007326                nwkResetDataReq
 .text.phySetFreq
                0x000073b0       0x66 ../BitCloud_ZIGBIT_1_7_0/BitCloud/Components/../lib\libBc_All_ZigBit_Atmega1281_Rf230_8Mhz_Gcc.a(phyInit.o)
                0x000073b0                phySetFreq
 .text.RF_Init  0x00007416       0x58 ../BitCloud_ZIGBIT_1_7_0/BitCloud/Components/../lib\libBc_All_ZigBit_Atmega1281_Rf230_8Mhz_Gcc.a(phyInit.o)
                0x00007416                RF_Init
 .text.phyWriteFrame
                0x0000746e       0x2a ../BitCloud_ZIGBIT_1_7_0/BitCloud/Components/../lib\libBc_All_ZigBit_Atmega1281_Rf230_8Mhz_Gcc.a(phyRfSpiProto.o)
                0x0000746e                phyWriteFrame
 .text.phyReadFrame
                0x00007498       0x22 ../BitCloud_ZIGBIT_1_7_0/BitCloud/Components/../lib\libBc_All_ZigBit_Atmega1281_Rf230_8Mhz_Gcc.a(phyRfSpiProto.o)
                0x00007498                phyReadFrame
 .text.phyReadRegister
                0x000074ba       0x1c ../BitCloud_ZIGBIT_1_7_0/BitCloud/Components/../lib\libBc_All_ZigBit_Atmega1281_Rf230_8Mhz_Gcc.a(phyRfSpiProto.o)
                0x000074ba                phyReadRegister
 .text.phyWriteRegister
                0x000074d6       0x18 ../BitCloud_ZIGBIT_1_7_0/BitCloud/Components/../lib\libBc_All_ZigBit_Atmega1281_Rf230_8Mhz_Gcc.a(phyRfSpiProto.o)
                0x000074d6                phyWriteRegister
 .text.resetQueue
                0x000074ee        0xc ../BitCloud_ZIGBIT_1_7_0/BitCloud/Components/../lib\libBc_All_ZigBit_Atmega1281_Rf230_8Mhz_Gcc.a(queue.o)
                0x000074ee                resetQueue
 .text.putQueueElem
                0x000074fa       0x1e ../BitCloud_ZIGBIT_1_7_0/BitCloud/Components/../lib\libBc_All_ZigBit_Atmega1281_Rf230_8Mhz_Gcc.a(queue.o)
                0x000074fa                putQueueElem
 .text.getQueueElem
                0x00007518        0x8 ../BitCloud_ZIGBIT_1_7_0/BitCloud/Components/../lib\libBc_All_ZigBit_Atmega1281_Rf230_8Mhz_Gcc.a(queue.o)
                0x00007518                getQueueElem
 .text.getNextQueueElement
                0x00007520        0x8 ../BitCloud_ZIGBIT_1_7_0/BitCloud/Components/../lib\libBc_All_ZigBit_Atmega1281_Rf230_8Mhz_Gcc.a(queue.o)
                0x00007520                getNextQueueElement
 .text.deleteHeadQueueElem
                0x00007528       0x2a ../BitCloud_ZIGBIT_1_7_0/BitCloud/Components/../lib\libBc_All_ZigBit_Atmega1281_Rf230_8Mhz_Gcc.a(queue.o)
                0x00007528                deleteHeadQueueElem
 .text.deleteQueueElem
                0x00007552       0x5a ../BitCloud_ZIGBIT_1_7_0/BitCloud/Components/../lib\libBc_All_ZigBit_Atmega1281_Rf230_8Mhz_Gcc.a(queue.o)
                0x00007552                deleteQueueElem
 .text.getNextQueueElem
                0x000075ac       0x14 ../BitCloud_ZIGBIT_1_7_0/BitCloud/Components/../lib\libBc_All_ZigBit_Atmega1281_Rf230_8Mhz_Gcc.a(queue.o)
                0x000075ac                getNextQueueElem
 .text.SYS_RunTask
                0x000075c0       0x74 ../BitCloud_ZIGBIT_1_7_0/BitCloud/Components/../lib\libBc_All_ZigBit_Atmega1281_Rf230_8Mhz_Gcc.a(taskManager.o)
                0x000075c0                SYS_RunTask
 .text.SYS_ForceRunTask
                0x00007634        0x6 ../BitCloud_ZIGBIT_1_7_0/BitCloud/Components/../lib\libBc_All_ZigBit_Atmega1281_Rf230_8Mhz_Gcc.a(taskManager.o)
                0x00007634                SYS_ForceRunTask
 .text.zdoNwkManagerReset
                0x0000763a        0x6 ../BitCloud_ZIGBIT_1_7_0/BitCloud/Components/../lib\libBc_All_ZigBit_Atmega1281_Rf230_8Mhz_Gcc.a(zdoNwkManager.o)
                0x0000763a                zdoNwkManagerReset
 .text.zdoSendDeviceAnnce
                0x00007640       0x8c ../BitCloud_ZIGBIT_1_7_0/BitCloud/Components/../lib\libBc_All_ZigBit_Atmega1281_Rf230_8Mhz_Gcc.a(zdoNwkManager.o)
                0x00007640                zdoSendDeviceAnnce
 .text.NWK_LeaveInd
                0x000076cc       0x7a ../BitCloud_ZIGBIT_1_7_0/BitCloud/Components/../lib\libBc_All_ZigBit_Atmega1281_Rf230_8Mhz_Gcc.a(zdoNwkManager.o)
                0x000076cc                NWK_LeaveInd
 .text.NWK_JoinInd
                0x00007746       0x4a ../BitCloud_ZIGBIT_1_7_0/BitCloud/Components/../lib\libBc_All_ZigBit_Atmega1281_Rf230_8Mhz_Gcc.a(zdoNwkManager.o)
                0x00007746                NWK_JoinInd
 .text.NWK_NwkStatusInd
                0x00007790       0xfe ../BitCloud_ZIGBIT_1_7_0/BitCloud/Components/../lib\libBc_All_ZigBit_Atmega1281_Rf230_8Mhz_Gcc.a(zdoNwkManager.o)
                0x00007790                NWK_NwkStatusInd
 .text.RF_RandomConf
                0x0000788e        0xe ../BitCloud_ZIGBIT_1_7_0/BitCloud/Components/../lib\libBc_All_ZigBit_Atmega1281_Rf230_8Mhz_Gcc.a(zdoStateMachines.o)
 .text.NWK_NetworkFormationConf
                0x0000789c       0x26 ../BitCloud_ZIGBIT_1_7_0/BitCloud/Components/../lib\libBc_All_ZigBit_Atmega1281_Rf230_8Mhz_Gcc.a(zdoStateMachines.o)
 .text.NWK_PermitJoinConf
                0x000078c2       0x2a ../BitCloud_ZIGBIT_1_7_0/BitCloud/Components/../lib\libBc_All_ZigBit_Atmega1281_Rf230_8Mhz_Gcc.a(zdoStateMachines.o)
 .text.NWK_StartRouterConf
                0x000078ec       0x1e ../BitCloud_ZIGBIT_1_7_0/BitCloud/Components/../lib\libBc_All_ZigBit_Atmega1281_Rf230_8Mhz_Gcc.a(zdoStateMachines.o)
 .text.APS_StartConf
                0x0000790a       0x1e ../BitCloud_ZIGBIT_1_7_0/BitCloud/Components/../lib\libBc_All_ZigBit_Atmega1281_Rf230_8Mhz_Gcc.a(zdoStateMachines.o)
 .text.zdoAuthenticationConf
                0x00007928       0x28 ../BitCloud_ZIGBIT_1_7_0/BitCloud/Components/../lib\libBc_All_ZigBit_Atmega1281_Rf230_8Mhz_Gcc.a(zdoStateMachines.o)
                0x00007928                zdoAuthenticationConf
 .text.ZDO_StartNetworkReq
                0x00007950       0x1e ../BitCloud_ZIGBIT_1_7_0/BitCloud/Components/../lib\libBc_All_ZigBit_Atmega1281_Rf230_8Mhz_Gcc.a(zdoStateMachines.o)
                0x00007950                ZDO_StartNetworkReq
 .text.timerFired
                0x0000796e        0x8 ../BitCloud_ZIGBIT_1_7_0/BitCloud/Components/../lib\libBc_All_ZigBit_Atmega1281_Rf230_8Mhz_Gcc.a(zdoStateMachines.o)
 .text.APS_StopConf
                0x00007976        0x8 ../BitCloud_ZIGBIT_1_7_0/BitCloud/Components/../lib\libBc_All_ZigBit_Atmega1281_Rf230_8Mhz_Gcc.a(zdoStateMachines.o)
 .text.setNetworkParametersToZib
                0x0000797e       0x46 ../BitCloud_ZIGBIT_1_7_0/BitCloud/Components/../lib\libBc_All_ZigBit_Atmega1281_Rf230_8Mhz_Gcc.a(zdoStateMachines.o)
 .text.startTimer
                0x000079c4       0x3c ../BitCloud_ZIGBIT_1_7_0/BitCloud/Components/../lib\libBc_All_ZigBit_Atmega1281_Rf230_8Mhz_Gcc.a(zdoStateMachines.o)
 .text.NWK_JoinConf
                0x00007a00       0x66 ../BitCloud_ZIGBIT_1_7_0/BitCloud/Components/../lib\libBc_All_ZigBit_Atmega1281_Rf230_8Mhz_Gcc.a(zdoStateMachines.o)
 .text.NWK_NetworkDiscoveryConf
                0x00007a66       0x96 ../BitCloud_ZIGBIT_1_7_0/BitCloud/Components/../lib\libBc_All_ZigBit_Atmega1281_Rf230_8Mhz_Gcc.a(zdoStateMachines.o)
 .text.zdoReset
                0x00007afc       0x5c ../BitCloud_ZIGBIT_1_7_0/BitCloud/Components/../lib\libBc_All_ZigBit_Atmega1281_Rf230_8Mhz_Gcc.a(zdoStateMachines.o)
 .text.APS_ResetConf
                0x00007b58       0x9c ../BitCloud_ZIGBIT_1_7_0/BitCloud/Components/../lib\libBc_All_ZigBit_Atmega1281_Rf230_8Mhz_Gcc.a(zdoStateMachines.o)
 .text.APS_ResetConfReset
                0x00007bf4       0x2e ../BitCloud_ZIGBIT_1_7_0/BitCloud/Components/../lib\libBc_All_ZigBit_Atmega1281_Rf230_8Mhz_Gcc.a(zdoStateMachines.o)
 .text.deviceAnnceConf
                0x00007c22       0x98 ../BitCloud_ZIGBIT_1_7_0/BitCloud/Components/../lib\libBc_All_ZigBit_Atmega1281_Rf230_8Mhz_Gcc.a(zdoStateMachines.o)
 .text.zdoStateMachineHandler
                0x00007cba      0x574 ../BitCloud_ZIGBIT_1_7_0/BitCloud/Components/../lib\libBc_All_ZigBit_Atmega1281_Rf230_8Mhz_Gcc.a(zdoStateMachines.o)
                0x00007cba                zdoStateMachineHandler
 .text.zdoStateMachineLeave
                0x0000822e       0xa4 ../BitCloud_ZIGBIT_1_7_0/BitCloud/Components/../lib\libBc_All_ZigBit_Atmega1281_Rf230_8Mhz_Gcc.a(zdoStateMachines.o)
                0x0000822e                zdoStateMachineLeave
 .text.zdoPostTask
                0x000082d2       0x3c ../BitCloud_ZIGBIT_1_7_0/BitCloud/Components/../lib\libBc_All_ZigBit_Atmega1281_Rf230_8Mhz_Gcc.a(zdoTaskManager.o)
                0x000082d2                zdoPostTask
 .text.ZDO_TaskHandler
                0x0000830e       0x7a ../BitCloud_ZIGBIT_1_7_0/BitCloud/Components/../lib\libBc_All_ZigBit_Atmega1281_Rf230_8Mhz_Gcc.a(zdoTaskManager.o)
                0x0000830e                ZDO_TaskHandler
 .text.zdoZdpFrameProcessorReset
                0x00008388       0x36 ../BitCloud_ZIGBIT_1_7_0/BitCloud/Components/../lib\libBc_All_ZigBit_Atmega1281_Rf230_8Mhz_Gcc.a(zdoZdpFrameProcessor.o)
                0x00008388                zdoZdpFrameProcessorReset
 .text.zdoSetZdpIndState
                0x000083be       0x10 ../BitCloud_ZIGBIT_1_7_0/BitCloud/Components/../lib\libBc_All_ZigBit_Atmega1281_Rf230_8Mhz_Gcc.a(zdoZdpFrameProcessor.o)
                0x000083be                zdoSetZdpIndState
 .text.zdoZdpSendRequest
                0x000083ce       0x10 ../BitCloud_ZIGBIT_1_7_0/BitCloud/Components/../lib\libBc_All_ZigBit_Atmega1281_Rf230_8Mhz_Gcc.a(zdoZdpFrameProcessor.o)
                0x000083ce                zdoZdpSendRequest
 .text.zdoSetZdpDataReqState
                0x000083de       0x22 ../BitCloud_ZIGBIT_1_7_0/BitCloud/Components/../lib\libBc_All_ZigBit_Atmega1281_Rf230_8Mhz_Gcc.a(zdoZdpFrameProcessor.o)
                0x000083de                zdoSetZdpDataReqState
 .text.zdoZdpApsConfCallback
                0x00008400       0x50 ../BitCloud_ZIGBIT_1_7_0/BitCloud/Components/../lib\libBc_All_ZigBit_Atmega1281_Rf230_8Mhz_Gcc.a(zdoZdpFrameProcessor.o)
                0x00008400                zdoZdpApsConfCallback
 .text.APS_ZdoDataInd
                0x00008450      0x13a ../BitCloud_ZIGBIT_1_7_0/BitCloud/Components/../lib\libBc_All_ZigBit_Atmega1281_Rf230_8Mhz_Gcc.a(zdoZdpFrameProcessor.o)
                0x00008450                APS_ZdoDataInd
 .text.zdoZdpPrepareResponse
                0x0000858a       0x34 ../BitCloud_ZIGBIT_1_7_0/BitCloud/Components/../lib\libBc_All_ZigBit_Atmega1281_Rf230_8Mhz_Gcc.a(zdoZdpFrameProcessor.o)
                0x0000858a                zdoZdpPrepareResponse
 .text.zdoZdpFrameProcessorHandler
                0x000085be      0x156 ../BitCloud_ZIGBIT_1_7_0/BitCloud/Components/../lib\libBc_All_ZigBit_Atmega1281_Rf230_8Mhz_Gcc.a(zdoZdpFrameProcessor.o)
                0x000085be                zdoZdpFrameProcessorHandler
 .text.zdoZdpManagerHandler
                0x00008714      0x11e ../BitCloud_ZIGBIT_1_7_0/BitCloud/Components/../lib\libBc_All_ZigBit_Atmega1281_Rf230_8Mhz_Gcc.a(zdoZdpManager.o)
                0x00008714                zdoZdpManagerHandler
 .text.ttlUpdateTimerFired
                0x00008832       0x6c ../BitCloud_ZIGBIT_1_7_0/BitCloud/Components/../lib\libBc_All_ZigBit_Atmega1281_Rf230_8Mhz_Gcc.a(zdoZdpManager.o)
 .text.ZDO_ZdpReq
                0x0000889e       0x7c ../BitCloud_ZIGBIT_1_7_0/BitCloud/Components/../lib\libBc_All_ZigBit_Atmega1281_Rf230_8Mhz_Gcc.a(zdoZdpManager.o)
                0x0000889e                ZDO_ZdpReq
 .text.zdoZdpResetReq
                0x0000891a       0x50 ../BitCloud_ZIGBIT_1_7_0/BitCloud/Components/../lib\libBc_All_ZigBit_Atmega1281_Rf230_8Mhz_Gcc.a(zdoZdpManager.o)
                0x0000891a                zdoZdpResetReq
 .text.zdoInitZIB
                0x0000896a      0x10a ../BitCloud_ZIGBIT_1_7_0/BitCloud/Components/../lib\libBc_All_ZigBit_Atmega1281_Rf230_8Mhz_Gcc.a(zib.o)
                0x0000896a                zdoInitZIB
 .text.apsAIBManagerProcess
                0x00008a74        0x2 ../BitCloud_ZIGBIT_1_7_0/BitCloud/Components/../lib\libBc_All_ZigBit_Atmega1281_Rf230_8Mhz_Gcc.a(apsAibManager.o)
                0x00008a74                apsAIBManagerProcess
 .text.apsResetAibManager
                0x00008a76       0x12 ../BitCloud_ZIGBIT_1_7_0/BitCloud/Components/../lib\libBc_All_ZigBit_Atmega1281_Rf230_8Mhz_Gcc.a(apsAibManager.o)
                0x00008a76                apsResetAibManager
 .text.apsFindBindSrcEntry
                0x00008a88       0xc2 ../BitCloud_ZIGBIT_1_7_0/BitCloud/Components/../lib\libBc_All_ZigBit_Atmega1281_Rf230_8Mhz_Gcc.a(apsBindManager.o)
                0x00008a88                apsFindBindSrcEntry
 .text.apsGetNextBindDestEntryIndex
                0x00008b4a       0x36 ../BitCloud_ZIGBIT_1_7_0/BitCloud/Components/../lib\libBc_All_ZigBit_Atmega1281_Rf230_8Mhz_Gcc.a(apsBindManager.o)
                0x00008b4a                apsGetNextBindDestEntryIndex
 .text.apsResetBindManager
                0x00008b80       0x68 ../BitCloud_ZIGBIT_1_7_0/BitCloud/Components/../lib\libBc_All_ZigBit_Atmega1281_Rf230_8Mhz_Gcc.a(apsBindManager.o)
                0x00008b80                apsResetBindManager
 .text.APS_UnbindReq
                0x00008be8      0x134 ../BitCloud_ZIGBIT_1_7_0/BitCloud/Components/../lib\libBc_All_ZigBit_Atmega1281_Rf230_8Mhz_Gcc.a(apsBindManager.o)
                0x00008be8                APS_UnbindReq
 .text.APS_BindReq
                0x00008d1c      0x1f8 ../BitCloud_ZIGBIT_1_7_0/BitCloud/Components/../lib\libBc_All_ZigBit_Atmega1281_Rf230_8Mhz_Gcc.a(apsBindManager.o)
                0x00008d1c                APS_BindReq
 .text.MAC_PHY_HWD_TaskHandler
                0x00008f14      0x1f2 ../BitCloud_ZIGBIT_1_7_0/BitCloud/Components/../lib\libBc_All_ZigBit_Atmega1281_Rf230_8Mhz_Gcc.a(machwdManager.o)
                0x00008f14                MAC_PHY_HWD_TaskHandler
 .text.MACHWD_Reset
                0x00009106       0x46 ../BitCloud_ZIGBIT_1_7_0/BitCloud/Components/../lib\libBc_All_ZigBit_Atmega1281_Rf230_8Mhz_Gcc.a(machwdManager.o)
                0x00009106                MACHWD_Reset
 .text.putReqInQueue
                0x0000914c       0x58 ../BitCloud_ZIGBIT_1_7_0/BitCloud/Components/../lib\libBc_All_ZigBit_Atmega1281_Rf230_8Mhz_Gcc.a(machwdManager.o)
 .text.RF_RandomReq
                0x000091a4        0xe ../BitCloud_ZIGBIT_1_7_0/BitCloud/Components/../lib\libBc_All_ZigBit_Atmega1281_Rf230_8Mhz_Gcc.a(machwdManager.o)
                0x000091a4                RF_RandomReq
 .text.MACHWD_EdReq
                0x000091b2        0xe ../BitCloud_ZIGBIT_1_7_0/BitCloud/Components/../lib\libBc_All_ZigBit_Atmega1281_Rf230_8Mhz_Gcc.a(machwdManager.o)
                0x000091b2                MACHWD_EdReq
 .text.MACHWD_SetReq
                0x000091c0        0xe ../BitCloud_ZIGBIT_1_7_0/BitCloud/Components/../lib\libBc_All_ZigBit_Atmega1281_Rf230_8Mhz_Gcc.a(machwdManager.o)
                0x000091c0                MACHWD_SetReq
 .text.MACHWD_SetTrxStateReq
                0x000091ce        0xe ../BitCloud_ZIGBIT_1_7_0/BitCloud/Components/../lib\libBc_All_ZigBit_Atmega1281_Rf230_8Mhz_Gcc.a(machwdManager.o)
                0x000091ce                MACHWD_SetTrxStateReq
 .text.MACHWD_DataReq
                0x000091dc        0xa ../BitCloud_ZIGBIT_1_7_0/BitCloud/Components/../lib\libBc_All_ZigBit_Atmega1281_Rf230_8Mhz_Gcc.a(machwdManager.o)
                0x000091dc                MACHWD_DataReq
 .text.machwdReset
                0x000091e6       0xba ../BitCloud_ZIGBIT_1_7_0/BitCloud/Components/../lib\libBc_All_ZigBit_Atmega1281_Rf230_8Mhz_Gcc.a(machwdResetHandler.o)
                0x000091e6                machwdReset
 .text.machwdRndReqHandler
                0x000092a0       0x14 ../BitCloud_ZIGBIT_1_7_0/BitCloud/Components/../lib\libBc_All_ZigBit_Atmega1281_Rf230_8Mhz_Gcc.a(machwdRndHandler.o)
                0x000092a0                machwdRndReqHandler
 .text.machwdNextBuffer
                0x000092b4       0x10 ../BitCloud_ZIGBIT_1_7_0/BitCloud/Components/../lib\libBc_All_ZigBit_Atmega1281_Rf230_8Mhz_Gcc.a(machwdRxBuffer.o)
                0x000092b4                machwdNextBuffer
 .text.machwdReleaseBuffer
                0x000092c4       0x62 ../BitCloud_ZIGBIT_1_7_0/BitCloud/Components/../lib\libBc_All_ZigBit_Atmega1281_Rf230_8Mhz_Gcc.a(machwdRxBuffer.o)
                0x000092c4                machwdReleaseBuffer
 .text.machwdNextBufferPresent
                0x00009326       0x22 ../BitCloud_ZIGBIT_1_7_0/BitCloud/Components/../lib\libBc_All_ZigBit_Atmega1281_Rf230_8Mhz_Gcc.a(machwdRxBuffer.o)
                0x00009326                machwdNextBufferPresent
 .text.machwdResetRxBuffer
                0x00009348       0x62 ../BitCloud_ZIGBIT_1_7_0/BitCloud/Components/../lib\libBc_All_ZigBit_Atmega1281_Rf230_8Mhz_Gcc.a(machwdRxBuffer.o)
                0x00009348                machwdResetRxBuffer
 .text.machwdRxFrameIndTaskHandler
                0x000093aa      0x11e ../BitCloud_ZIGBIT_1_7_0/BitCloud/Components/../lib\libBc_All_ZigBit_Atmega1281_Rf230_8Mhz_Gcc.a(machwdRxFrameHandler.o)
                0x000093aa                machwdRxFrameIndTaskHandler
 .text.machwdRxFrameTaskHandler
                0x000094c8       0x46 ../BitCloud_ZIGBIT_1_7_0/BitCloud/Components/../lib\libBc_All_ZigBit_Atmega1281_Rf230_8Mhz_Gcc.a(machwdRxFrameHandler.o)
                0x000094c8                machwdRxFrameTaskHandler
 .text.machwdIsBeaconRxMode
                0x0000950e        0x6 ../BitCloud_ZIGBIT_1_7_0/BitCloud/Components/../lib\libBc_All_ZigBit_Atmega1281_Rf230_8Mhz_Gcc.a(machwdSetHandler.o)
                0x0000950e                machwdIsBeaconRxMode
 .text.machwdResetSetHandler
                0x00009514        0xe ../BitCloud_ZIGBIT_1_7_0/BitCloud/Components/../lib\libBc_All_ZigBit_Atmega1281_Rf230_8Mhz_Gcc.a(machwdSetHandler.o)
                0x00009514                machwdResetSetHandler
 .text.executeSetReq
                0x00009522       0x98 ../BitCloud_ZIGBIT_1_7_0/BitCloud/Components/../lib\libBc_All_ZigBit_Atmega1281_Rf230_8Mhz_Gcc.a(machwdSetHandler.o)
 .text.machwdSetTaskHandler
                0x000095ba       0x2e ../BitCloud_ZIGBIT_1_7_0/BitCloud/Components/../lib\libBc_All_ZigBit_Atmega1281_Rf230_8Mhz_Gcc.a(machwdSetHandler.o)
                0x000095ba                machwdSetTaskHandler
 .text.machwdSetReqHandler
                0x000095e8      0x116 ../BitCloud_ZIGBIT_1_7_0/BitCloud/Components/../lib\libBc_All_ZigBit_Atmega1281_Rf230_8Mhz_Gcc.a(machwdSetHandler.o)
                0x000095e8                machwdSetReqHandler
 .text.machwdConvertTrxCmdToTrxState
                0x000096fe       0x16 ../BitCloud_ZIGBIT_1_7_0/BitCloud/Components/../lib\libBc_All_ZigBit_Atmega1281_Rf230_8Mhz_Gcc.a(machwdTrxCtrl.o)
                0x000096fe                machwdConvertTrxCmdToTrxState
 .text.machwdConvertTrxStateToTrxCmd
                0x00009714       0x1e ../BitCloud_ZIGBIT_1_7_0/BitCloud/Components/../lib\libBc_All_ZigBit_Atmega1281_Rf230_8Mhz_Gcc.a(machwdTrxCtrl.o)
                0x00009714                machwdConvertTrxStateToTrxCmd
 .text.machwdGetPhyTrxCmd
                0x00009732       0x22 ../BitCloud_ZIGBIT_1_7_0/BitCloud/Components/../lib\libBc_All_ZigBit_Atmega1281_Rf230_8Mhz_Gcc.a(machwdTrxCtrl.o)
                0x00009732                machwdGetPhyTrxCmd
 .text.machwdSendTrxCmd
                0x00009754        0xe ../BitCloud_ZIGBIT_1_7_0/BitCloud/Components/../lib\libBc_All_ZigBit_Atmega1281_Rf230_8Mhz_Gcc.a(machwdTrxCtrl.o)
                0x00009754                machwdSendTrxCmd
 .text.machwdResetTrxHandler
                0x00009762        0x6 ../BitCloud_ZIGBIT_1_7_0/BitCloud/Components/../lib\libBc_All_ZigBit_Atmega1281_Rf230_8Mhz_Gcc.a(machwdTrxHandler.o)
                0x00009762                machwdResetTrxHandler
 .text.machwdTrxTaskHandler
                0x00009768       0x30 ../BitCloud_ZIGBIT_1_7_0/BitCloud/Components/../lib\libBc_All_ZigBit_Atmega1281_Rf230_8Mhz_Gcc.a(machwdTrxHandler.o)
                0x00009768                machwdTrxTaskHandler
 .text.machwdTrxReqHandler
                0x00009798       0x46 ../BitCloud_ZIGBIT_1_7_0/BitCloud/Components/../lib\libBc_All_ZigBit_Atmega1281_Rf230_8Mhz_Gcc.a(machwdTrxHandler.o)
                0x00009798                machwdTrxReqHandler
 .text.machwdResetTxFrameHandler
                0x000097de        0xa ../BitCloud_ZIGBIT_1_7_0/BitCloud/Components/../lib\libBc_All_ZigBit_Atmega1281_Rf230_8Mhz_Gcc.a(machwdTxFrameHandler.o)
                0x000097de                machwdResetTxFrameHandler
 .text.executePhyDataReq
                0x000097e8       0x14 ../BitCloud_ZIGBIT_1_7_0/BitCloud/Components/../lib\libBc_All_ZigBit_Atmega1281_Rf230_8Mhz_Gcc.a(machwdTxFrameHandler.o)
 .text.executeDataReq
                0x000097fc       0x24 ../BitCloud_ZIGBIT_1_7_0/BitCloud/Components/../lib\libBc_All_ZigBit_Atmega1281_Rf230_8Mhz_Gcc.a(machwdTxFrameHandler.o)
 .text.machwdTxFrameTaskHandler
                0x00009820       0xa2 ../BitCloud_ZIGBIT_1_7_0/BitCloud/Components/../lib\libBc_All_ZigBit_Atmega1281_Rf230_8Mhz_Gcc.a(machwdTxFrameHandler.o)
                0x00009820                machwdTxFrameTaskHandler
 .text.machwdTxFrameReqHandler
                0x000098c2       0x48 ../BitCloud_ZIGBIT_1_7_0/BitCloud/Components/../lib\libBc_All_ZigBit_Atmega1281_Rf230_8Mhz_Gcc.a(machwdTxFrameHandler.o)
                0x000098c2                machwdTxFrameReqHandler
 .text.machwiSendPollInd
                0x0000990a       0x12 ../BitCloud_ZIGBIT_1_7_0/BitCloud/Components/../lib\libBc_All_ZigBit_Atmega1281_Rf230_8Mhz_Gcc.a(machwiManager.o)
                0x0000990a                machwiSendPollInd
 .text.machwiSendOrphanInd
                0x0000991c       0x12 ../BitCloud_ZIGBIT_1_7_0/BitCloud/Components/../lib\libBc_All_ZigBit_Atmega1281_Rf230_8Mhz_Gcc.a(machwiManager.o)
                0x0000991c                machwiSendOrphanInd
 .text.machwiSendSyncLossNotifyInd
                0x0000992e       0x12 ../BitCloud_ZIGBIT_1_7_0/BitCloud/Components/../lib\libBc_All_ZigBit_Atmega1281_Rf230_8Mhz_Gcc.a(machwiManager.o)
                0x0000992e                machwiSendSyncLossNotifyInd
 .text.machwiSendBeaconNotifyInd
                0x00009940       0x12 ../BitCloud_ZIGBIT_1_7_0/BitCloud/Components/../lib\libBc_All_ZigBit_Atmega1281_Rf230_8Mhz_Gcc.a(machwiManager.o)
                0x00009940                machwiSendBeaconNotifyInd
 .text.machwiSendDataInd
                0x00009952       0x12 ../BitCloud_ZIGBIT_1_7_0/BitCloud/Components/../lib\libBc_All_ZigBit_Atmega1281_Rf230_8Mhz_Gcc.a(machwiManager.o)
                0x00009952                machwiSendDataInd
 .text.machwiSendAssociateInd
                0x00009964       0x12 ../BitCloud_ZIGBIT_1_7_0/BitCloud/Components/../lib\libBc_All_ZigBit_Atmega1281_Rf230_8Mhz_Gcc.a(machwiManager.o)
                0x00009964                machwiSendAssociateInd
 .text.putReqInQueue
                0x00009976       0x2c ../BitCloud_ZIGBIT_1_7_0/BitCloud/Components/../lib\libBc_All_ZigBit_Atmega1281_Rf230_8Mhz_Gcc.a(machwiManager.o)
 .text.MAC_DataReq
                0x000099a2        0xe ../BitCloud_ZIGBIT_1_7_0/BitCloud/Components/../lib\libBc_All_ZigBit_Atmega1281_Rf230_8Mhz_Gcc.a(machwiManager.o)
                0x000099a2                MAC_DataReq
 .text.MAC_PollReq
                0x000099b0        0xe ../BitCloud_ZIGBIT_1_7_0/BitCloud/Components/../lib\libBc_All_ZigBit_Atmega1281_Rf230_8Mhz_Gcc.a(machwiManager.o)
                0x000099b0                MAC_PollReq
 .text.MAC_StartReq
                0x000099be        0xe ../BitCloud_ZIGBIT_1_7_0/BitCloud/Components/../lib\libBc_All_ZigBit_Atmega1281_Rf230_8Mhz_Gcc.a(machwiManager.o)
                0x000099be                MAC_StartReq
 .text.MAC_SetReq
                0x000099cc        0xe ../BitCloud_ZIGBIT_1_7_0/BitCloud/Components/../lib\libBc_All_ZigBit_Atmega1281_Rf230_8Mhz_Gcc.a(machwiManager.o)
                0x000099cc                MAC_SetReq
 .text.MAC_ScanReq
                0x000099da        0xe ../BitCloud_ZIGBIT_1_7_0/BitCloud/Components/../lib\libBc_All_ZigBit_Atmega1281_Rf230_8Mhz_Gcc.a(machwiManager.o)
                0x000099da                MAC_ScanReq
 .text.MAC_RxEnableReq
                0x000099e8        0xe ../BitCloud_ZIGBIT_1_7_0/BitCloud/Components/../lib\libBc_All_ZigBit_Atmega1281_Rf230_8Mhz_Gcc.a(machwiManager.o)
                0x000099e8                MAC_RxEnableReq
 .text.MAC_GetReq
                0x000099f6        0xe ../BitCloud_ZIGBIT_1_7_0/BitCloud/Components/../lib\libBc_All_ZigBit_Atmega1281_Rf230_8Mhz_Gcc.a(machwiManager.o)
                0x000099f6                MAC_GetReq
 .text.MAC_AssociateResp
                0x00009a04        0xe ../BitCloud_ZIGBIT_1_7_0/BitCloud/Components/../lib\libBc_All_ZigBit_Atmega1281_Rf230_8Mhz_Gcc.a(machwiManager.o)
                0x00009a04                MAC_AssociateResp
 .text.MAC_AssociateReq
                0x00009a12        0xe ../BitCloud_ZIGBIT_1_7_0/BitCloud/Components/../lib\libBc_All_ZigBit_Atmega1281_Rf230_8Mhz_Gcc.a(machwiManager.o)
                0x00009a12                MAC_AssociateReq
 .text.MAC_ResetReq
                0x00009a20       0x5c ../BitCloud_ZIGBIT_1_7_0/BitCloud/Components/../lib\libBc_All_ZigBit_Atmega1281_Rf230_8Mhz_Gcc.a(machwiManager.o)
                0x00009a20                MAC_ResetReq
 .text.machwiSendConfToUpperLayer
                0x00009a7c       0xae ../BitCloud_ZIGBIT_1_7_0/BitCloud/Components/../lib\libBc_All_ZigBit_Atmega1281_Rf230_8Mhz_Gcc.a(machwiManager.o)
                0x00009a7c                machwiSendConfToUpperLayer
 .text.MAC_HWI_TaskHandler
                0x00009b2a       0xb8 ../BitCloud_ZIGBIT_1_7_0/BitCloud/Components/../lib\libBc_All_ZigBit_Atmega1281_Rf230_8Mhz_Gcc.a(machwiManager.o)
                0x00009b2a                MAC_HWI_TaskHandler
 .text.machwiOrphanNotificationInd
                0x00009be2       0x4a ../BitCloud_ZIGBIT_1_7_0/BitCloud/Components/../lib\libBc_All_ZigBit_Atmega1281_Rf230_8Mhz_Gcc.a(machwiOrphanHandler.o)
                0x00009be2                machwiOrphanNotificationInd
 .text.machwiOrphanRespHandler
                0x00009c2c      0x152 ../BitCloud_ZIGBIT_1_7_0/BitCloud/Components/../lib\libBc_All_ZigBit_Atmega1281_Rf230_8Mhz_Gcc.a(machwiOrphanHandler.o)
                0x00009c2c                machwiOrphanRespHandler
 .text.machwdDataConfirm
                0x00009d7e       0x2a ../BitCloud_ZIGBIT_1_7_0/BitCloud/Components/../lib\libBc_All_ZigBit_Atmega1281_Rf230_8Mhz_Gcc.a(machwiOrphanHandler.o)
 .text.machwiEnableBeaconTransmission
                0x00009da8        0x8 ../BitCloud_ZIGBIT_1_7_0/BitCloud/Components/../lib\libBc_All_ZigBit_Atmega1281_Rf230_8Mhz_Gcc.a(machwiPanServer.o)
                0x00009da8                machwiEnableBeaconTransmission
 .text.machwiResetPanServer
                0x00009db0        0x6 ../BitCloud_ZIGBIT_1_7_0/BitCloud/Components/../lib\libBc_All_ZigBit_Atmega1281_Rf230_8Mhz_Gcc.a(machwiPanServer.o)
                0x00009db0                machwiResetPanServer
 .text.MACHWD_DataInd
                0x00009db6       0x6e ../BitCloud_ZIGBIT_1_7_0/BitCloud/Components/../lib\libBc_All_ZigBit_Atmega1281_Rf230_8Mhz_Gcc.a(machwiPanServer.o)
                0x00009db6                MACHWD_DataInd
 .text.machwiResetPollHandler
                0x00009e24        0x6 ../BitCloud_ZIGBIT_1_7_0/BitCloud/Components/../lib\libBc_All_ZigBit_Atmega1281_Rf230_8Mhz_Gcc.a(machwiPollHandler.o)
                0x00009e24                machwiResetPollHandler
 .text.machwiPollReqHandler
                0x00009e2a      0x110 ../BitCloud_ZIGBIT_1_7_0/BitCloud/Components/../lib\libBc_All_ZigBit_Atmega1281_Rf230_8Mhz_Gcc.a(machwiPollHandler.o)
                0x00009e2a                machwiPollReqHandler
 .text.completeHandling
                0x00009f3a       0x1a ../BitCloud_ZIGBIT_1_7_0/BitCloud/Components/../lib\libBc_All_ZigBit_Atmega1281_Rf230_8Mhz_Gcc.a(machwiPollHandler.o)
 .text.machwdDataConfirm
                0x00009f54       0x6a ../BitCloud_ZIGBIT_1_7_0/BitCloud/Components/../lib\libBc_All_ZigBit_Atmega1281_Rf230_8Mhz_Gcc.a(machwiPollHandler.o)
 .text.halPollTimerFired
                0x00009fbe        0x6 ../BitCloud_ZIGBIT_1_7_0/BitCloud/Components/../lib\libBc_All_ZigBit_Atmega1281_Rf230_8Mhz_Gcc.a(machwiPollHandler.o)
 .text.switchingCompleted
                0x00009fc4       0x22 ../BitCloud_ZIGBIT_1_7_0/BitCloud/Components/../lib\libBc_All_ZigBit_Atmega1281_Rf230_8Mhz_Gcc.a(machwiPollHandler.o)
 .text.machwiDataIndication
                0x00009fe6      0x206 ../BitCloud_ZIGBIT_1_7_0/BitCloud/Components/../lib\libBc_All_ZigBit_Atmega1281_Rf230_8Mhz_Gcc.a(machwiPollHandler.o)
                0x00009fe6                machwiDataIndication
 .text.machwiPollInd
                0x0000a1ec       0x5c ../BitCloud_ZIGBIT_1_7_0/BitCloud/Components/../lib\libBc_All_ZigBit_Atmega1281_Rf230_8Mhz_Gcc.a(machwiPollHandler.o)
                0x0000a1ec                machwiPollInd
 .text.machwiPurgeReqHandler
                0x0000a248       0x2e ../BitCloud_ZIGBIT_1_7_0/BitCloud/Components/../lib\libBc_All_ZigBit_Atmega1281_Rf230_8Mhz_Gcc.a(machwiPurgeHandler.o)
                0x0000a248                machwiPurgeReqHandler
 .text.machwiResetReqHandler
                0x0000a276       0xc2 ../BitCloud_ZIGBIT_1_7_0/BitCloud/Components/../lib\libBc_All_ZigBit_Atmega1281_Rf230_8Mhz_Gcc.a(machwiResetHandler.o)
                0x0000a276                machwiResetReqHandler
 .text.machwdSetConfirm
                0x0000a338       0x1c ../BitCloud_ZIGBIT_1_7_0/BitCloud/Components/../lib\libBc_All_ZigBit_Atmega1281_Rf230_8Mhz_Gcc.a(machwiResetHandler.o)
 .text.machwdSetTrxStateConfirm
                0x0000a354       0x14 ../BitCloud_ZIGBIT_1_7_0/BitCloud/Components/../lib\libBc_All_ZigBit_Atmega1281_Rf230_8Mhz_Gcc.a(machwiResetHandler.o)
 .text.machwiRxEnableReqHandler
                0x0000a368       0x4c ../BitCloud_ZIGBIT_1_7_0/BitCloud/Components/../lib\libBc_All_ZigBit_Atmega1281_Rf230_8Mhz_Gcc.a(machwiRxEnableHandler.o)
                0x0000a368                machwiRxEnableReqHandler
 .text.machwdSetTrxStateConfirm
                0x0000a3b4       0x18 ../BitCloud_ZIGBIT_1_7_0/BitCloud/Components/../lib\libBc_All_ZigBit_Atmega1281_Rf230_8Mhz_Gcc.a(machwiRxEnableHandler.o)
 .text.machwiResetScanHandler
                0x0000a3cc        0x6 ../BitCloud_ZIGBIT_1_7_0/BitCloud/Components/../lib\libBc_All_ZigBit_Atmega1281_Rf230_8Mhz_Gcc.a(machwiScanHandler.o)
                0x0000a3cc                machwiResetScanHandler
 .text.machwiCoordRealignmentCommandInd
                0x0000a3d2      0x164 ../BitCloud_ZIGBIT_1_7_0/BitCloud/Components/../lib\libBc_All_ZigBit_Atmega1281_Rf230_8Mhz_Gcc.a(machwiScanHandler.o)
                0x0000a3d2                machwiCoordRealignmentCommandInd
 .text.setNextChannel
                0x0000a536       0xb6 ../BitCloud_ZIGBIT_1_7_0/BitCloud/Components/../lib\libBc_All_ZigBit_Atmega1281_Rf230_8Mhz_Gcc.a(machwiScanHandler.o)
 .text.switchToActiveChannel
                0x0000a5ec       0x6c ../BitCloud_ZIGBIT_1_7_0/BitCloud/Components/../lib\libBc_All_ZigBit_Atmega1281_Rf230_8Mhz_Gcc.a(machwiScanHandler.o)
 .text.halScanTimerFired
                0x0000a658       0x2a ../BitCloud_ZIGBIT_1_7_0/BitCloud/Components/../lib\libBc_All_ZigBit_Atmega1281_Rf230_8Mhz_Gcc.a(machwiScanHandler.o)
 .text.machwdDataConfirm
                0x0000a682       0x76 ../BitCloud_ZIGBIT_1_7_0/BitCloud/Components/../lib\libBc_All_ZigBit_Atmega1281_Rf230_8Mhz_Gcc.a(machwiScanHandler.o)
 .text.machwdEdConfirm
                0x0000a6f8       0xf2 ../BitCloud_ZIGBIT_1_7_0/BitCloud/Components/../lib\libBc_All_ZigBit_Atmega1281_Rf230_8Mhz_Gcc.a(machwiScanHandler.o)
 .text.trxStateHandling
                0x0000a7ea       0x20 ../BitCloud_ZIGBIT_1_7_0/BitCloud/Components/../lib\libBc_All_ZigBit_Atmega1281_Rf230_8Mhz_Gcc.a(machwiScanHandler.o)
 .text.generateScanConfirm
                0x0000a80a       0x22 ../BitCloud_ZIGBIT_1_7_0/BitCloud/Components/../lib\libBc_All_ZigBit_Atmega1281_Rf230_8Mhz_Gcc.a(machwiScanHandler.o)
 .text.machwdSetConfirm
                0x0000a82c      0x44e ../BitCloud_ZIGBIT_1_7_0/BitCloud/Components/../lib\libBc_All_ZigBit_Atmega1281_Rf230_8Mhz_Gcc.a(machwiScanHandler.o)
 .text.machwdSetTrxStateConfirm
                0x0000ac7a      0x108 ../BitCloud_ZIGBIT_1_7_0/BitCloud/Components/../lib\libBc_All_ZigBit_Atmega1281_Rf230_8Mhz_Gcc.a(machwiScanHandler.o)
 .text.machwiBeaconInd
                0x0000ad82      0x2f6 ../BitCloud_ZIGBIT_1_7_0/BitCloud/Components/../lib\libBc_All_ZigBit_Atmega1281_Rf230_8Mhz_Gcc.a(machwiScanHandler.o)
                0x0000ad82                machwiBeaconInd
 .text.machwiScanReqHandler
                0x0000b078      0x1f6 ../BitCloud_ZIGBIT_1_7_0/BitCloud/Components/../lib\libBc_All_ZigBit_Atmega1281_Rf230_8Mhz_Gcc.a(machwiScanHandler.o)
                0x0000b078                machwiScanReqHandler
 .text.machwiSetReqHandler
                0x0000b26e       0xb8 ../BitCloud_ZIGBIT_1_7_0/BitCloud/Components/../lib\libBc_All_ZigBit_Atmega1281_Rf230_8Mhz_Gcc.a(machwiSetGetHandler.o)
                0x0000b26e                machwiSetReqHandler
 .text.machwdSetConfirm
                0x0000b326       0x14 ../BitCloud_ZIGBIT_1_7_0/BitCloud/Components/../lib\libBc_All_ZigBit_Atmega1281_Rf230_8Mhz_Gcc.a(machwiSetGetHandler.o)
 .text.machwiGetReqHandler
                0x0000b33a       0x4c ../BitCloud_ZIGBIT_1_7_0/BitCloud/Components/../lib\libBc_All_ZigBit_Atmega1281_Rf230_8Mhz_Gcc.a(machwiSetGetHandler.o)
                0x0000b33a                machwiGetReqHandler
 .text.machwiResetStartHandler
                0x0000b386        0xa ../BitCloud_ZIGBIT_1_7_0/BitCloud/Components/../lib\libBc_All_ZigBit_Atmega1281_Rf230_8Mhz_Gcc.a(machwiStartHandler.o)
                0x0000b386                machwiResetStartHandler
 .text.setHandling
                0x0000b390       0x70 ../BitCloud_ZIGBIT_1_7_0/BitCloud/Components/../lib\libBc_All_ZigBit_Atmega1281_Rf230_8Mhz_Gcc.a(machwiStartHandler.o)
 .text.setStartReqParam
                0x0000b400       0xb2 ../BitCloud_ZIGBIT_1_7_0/BitCloud/Components/../lib\libBc_All_ZigBit_Atmega1281_Rf230_8Mhz_Gcc.a(machwiStartHandler.o)
 .text.generateConfirm
                0x0000b4b2       0x44 ../BitCloud_ZIGBIT_1_7_0/BitCloud/Components/../lib\libBc_All_ZigBit_Atmega1281_Rf230_8Mhz_Gcc.a(machwiStartHandler.o)
 .text.machwiStartReqHandler
                0x0000b4f6       0x44 ../BitCloud_ZIGBIT_1_7_0/BitCloud/Components/../lib\libBc_All_ZigBit_Atmega1281_Rf230_8Mhz_Gcc.a(machwiStartHandler.o)
                0x0000b4f6                machwiStartReqHandler
 .text.machwdSetConfirm
                0x0000b53a      0x160 ../BitCloud_ZIGBIT_1_7_0/BitCloud/Components/../lib\libBc_All_ZigBit_Atmega1281_Rf230_8Mhz_Gcc.a(machwiStartHandler.o)
 .text.machwdDataConfirm
                0x0000b69a       0x3c ../BitCloud_ZIGBIT_1_7_0/BitCloud/Components/../lib\libBc_All_ZigBit_Atmega1281_Rf230_8Mhz_Gcc.a(machwiStartHandler.o)
 .text.machwdSetTrxStateConfirm
                0x0000b6d6        0xc ../BitCloud_ZIGBIT_1_7_0/BitCloud/Components/../lib\libBc_All_ZigBit_Atmega1281_Rf230_8Mhz_Gcc.a(machwiSwitchRxCtrl.o)
 .text.machwiSwitchRxAccordToRxOnWhenIdle
                0x0000b6e2       0x2c ../BitCloud_ZIGBIT_1_7_0/BitCloud/Components/../lib\libBc_All_ZigBit_Atmega1281_Rf230_8Mhz_Gcc.a(machwiSwitchRxCtrl.o)
                0x0000b6e2                machwiSwitchRxAccordToRxOnWhenIdle
 .text.machwiResetTransactionHandler
                0x0000b70e        0xa ../BitCloud_ZIGBIT_1_7_0/BitCloud/Components/../lib\libBc_All_ZigBit_Atmega1281_Rf230_8Mhz_Gcc.a(machwiTransactionHandler.o)
                0x0000b70e                machwiResetTransactionHandler
 .text.machwiSendTransactionEvent
                0x0000b718      0x1c0 ../BitCloud_ZIGBIT_1_7_0/BitCloud/Components/../lib\libBc_All_ZigBit_Atmega1281_Rf230_8Mhz_Gcc.a(machwiTransactionHandler.o)
                0x0000b718                machwiSendTransactionEvent
 .text.machwdDataConfirm
                0x0000b8d8       0xbc ../BitCloud_ZIGBIT_1_7_0/BitCloud/Components/../lib\libBc_All_ZigBit_Atmega1281_Rf230_8Mhz_Gcc.a(machwiTransactionHandler.o)
 .text.machwiResetTransactionQueue
                0x0000b994       0x4c ../BitCloud_ZIGBIT_1_7_0/BitCloud/Components/../lib\libBc_All_ZigBit_Atmega1281_Rf230_8Mhz_Gcc.a(machwiTransactionQueue.o)
                0x0000b994                machwiResetTransactionQueue
 .text.machwiGetActivatedTransactionFromQueue
                0x0000b9e0       0x20 ../BitCloud_ZIGBIT_1_7_0/BitCloud/Components/../lib\libBc_All_ZigBit_Atmega1281_Rf230_8Mhz_Gcc.a(machwiTransactionQueue.o)
                0x0000b9e0                machwiGetActivatedTransactionFromQueue
 .text.transactionTimerFired
                0x0000ba00       0x50 ../BitCloud_ZIGBIT_1_7_0/BitCloud/Components/../lib\libBc_All_ZigBit_Atmega1281_Rf230_8Mhz_Gcc.a(machwiTransactionQueue.o)
 .text.machwiTestAndKickQueueTransactions
                0x0000ba50      0x1ce ../BitCloud_ZIGBIT_1_7_0/BitCloud/Components/../lib\libBc_All_ZigBit_Atmega1281_Rf230_8Mhz_Gcc.a(machwiTransactionQueue.o)
                0x0000ba50                machwiTestAndKickQueueTransactions
 .text.machwiDeleteTransactionFromQueue
                0x0000bc1e       0x20 ../BitCloud_ZIGBIT_1_7_0/BitCloud/Components/../lib\libBc_All_ZigBit_Atmega1281_Rf230_8Mhz_Gcc.a(machwiTransactionQueue.o)
                0x0000bc1e                machwiDeleteTransactionFromQueue
 .text.machwiPurgeTransactionFromQueue
                0x0000bc3e       0x3e ../BitCloud_ZIGBIT_1_7_0/BitCloud/Components/../lib\libBc_All_ZigBit_Atmega1281_Rf230_8Mhz_Gcc.a(machwiTransactionQueue.o)
                0x0000bc3e                machwiPurgeTransactionFromQueue
 .text.machwiFillPendingAddrSpecAndList
                0x0000bc7c      0x220 ../BitCloud_ZIGBIT_1_7_0/BitCloud/Components/../lib\libBc_All_ZigBit_Atmega1281_Rf230_8Mhz_Gcc.a(machwiTransactionQueue.o)
                0x0000bc7c                machwiFillPendingAddrSpecAndList
 .text.machwiPutTransactionToQueue
                0x0000be9c       0x7c ../BitCloud_ZIGBIT_1_7_0/BitCloud/Components/../lib\libBc_All_ZigBit_Atmega1281_Rf230_8Mhz_Gcc.a(machwiTransactionQueue.o)
                0x0000be9c                machwiPutTransactionToQueue
 .text.nwkResetAddrConflict
                0x0000bf18       0x1e ../BitCloud_ZIGBIT_1_7_0/BitCloud/Components/../lib\libBc_All_ZigBit_Atmega1281_Rf230_8Mhz_Gcc.a(nwkAddrConflict.o)
                0x0000bf18                nwkResetAddrConflict
 .text.nwkAddrConflictTaskHandler
                0x0000bf36      0x240 ../BitCloud_ZIGBIT_1_7_0/BitCloud/Components/../lib\libBc_All_ZigBit_Atmega1281_Rf230_8Mhz_Gcc.a(nwkAddrConflict.o)
                0x0000bf36                nwkAddrConflictTaskHandler
 .text.NWK_JoinConf
                0x0000c176       0x44 ../BitCloud_ZIGBIT_1_7_0/BitCloud/Components/../lib\libBc_All_ZigBit_Atmega1281_Rf230_8Mhz_Gcc.a(nwkAddrConflict.o)
 .text.MAC_SetConf
                0x0000c1ba       0x4c ../BitCloud_ZIGBIT_1_7_0/BitCloud/Components/../lib\libBc_All_ZigBit_Atmega1281_Rf230_8Mhz_Gcc.a(nwkAddrConflict.o)
 .text.nwkStatusConf
                0x0000c206       0x10 ../BitCloud_ZIGBIT_1_7_0/BitCloud/Components/../lib\libBc_All_ZigBit_Atmega1281_Rf230_8Mhz_Gcc.a(nwkAddrConflict.o)
 .text.nwkAddrConflictReq
                0x0000c216       0x20 ../BitCloud_ZIGBIT_1_7_0/BitCloud/Components/../lib\libBc_All_ZigBit_Atmega1281_Rf230_8Mhz_Gcc.a(nwkAddrConflict.o)
                0x0000c216                nwkAddrConflictReq
 .text.nwkInitAge
                0x0000c236       0x2e ../BitCloud_ZIGBIT_1_7_0/BitCloud/Components/../lib\libBc_All_ZigBit_Atmega1281_Rf230_8Mhz_Gcc.a(nwkAge.o)
                0x0000c236                nwkInitAge
 .text.nwkUpdateAge
                0x0000c264       0x32 ../BitCloud_ZIGBIT_1_7_0/BitCloud/Components/../lib\libBc_All_ZigBit_Atmega1281_Rf230_8Mhz_Gcc.a(nwkAge.o)
                0x0000c264                nwkUpdateAge
 .text.nwkFindOldestAge
                0x0000c296       0x42 ../BitCloud_ZIGBIT_1_7_0/BitCloud/Components/../lib\libBc_All_ZigBit_Atmega1281_Rf230_8Mhz_Gcc.a(nwkAge.o)
                0x0000c296                nwkFindOldestAge
 .text.nwkResetItemAge
                0x0000c2d8       0x52 ../BitCloud_ZIGBIT_1_7_0/BitCloud/Components/../lib\libBc_All_ZigBit_Atmega1281_Rf230_8Mhz_Gcc.a(nwkAge.o)
                0x0000c2d8                nwkResetItemAge
 .text.nwkGetItemAge
                0x0000c32a        0xe ../BitCloud_ZIGBIT_1_7_0/BitCloud/Components/../lib\libBc_All_ZigBit_Atmega1281_Rf230_8Mhz_Gcc.a(nwkAge.o)
                0x0000c32a                nwkGetItemAge
 .text.nwkResetAge
                0x0000c338       0x42 ../BitCloud_ZIGBIT_1_7_0/BitCloud/Components/../lib\libBc_All_ZigBit_Atmega1281_Rf230_8Mhz_Gcc.a(nwkAge.o)
                0x0000c338                nwkResetAge
 .text.ageTimerFired
                0x0000c37a        0xa ../BitCloud_ZIGBIT_1_7_0/BitCloud/Components/../lib\libBc_All_ZigBit_Atmega1281_Rf230_8Mhz_Gcc.a(nwkAge.o)
 .text.nwkUpdateAgeBTT
                0x0000c384       0x1a ../BitCloud_ZIGBIT_1_7_0/BitCloud/Components/../lib\libBc_All_ZigBit_Atmega1281_Rf230_8Mhz_Gcc.a(nwkBTT.o)
                0x0000c384                nwkUpdateAgeBTT
 .text.nwkCheckBTT