Archive member included because of file (symbol)

../BitCloud_ZIGBIT_1_7_0/BitCloud/Components/../lib\libBc_All_ZigBit_Atmega1281_Rf230_8Mhz_Gcc.a(apsControlManager.o)
                              ./objs/messages.o (APS_RegisterEndpointReq)
../BitCloud_ZIGBIT_1_7_0/BitCloud/Components/../lib\libBc_All_ZigBit_Atmega1281_Rf230_8Mhz_Gcc.a(apsDataManager.o)
                              ../BitCloud_ZIGBIT_1_7_0/BitCloud/Components/../lib\libBc_All_ZigBit_Atmega1281_Rf230_8Mhz_Gcc.a(apsControlManager.o) (APS_CalculateTimes)
../BitCloud_ZIGBIT_1_7_0/BitCloud/Components/../lib\libBc_All_ZigBit_Atmega1281_Rf230_8Mhz_Gcc.a(apsGroupManager.o)
                              ../BitCloud_ZIGBIT_1_7_0/BitCloud/Components/../lib\libBc_All_ZigBit_Atmega1281_Rf230_8Mhz_Gcc.a(apsDataManager.o) (APS_FindGroup)
../BitCloud_ZIGBIT_1_7_0/BitCloud/Components/../lib\libBc_All_ZigBit_Atmega1281_Rf230_8Mhz_Gcc.a(apsStateMachine.o)
                              ../BitCloud_ZIGBIT_1_7_0/BitCloud/Components/../lib\libBc_All_ZigBit_Atmega1281_Rf230_8Mhz_Gcc.a(apsControlManager.o) (apsSetState)
../BitCloud_ZIGBIT_1_7_0/BitCloud/Components/../lib\libBc_All_ZigBit_Atmega1281_Rf230_8Mhz_Gcc.a(apsTaskManager.o)
                              ../BitCloud_ZIGBIT_1_7_0/BitCloud/Components/../lib\libBc_All_ZigBit_Atmega1281_Rf230_8Mhz_Gcc.a(apsControlManager.o) (apsPostTask)
../BitCloud_ZIGBIT_1_7_0/BitCloud/Components/../lib\libBc_All_ZigBit_Atmega1281_Rf230_8Mhz_Gcc.a(apsTimer.o)
                              ../BitCloud_ZIGBIT_1_7_0/BitCloud/Components/../lib\libBc_All_ZigBit_Atmega1281_Rf230_8Mhz_Gcc.a(apsDataManager.o) (apsStopAppTimer)
../BitCloud_ZIGBIT_1_7_0/BitCloud/Components/../lib\libBc_All_ZigBit_Atmega1281_Rf230_8Mhz_Gcc.a(main.o)
                              c:/winavr-20090313/bin/../lib/gcc/avr/4.3.2/../../../../avr/lib/avr51/crtm1281.o (main)
../BitCloud_ZIGBIT_1_7_0/BitCloud/Components/../lib\libBc_All_ZigBit_Atmega1281_Rf230_8Mhz_Gcc.a(nwkAddress.o)
                              ../BitCloud_ZIGBIT_1_7_0/BitCloud/Components/../lib\libBc_All_ZigBit_Atmega1281_Rf230_8Mhz_Gcc.a(apsDataManager.o) (NWK_GetShortAddr)
../BitCloud_ZIGBIT_1_7_0/BitCloud/Components/../lib\libBc_All_ZigBit_Atmega1281_Rf230_8Mhz_Gcc.a(nwkAddressMap.o)
                              ../BitCloud_ZIGBIT_1_7_0/BitCloud/Components/../lib\libBc_All_ZigBit_Atmega1281_Rf230_8Mhz_Gcc.a(apsDataManager.o) (NWK_GetExtByShortAddress)
../BitCloud_ZIGBIT_1_7_0/BitCloud/Components/../lib\libBc_All_ZigBit_Atmega1281_Rf230_8Mhz_Gcc.a(nwkDataReq.o)
                              ../BitCloud_ZIGBIT_1_7_0/BitCloud/Components/../lib\libBc_All_ZigBit_Atmega1281_Rf230_8Mhz_Gcc.a(apsDataManager.o) (NWK_DataReq)
../BitCloud_ZIGBIT_1_7_0/BitCloud/Components/../lib\libBc_All_ZigBit_Atmega1281_Rf230_8Mhz_Gcc.a(nwkFrame.o)
                              ../BitCloud_ZIGBIT_1_7_0/BitCloud/Components/../lib\libBc_All_ZigBit_Atmega1281_Rf230_8Mhz_Gcc.a(nwkDataReq.o) (nwkPrepareCommonFrame)
../BitCloud_ZIGBIT_1_7_0/BitCloud/Components/../lib\libBc_All_ZigBit_Atmega1281_Rf230_8Mhz_Gcc.a(nwkMem.o)
                              ../BitCloud_ZIGBIT_1_7_0/BitCloud/Components/../lib\libBc_All_ZigBit_Atmega1281_Rf230_8Mhz_Gcc.a(nwkAddress.o) (nwkMem)
../BitCloud_ZIGBIT_1_7_0/BitCloud/Components/../lib\libBc_All_ZigBit_Atmega1281_Rf230_8Mhz_Gcc.a(nwkNeighborTable.o)
                              ../BitCloud_ZIGBIT_1_7_0/BitCloud/Components/../lib\libBc_All_ZigBit_Atmega1281_Rf230_8Mhz_Gcc.a(apsDataManager.o) (NWK_FindNeighborByShortAddr)
../BitCloud_ZIGBIT_1_7_0/BitCloud/Components/../lib\libBc_All_ZigBit_Atmega1281_Rf230_8Mhz_Gcc.a(nwkReset.o)
                              ../BitCloud_ZIGBIT_1_7_0/BitCloud/Components/../lib\libBc_All_ZigBit_Atmega1281_Rf230_8Mhz_Gcc.a(apsControlManager.o) (NWK_Init)
../BitCloud_ZIGBIT_1_7_0/BitCloud/Components/../lib\libBc_All_ZigBit_Atmega1281_Rf230_8Mhz_Gcc.a(nwkRouteDiscovery.o)
                              ../BitCloud_ZIGBIT_1_7_0/BitCloud/Components/../lib\libBc_All_ZigBit_Atmega1281_Rf230_8Mhz_Gcc.a(nwkReset.o) (nwkResetRouteDiscovery)
../BitCloud_ZIGBIT_1_7_0/BitCloud/Components/../lib\libBc_All_ZigBit_Atmega1281_Rf230_8Mhz_Gcc.a(nwkRouteReply.o)
                              ../BitCloud_ZIGBIT_1_7_0/BitCloud/Components/../lib\libBc_All_ZigBit_Atmega1281_Rf230_8Mhz_Gcc.a(nwkRouteDiscovery.o) (cmdRouteReplyPrepareMacReq)
../BitCloud_ZIGBIT_1_7_0/BitCloud/Components/../lib\libBc_All_ZigBit_Atmega1281_Rf230_8Mhz_Gcc.a(nwkRouteRequest.o)
                              ../BitCloud_ZIGBIT_1_7_0/BitCloud/Components/../lib\libBc_All_ZigBit_Atmega1281_Rf230_8Mhz_Gcc.a(nwkRouteDiscovery.o) (cmdRouteReqPrepareMacReq)
../BitCloud_ZIGBIT_1_7_0/BitCloud/Components/../lib\libBc_All_ZigBit_Atmega1281_Rf230_8Mhz_Gcc.a(nwkRouteTable.o)
                              ../BitCloud_ZIGBIT_1_7_0/BitCloud/Components/../lib\libBc_All_ZigBit_Atmega1281_Rf230_8Mhz_Gcc.a(nwkRouteDiscovery.o) (nwkRouteRequestId)
[...]
Memory Configuration

Name             Origin             Length             Attributes
text             0x00000000         0x00020000         xr
data             0x00800200         0x00001e0c         rw !x
eeprom           0x00810000         0x00001000         rw !x
*default*        0x00000000         0xffffffff

Linker script and memory map

Address of section .data set to 0x800200
LOAD c:/winavr-20090313/bin/../lib/gcc/avr/4.3.2/../../../../avr/lib/avr51/crtm1281.o

.text           0x00000000    0x17fd0
                0x00000000                PROVIDE (__text_start, .)
 *(.vectors)
 .vectors       0x00000000       0xcc c:/winavr-20090313/bin/../lib/gcc/avr/4.3.2/../../../../avr/lib/avr51/crtm1281.o
                0x00000000                __vectors
                0x00000000                __vector_default
 *(.vectors)
 *(.progmem.gcc*)
 .progmem.gcc_sw_table
                0x000000cc       0x14 ../BitCloud_ZIGBIT_1_7_0/BitCloud/Components/../lib\libBc_All_ZigBit_Atmega1281_Rf230_8Mhz_Gcc.a(nwkReset.o)
 .progmem.gcc_sw_table
                0x000000e0       0x20 ../BitCloud_ZIGBIT_1_7_0/BitCloud/Components/../lib\libBc_All_ZigBit_Atmega1281_Rf230_8Mhz_Gcc.a(zdoStateMachines.o)
 .progmem.gcc_sw_table
                0x00000100       0x38 ../BitCloud_ZIGBIT_1_7_0/BitCloud/Components/../lib\libBc_All_ZigBit_Atmega1281_Rf230_8Mhz_Gcc.a(machwiManager.o)
 .progmem.gcc_sw_table
                0x00000138       0x16 ../BitCloud_ZIGBIT_1_7_0/BitCloud/Components/../lib\libBc_All_ZigBit_Atmega1281_Rf230_8Mhz_Gcc.a(machwiPanServer.o)
 .progmem.gcc_sw_table
                0x0000014e       0x20 ../BitCloud_ZIGBIT_1_7_0/BitCloud/Components/../lib\libBc_All_ZigBit_Atmega1281_Rf230_8Mhz_Gcc.a(machwiScanHandler.o)
 .progmem.gcc_sw_table
                0x0000016e       0x20 ../BitCloud_ZIGBIT_1_7_0/BitCloud/Components/../lib\libBc_All_ZigBit_Atmega1281_Rf230_8Mhz_Gcc.a(nwkJoinReq.o)
 .progmem.gcc_sw_table
                0x0000018e       0x58 ../BitCloud_ZIGBIT_1_7_0/BitCloud/Components/../lib\libBc_All_ZigBit_Atmega1281_Rf230_8Mhz_Gcc.a(zdoDiscoveryManager.o)
 .progmem.gcc_sw_table
                0x000001e6      0x108 ../BitCloud_ZIGBIT_1_7_0/BitCloud/Components/../lib\libBc_All_ZigBit_Atmega1281_Rf230_8Mhz_Gcc.a(macenvPib.o)
 .progmem.gcc_sw_table
                0x000002ee       0x26 ../BitCloud_ZIGBIT_1_7_0/BitCloud/Components/../lib\libBc_All_ZigBit_Atmega1281_Rf230_8Mhz_Gcc.a(machwdFrameRoutine.o)
 .progmem.gcc_sw_table
                0x00000314       0xf2 ../BitCloud_ZIGBIT_1_7_0/BitCloud/Components/./ConfigServer/lib\libConfigServer.a(configServer.o)
 *(.progmem*)
 .progmem.data  0x00000406        0xa ../BitCloud_ZIGBIT_1_7_0/BitCloud/Components/../lib\libBc_All_ZigBit_Atmega1281_Rf230_8Mhz_Gcc.a(apsTaskManager.o)
 .progmem.data  0x00000410       0x34 ../BitCloud_ZIGBIT_1_7_0/BitCloud/Components/../lib\libBc_All_ZigBit_Atmega1281_Rf230_8Mhz_Gcc.a(nwkReset.o)
                0x00000410                nwkResetFunctions
 .progmem.data  0x00000444       0x1e ../BitCloud_ZIGBIT_1_7_0/BitCloud/Components/../lib\libBc_All_ZigBit_Atmega1281_Rf230_8Mhz_Gcc.a(nwkTaskManager.o)
                0x00000444                nwkhandlers
 .progmem.data  0x00000462       0x21 ../BitCloud_ZIGBIT_1_7_0/BitCloud/Components/../lib\libBc_All_ZigBit_Atmega1281_Rf230_8Mhz_Gcc.a(apsAibManager.o)
 .progmem.data  0x00000483       0x14 ../BitCloud_ZIGBIT_1_7_0/BitCloud/Components/../lib\libBc_All_ZigBit_Atmega1281_Rf230_8Mhz_Gcc.a(nwkCommands.o)
                0x00000483                nwkCommandPacketHandlers
 .progmem.data  0x00000497       0x4b ../BitCloud_ZIGBIT_1_7_0/BitCloud/Components/./PersistDataServer/lib\libPersistDataServer.a(pdsWriteData.o)
                0x00000497                pdsAuxArray
 .progmem.data  0x000004e2        0xc ../BitCloud_ZIGBIT_1_7_0/BitCloud/Components/../lib\libHAL_ZigBit_Atmega1281_8Mhz_Gcc.a(usart.o)
                0x000004ee                . = ALIGN (0x2)
 *(.trampolines*)
 .trampolines   0x000004ee        0x0 linker stubs
 *(.jumptables*)
 *(.lowtext*)
 *(.init0)
 .init0         0x000004ee        0x0 c:/winavr-20090313/bin/../lib/gcc/avr/4.3.2/../../../../avr/lib/avr51/crtm1281.o
                0x000004ee                __init
 .init0         0x000004ee       0x30 ../BitCloud_ZIGBIT_1_7_0/BitCloud/Components/../lib/WdtInitatmega1281Gcc.o
                0x000004ee                halWdtInit
 *(.init0)
 *(.init1)
 *(.init1)
 *(.init2)
 .init2         0x0000051e        0xc c:/winavr-20090313/bin/../lib/gcc/avr/4.3.2/../../../../avr/lib/avr51/crtm1281.o
 *(.init2)
 *(.init3)
 *(.init3)
 *(.init4)
 .init4         0x0000052a       0x1a c:/winavr-20090313/bin/../lib/gcc/avr/4.3.2/../../../../avr/lib/avr51/crtm1281.o
                0x0000052a                __do_copy_data
 .init4         0x00000544       0x10 c:/winavr-20090313/bin/../lib/gcc/avr/4.3.2/avr51\libgcc.a(_clear_bss.o)
                0x00000544                __do_clear_bss
 *(.init4)
 *(.init5)
 *(.init5)
 *(.init6)
 *(.init6)
 *(.init7)
 *(.init7)
 *(.init8)
 *(.init8)
 *(.text.main)
 .text.main     0x00000554       0x26 ../BitCloud_ZIGBIT_1_7_0/BitCloud/Components/../lib\libBc_All_ZigBit_Atmega1281_Rf230_8Mhz_Gcc.a(main.o)
                0x00000554                main
 *(.text.main)
 *(.text)
 .text          0x0000057a        0x4 c:/winavr-20090313/bin/../lib/gcc/avr/4.3.2/../../../../avr/lib/avr51/crtm1281.o
                0x0000057a                __vector_22
                0x0000057a                __vector_28
                0x0000057a                __vector_1
                0x0000057a                __vector_32
                0x0000057a                __vector_34
                0x0000057a                __vector_24
                0x0000057a                __vector_12
                0x0000057a                __vector_46
                0x0000057a                __bad_interrupt
                0x0000057a                __vector_31
                0x0000057a                __vector_35
                0x0000057a                __vector_3
                0x0000057a                __vector_23
                0x0000057a                __vector_45
                0x0000057a                __vector_11
                0x0000057a                __vector_17
                0x0000057a                __vector_19
                0x0000057a                __vector_49
                0x0000057a                __vector_41
                0x0000057a                __vector_33
                0x0000057a                __vector_47
                0x0000057a                __vector_4
                0x0000057a                __vector_44
                0x0000057a                __vector_9
                0x0000057a                __vector_2
                0x0000057a                __vector_21
                0x0000057a                __vector_40
                0x0000057a                __vector_48
                0x0000057a                __vector_14
                0x0000057a                __vector_10
                0x0000057a                __vector_50
                0x0000057a                __vector_16
                0x0000057a                __vector_18
                0x0000057a                __vector_20
 .text          0x0000057e       0xce ../BitCloud_ZIGBIT_1_7_0/BitCloud/Components/../lib\libHAL_ZigBit_Atmega1281_8Mhz_Gcc.a(halW1.o)
                0x0000063c                __delay_us
                0x0000057e                halResetW1
                0x0000062a                halWriteW1
                0x000005b2                halReadW1Bit
                0x000005e2                halReadW1
                0x000005fe                halWriteW1bit
 .text          0x0000064c       0x3a ../BitCloud_ZIGBIT_1_7_0/BitCloud/Components/../lib\libHAL_ZigBit_Atmega1281_8Mhz_Gcc.a(halCalibration.o)
                0x0000064c                halMeasurement
 .text          0x00000686       0xfe c:/winavr-20090313/bin/../lib/gcc/avr/4.3.2/avr51\libgcc.a(_lshrdi3.o)
                0x00000686                __lshrdi3
 .text          0x00000784       0xfe c:/winavr-20090313/bin/../lib/gcc/avr/4.3.2/avr51\libgcc.a(_ashldi3.o)
                0x00000784                __ashldi3
 .text          0x00000882       0xc2 c:/winavr-20090313/bin/../lib/gcc/avr/4.3.2/../../../../avr/lib/avr51\libc.a(rand.o)
                0x0000091e                rand_r
                0x00000924                rand
                0x0000092e                srand
 .text          0x00000944       0x12 c:/winavr-20090313/bin/../lib/gcc/avr/4.3.2/../../../../avr/lib/avr51\libc.a(memcpy_P.o)
                0x00000944                memcpy_P
 .text          0x00000956       0x1a c:/winavr-20090313/bin/../lib/gcc/avr/4.3.2/../../../../avr/lib/avr51\libc.a(memcmp.o)
                0x00000956                memcmp
 .text          0x00000970       0x12 c:/winavr-20090313/bin/../lib/gcc/avr/4.3.2/../../../../avr/lib/avr51\libc.a(memcpy.o)
                0x00000970                memcpy
 .text          0x00000982        0xe c:/winavr-20090313/bin/../lib/gcc/avr/4.3.2/../../../../avr/lib/avr51\libc.a(memset.o)
                0x00000982                memset
 *(.text.*)
 .text.initMessages
                0x00000990       0x9a ./objs/messages.o
                0x00000990                initMessages
 .text.APS_DataConf
                0x00000a2a       0x1a ./objs/messages.o
                0x00000a2a                APS_DataConf
 .text.APS_DataInd
                0x00000a44       0x10 ./objs/messages.o
                0x00000a44                APS_DataInd
 .text.APS_CommandInd
                0x00000a54       0x10 ./objs/messages.o
                0x00000a54                APS_CommandInd
 .text.sendCommand_wZ
                0x00000a64       0x3e ./objs/messages.o
                0x00000a64                sendCommand_wZ
 .text.sendMessage_wZ
                0x00000aa2       0x3e ./objs/messages.o
                0x00000aa2                sendMessage_wZ
 .text.registerEndpoints
                0x00000ae0       0x42 ./objs/messages.o
                0x00000ae0                registerEndpoints
 .text.delaytimerFired
                0x00000b22       0x18 ./objs/ncap_wilma.o
                0x00000b22                delaytimerFired
 .text.ZDO_MgmtNwkUpdateNotf
                0x00000b3a        0x2 ./objs/ncap_wilma.o
                0x00000b3a                ZDO_MgmtNwkUpdateNotf
 .text.ZDO_WakeUpInd
                0x00000b3c        0x2 ./objs/ncap_wilma.o
                0x00000b3c                ZDO_WakeUpInd
 .text.APL_TaskHandler
                0x00000b3e       0x60 ./objs/ncap_wilma.o
                0x00000b3e                APL_TaskHandler
 .text.ZDO_StartNetworkConf
                0x00000b9e       0x94 ./objs/ncap_wilma.o
 .text.CommandIndication
                0x00000c32       0x52 ./objs/ncap_wilma.o
                0x00000c32                CommandIndication
 .text.tiiNRCallback
                0x00000c84       0x1e ./objs/ncap_wilma.o
                0x00000c84                tiiNRCallback
 .text.tiiIDCallback
                0x00000ca2       0x52 ./objs/ncap_wilma.o
                0x00000ca2                tiiIDCallback
 .text.tiiStopCallback
                0x00000cf4       0x10 ./objs/ncap_wilma.o
                0x00000cf4                tiiStopCallback
 .text.tiiCMeasureCallback
                0x00000d04       0x10 ./objs/ncap_wilma.o
                0x00000d04                tiiCMeasureCallback
 .text.dataReadyCallback
                0x00000d14       0x28 ./objs/ncap_wilma.o
                0x00000d14                dataReadyCallback
 .text.initNwkParams
                0x00000d3c       0x3e ./objs/nwkConfig.o
                0x00000d3c                initNwkParams
 .text.addMessageToBuffer
                0x00000d7a       0x52 ./objs/uart_buffer.o
                0x00000d7a                addMessageToBuffer
 .text.getNextMessageFromBuffer
                0x00000dcc       0x96 ./objs/uart_buffer.o
                0x00000dcc                getNextMessageFromBuffer
 .text.UARTSendNext
                0x00000e62       0x5c ./objs/uart_buffer.o
                0x00000e62                UARTSendNext
 .text.UARTSendConfirm
                0x00000ebe       0x12 ./objs/uart_buffer.o
                0x00000ebe                UARTSendConfirm
 .text.SendUART
                0x00000ed0       0x2e ./objs/uart_buffer.o
                0x00000ed0                SendUART
 .text.uartInit
                0x00000efe       0x74 ./objs/uart_buffer.o
                0x00000efe                uartInit
 .text.apsFindRegisteredEnpoint
                0x00000f72       0x2c ../BitCloud_ZIGBIT_1_7_0/BitCloud/Components/../lib\libBc_All_ZigBit_Atmega1281_Rf230_8Mhz_Gcc.a(apsControlManager.o)
                0x00000f72                apsFindRegisteredEnpoint
 .text.APS_GetEndpointList
                0x00000f9e        0xa ../BitCloud_ZIGBIT_1_7_0/BitCloud/Components/../lib\libBc_All_ZigBit_Atmega1281_Rf230_8Mhz_Gcc.a(apsControlManager.o)
                0x00000f9e                APS_GetEndpointList
 .text.apsSendStopConf
                0x00000fa8       0x16 ../BitCloud_ZIGBIT_1_7_0/BitCloud/Components/../lib\libBc_All_ZigBit_Atmega1281_Rf230_8Mhz_Gcc.a(apsControlManager.o)
                0x00000fa8                apsSendStopConf
 .text.apsGetEndpointDescriptor
                0x00000fbe       0x14 ../BitCloud_ZIGBIT_1_7_0/BitCloud/Components/../lib\libBc_All_ZigBit_Atmega1281_Rf230_8Mhz_Gcc.a(apsControlManager.o)
                0x00000fbe                apsGetEndpointDescriptor
 .text.APS_StopReq
                0x00000fd2       0x7e ../BitCloud_ZIGBIT_1_7_0/BitCloud/Components/../lib\libBc_All_ZigBit_Atmega1281_Rf230_8Mhz_Gcc.a(apsControlManager.o)
                0x00000fd2                APS_StopReq
 .text.apsCompleteStop
                0x00001050       0x50 ../BitCloud_ZIGBIT_1_7_0/BitCloud/Components/../lib\libBc_All_ZigBit_Atmega1281_Rf230_8Mhz_Gcc.a(apsControlManager.o)
                0x00001050                apsCompleteStop
 .text.apsControlManagerProcess
                0x000010a0       0x18 ../BitCloud_ZIGBIT_1_7_0/BitCloud/Components/../lib\libBc_All_ZigBit_Atmega1281_Rf230_8Mhz_Gcc.a(apsControlManager.o)
                0x000010a0                apsControlManagerProcess
 .text.APS_StartReq
                0x000010b8       0x34 ../BitCloud_ZIGBIT_1_7_0/BitCloud/Components/../lib\libBc_All_ZigBit_Atmega1281_Rf230_8Mhz_Gcc.a(apsControlManager.o)
                0x000010b8                APS_StartReq
 .text.APS_ResetReq
                0x000010ec       0x36 ../BitCloud_ZIGBIT_1_7_0/BitCloud/Components/../lib\libBc_All_ZigBit_Atmega1281_Rf230_8Mhz_Gcc.a(apsControlManager.o)
                0x000010ec                APS_ResetReq
 .text.apsNwkResetConf
                0x00001122       0x96 ../BitCloud_ZIGBIT_1_7_0/BitCloud/Components/../lib\libBc_All_ZigBit_Atmega1281_Rf230_8Mhz_Gcc.a(apsControlManager.o)
 .text.APS_Init
                0x000011b8       0x12 ../BitCloud_ZIGBIT_1_7_0/BitCloud/Components/../lib\libBc_All_ZigBit_Atmega1281_Rf230_8Mhz_Gcc.a(apsControlManager.o)
                0x000011b8                APS_Init
 .text.APS_RegisterEndpointReq
                0x000011ca       0x52 ../BitCloud_ZIGBIT_1_7_0/BitCloud/Components/../lib\libBc_All_ZigBit_Atmega1281_Rf230_8Mhz_Gcc.a(apsControlManager.o)
                0x000011ca                APS_RegisterEndpointReq
 .text.apsAckForFragmentedReceiveConfirmHandler
                0x0000121c        0xc ../BitCloud_ZIGBIT_1_7_0/BitCloud/Components/../lib\libBc_All_ZigBit_Atmega1281_Rf230_8Mhz_Gcc.a(apsDataManager.o)
                0x0000121c                apsAckForFragmentedReceiveConfirmHandler
 .text.getMemory
                0x00001228      0x138 ../BitCloud_ZIGBIT_1_7_0/BitCloud/Components/../lib\libBc_All_ZigBit_Atmega1281_Rf230_8Mhz_Gcc.a(apsDataManager.o)
 .text.freeMemory
                0x00001360       0xd4 ../BitCloud_ZIGBIT_1_7_0/BitCloud/Components/../lib\libBc_All_ZigBit_Atmega1281_Rf230_8Mhz_Gcc.a(apsDataManager.o)
 .text.apsMakeNwkDataResp
                0x00001434       0x1c ../BitCloud_ZIGBIT_1_7_0/BitCloud/Components/../lib\libBc_All_ZigBit_Atmega1281_Rf230_8Mhz_Gcc.a(apsDataManager.o)
                0x00001434                apsMakeNwkDataResp
 .text.apsMakeApsDataConf
                0x00001450       0x40 ../BitCloud_ZIGBIT_1_7_0/BitCloud/Components/../lib\libBc_All_ZigBit_Atmega1281_Rf230_8Mhz_Gcc.a(apsDataManager.o)
 .text.APS_CalculateTimes
                0x00001490      0x11c ../BitCloud_ZIGBIT_1_7_0/BitCloud/Components/../lib\libBc_All_ZigBit_Atmega1281_Rf230_8Mhz_Gcc.a(apsDataManager.o)
                0x00001490                APS_CalculateTimes
 .text.apsDuplicateRejectionTableOnTimerFired
                0x000015ac       0x34 ../BitCloud_ZIGBIT_1_7_0/BitCloud/Components/../lib\libBc_All_ZigBit_Atmega1281_Rf230_8Mhz_Gcc.a(apsDataManager.o)
 .text.apsStopDataManager
                0x000015e0       0x18 ../BitCloud_ZIGBIT_1_7_0/BitCloud/Components/../lib\libBc_All_ZigBit_Atmega1281_Rf230_8Mhz_Gcc.a(apsDataManager.o)
                0x000015e0                apsStopDataManager
 .text.apsSendNwkDataReq
                0x000015f8       0x10 ../BitCloud_ZIGBIT_1_7_0/BitCloud/Components/../lib\libBc_All_ZigBit_Atmega1281_Rf230_8Mhz_Gcc.a(apsDataManager.o)
                0x000015f8                apsSendNwkDataReq
 .text.apsProcessGroupAddrModeDataReq
                0x00001608      0x170 ../BitCloud_ZIGBIT_1_7_0/BitCloud/Components/../lib\libBc_All_ZigBit_Atmega1281_Rf230_8Mhz_Gcc.a(apsDataManager.o)
                0x00001608                apsProcessGroupAddrModeDataReq
 .text.apsSendAckForFragmentedReceive
                0x00001778       0xb0 ../BitCloud_ZIGBIT_1_7_0/BitCloud/Components/../lib\libBc_All_ZigBit_Atmega1281_Rf230_8Mhz_Gcc.a(apsDataManager.o)
                0x00001778                apsSendAckForFragmentedReceive
 .text.apsAckOnTimerFired
                0x00001828      0x102 ../BitCloud_ZIGBIT_1_7_0/BitCloud/Components/../lib\libBc_All_ZigBit_Atmega1281_Rf230_8Mhz_Gcc.a(apsDataManager.o)
 .text.apsFindDuplicateRejectionTableEntry
                0x0000192a       0xea ../BitCloud_ZIGBIT_1_7_0/BitCloud/Components/../lib\libBc_All_ZigBit_Atmega1281_Rf230_8Mhz_Gcc.a(apsDataManager.o)
 .text.apsMakeBroadcastIndication
                0x00001a14       0x4e ../BitCloud_ZIGBIT_1_7_0/BitCloud/Components/../lib\libBc_All_ZigBit_Atmega1281_Rf230_8Mhz_Gcc.a(apsDataManager.o)
 .text.apsProcessUnicastDataReqToOwnNode
                0x00001a62      0x166 ../BitCloud_ZIGBIT_1_7_0/BitCloud/Components/../lib\libBc_All_ZigBit_Atmega1281_Rf230_8Mhz_Gcc.a(apsDataManager.o)
 .text.apsProcessShortAddrModeDataReq
                0x00001bc8      0x1dc ../BitCloud_ZIGBIT_1_7_0/BitCloud/Components/../lib\libBc_All_ZigBit_Atmega1281_Rf230_8Mhz_Gcc.a(apsDataManager.o)
                0x00001bc8                apsProcessShortAddrModeDataReq
 .text.apsMakeRetransmittion
                0x00001da4       0x76 ../BitCloud_ZIGBIT_1_7_0/BitCloud/Components/../lib\libBc_All_ZigBit_Atmega1281_Rf230_8Mhz_Gcc.a(apsDataManager.o)
 .text.apsRetransmissionProcess
                0x00001e1a       0xec ../BitCloud_ZIGBIT_1_7_0/BitCloud/Components/../lib\libBc_All_ZigBit_Atmega1281_Rf230_8Mhz_Gcc.a(apsDataManager.o)
                0x00001e1a                apsRetransmissionProcess
 .text.apduAckHandler
                0x00001f06      0x254 ../BitCloud_ZIGBIT_1_7_0/BitCloud/Components/../lib\libBc_All_ZigBit_Atmega1281_Rf230_8Mhz_Gcc.a(apsDataManager.o)
                0x00001f06                apduAckHandler
 .text.apsSendNextBlock
                0x0000215a       0x14 ../BitCloud_ZIGBIT_1_7_0/BitCloud/Components/../lib\libBc_All_ZigBit_Atmega1281_Rf230_8Mhz_Gcc.a(apsDataManager.o)
 .text.apsDmHotReset
                0x0000216e      0x102 ../BitCloud_ZIGBIT_1_7_0/BitCloud/Components/../lib\libBc_All_ZigBit_Atmega1281_Rf230_8Mhz_Gcc.a(apsDataManager.o)
                0x0000216e                apsDmHotReset
 .text.apsApsDataReqProcess
                0x00002270      0x300 ../BitCloud_ZIGBIT_1_7_0/BitCloud/Components/../lib\libBc_All_ZigBit_Atmega1281_Rf230_8Mhz_Gcc.a(apsDataManager.o)
                0x00002270                apsApsDataReqProcess
 .text.apsMakeGroupIndication
                0x00002570       0x80 ../BitCloud_ZIGBIT_1_7_0/BitCloud/Components/../lib\libBc_All_ZigBit_Atmega1281_Rf230_8Mhz_Gcc.a(apsDataManager.o)
 .text.apduMulticastHandler
                0x000025f0       0xde ../BitCloud_ZIGBIT_1_7_0/BitCloud/Components/../lib\libBc_All_ZigBit_Atmega1281_Rf230_8Mhz_Gcc.a(apsDataManager.o)
                0x000025f0                apduMulticastHandler
 .text.apsConstructAndSendAck
                0x000026ce      0x1d2 ../BitCloud_ZIGBIT_1_7_0/BitCloud/Components/../lib\libBc_All_ZigBit_Atmega1281_Rf230_8Mhz_Gcc.a(apsDataManager.o)
                0x000026ce                apsConstructAndSendAck
 .text.isMemoryAvailableForAck
                0x000028a0       0x84 ../BitCloud_ZIGBIT_1_7_0/BitCloud/Components/../lib\libBc_All_ZigBit_Atmega1281_Rf230_8Mhz_Gcc.a(apsDataManager.o)
                0x000028a0                isMemoryAvailableForAck
 .text.NWK_DataConf
                0x00002924       0x1c ../BitCloud_ZIGBIT_1_7_0/BitCloud/Components/../lib\libBc_All_ZigBit_Atmega1281_Rf230_8Mhz_Gcc.a(apsDataManager.o)
                0x00002924                NWK_DataConf
 .text.NWK_DataInd
                0x00002940       0x1c ../BitCloud_ZIGBIT_1_7_0/BitCloud/Components/../lib\libBc_All_ZigBit_Atmega1281_Rf230_8Mhz_Gcc.a(apsDataManager.o)
                0x00002940                NWK_DataInd
 .text.APS_DataReq
                0x0000295c       0x12 ../BitCloud_ZIGBIT_1_7_0/BitCloud/Components/../lib\libBc_All_ZigBit_Atmega1281_Rf230_8Mhz_Gcc.a(apsDataManager.o)
                0x0000295c                APS_DataReq
 .text.apsProcessIndirectNwkConf
                0x0000296e      0x1fe ../BitCloud_ZIGBIT_1_7_0/BitCloud/Components/../lib\libBc_All_ZigBit_Atmega1281_Rf230_8Mhz_Gcc.a(apsDataManager.o)
 .text.apsNwkDataConfProcess
                0x00002b6c      0x300 ../BitCloud_ZIGBIT_1_7_0/BitCloud/Components/../lib\libBc_All_ZigBit_Atmega1281_Rf230_8Mhz_Gcc.a(apsDataManager.o)
                0x00002b6c                apsNwkDataConfProcess
 .text.apsProcessIndirectDataReq
                0x00002e6c       0x86 ../BitCloud_ZIGBIT_1_7_0/BitCloud/Components/../lib\libBc_All_ZigBit_Atmega1281_Rf230_8Mhz_Gcc.a(apsDataManager.o)
                0x00002e6c                apsProcessIndirectDataReq
 .text.apsResetDataManager
                0x00002ef2      0x164 ../BitCloud_ZIGBIT_1_7_0/BitCloud/Components/../lib\libBc_All_ZigBit_Atmega1281_Rf230_8Mhz_Gcc.a(apsDataManager.o)
                0x00002ef2                apsResetDataManager
 .text.apsInitFragmentedReceiveDescriptor
                0x00003056       0x84 ../BitCloud_ZIGBIT_1_7_0/BitCloud/Components/../lib\libBc_All_ZigBit_Atmega1281_Rf230_8Mhz_Gcc.a(apsDataManager.o)
                0x00003056                apsInitFragmentedReceiveDescriptor
 .text.apsProcessFragmentedReceive
                0x000030da      0x2a8 ../BitCloud_ZIGBIT_1_7_0/BitCloud/Components/../lib\libBc_All_ZigBit_Atmega1281_Rf230_8Mhz_Gcc.a(apsDataManager.o)
                0x000030da                apsProcessFragmentedReceive
 .text.apduUnicastHandler
                0x00003382      0x2b2 ../BitCloud_ZIGBIT_1_7_0/BitCloud/Components/../lib\libBc_All_ZigBit_Atmega1281_Rf230_8Mhz_Gcc.a(apsDataManager.o)
                0x00003382                apduUnicastHandler
 .text.apsNwkDataIndHandler
                0x00003634       0x72 ../BitCloud_ZIGBIT_1_7_0/BitCloud/Components/../lib\libBc_All_ZigBit_Atmega1281_Rf230_8Mhz_Gcc.a(apsDataManager.o)
                0x00003634                apsNwkDataIndHandler
 .text.apsNwkDataIndProcess
                0x000036a6       0x80 ../BitCloud_ZIGBIT_1_7_0/BitCloud/Components/../lib\libBc_All_ZigBit_Atmega1281_Rf230_8Mhz_Gcc.a(apsDataManager.o)
                0x000036a6                apsNwkDataIndProcess
 .text.apsDataManagerProcess
                0x00003726       0x38 ../BitCloud_ZIGBIT_1_7_0/BitCloud/Components/../lib\libBc_All_ZigBit_Atmega1281_Rf230_8Mhz_Gcc.a(apsDataManager.o)
                0x00003726                apsDataManagerProcess
 .text.APS_FindGroup
                0x0000375e       0x64 ../BitCloud_ZIGBIT_1_7_0/BitCloud/Components/../lib\libBc_All_ZigBit_Atmega1281_Rf230_8Mhz_Gcc.a(apsGroupManager.o)
                0x0000375e                APS_FindGroup
 .text.APS_IsOwnGroup
                0x000037c2       0x14 ../BitCloud_ZIGBIT_1_7_0/BitCloud/Components/../lib\libBc_All_ZigBit_Atmega1281_Rf230_8Mhz_Gcc.a(apsGroupManager.o)
                0x000037c2                APS_IsOwnGroup
 .text.APS_FindGroupMember
                0x000037d6       0x26 ../BitCloud_ZIGBIT_1_7_0/BitCloud/Components/../lib\libBc_All_ZigBit_Atmega1281_Rf230_8Mhz_Gcc.a(apsGroupManager.o)
                0x000037d6                APS_FindGroupMember
 .text.apsGetGroupMember
                0x000037fc       0x34 ../BitCloud_ZIGBIT_1_7_0/BitCloud/Components/../lib\libBc_All_ZigBit_Atmega1281_Rf230_8Mhz_Gcc.a(apsGroupManager.o)
                0x000037fc                apsGetGroupMember
 .text.apsGroupManagerProcess
                0x00003830        0x2 ../BitCloud_ZIGBIT_1_7_0/BitCloud/Components/../lib\libBc_All_ZigBit_Atmega1281_Rf230_8Mhz_Gcc.a(apsGroupManager.o)
                0x00003830                apsGroupManagerProcess
 .text.apsResetGroupManager
                0x00003832       0x64 ../BitCloud_ZIGBIT_1_7_0/BitCloud/Components/../lib\libBc_All_ZigBit_Atmega1281_Rf230_8Mhz_Gcc.a(apsGroupManager.o)
                0x00003832                apsResetGroupManager
 .text.apsSetState
                0x00003896        0xe ../BitCloud_ZIGBIT_1_7_0/BitCloud/Components/../lib\libBc_All_ZigBit_Atmega1281_Rf230_8Mhz_Gcc.a(apsStateMachine.o)
                0x00003896                apsSetState
 .text.apsGetState
                0x000038a4        0x6 ../BitCloud_ZIGBIT_1_7_0/BitCloud/Components/../lib\libBc_All_ZigBit_Atmega1281_Rf230_8Mhz_Gcc.a(apsStateMachine.o)
                0x000038a4                apsGetState
 .text.apsGetPrevState
                0x000038aa        0x6 ../BitCloud_ZIGBIT_1_7_0/BitCloud/Components/../lib\libBc_All_ZigBit_Atmega1281_Rf230_8Mhz_Gcc.a(apsStateMachine.o)
                0x000038aa                apsGetPrevState
 .text.apsResetStateMachine
                0x000038b0       0x1e ../BitCloud_ZIGBIT_1_7_0/BitCloud/Components/../lib\libBc_All_ZigBit_Atmega1281_Rf230_8Mhz_Gcc.a(apsStateMachine.o)
                0x000038b0                apsResetStateMachine
 .text.apsCheckState
                0x000038ce       0x40 ../BitCloud_ZIGBIT_1_7_0/BitCloud/Components/../lib\libBc_All_ZigBit_Atmega1281_Rf230_8Mhz_Gcc.a(apsStateMachine.o)
                0x000038ce                apsCheckState
 .text.apsPostTask
                0x0000390e       0x38 ../BitCloud_ZIGBIT_1_7_0/BitCloud/Components/../lib\libBc_All_ZigBit_Atmega1281_Rf230_8Mhz_Gcc.a(apsTaskManager.o)
                0x0000390e                apsPostTask
 .text.apsResetTaskManager
                0x00003946        0x6 ../BitCloud_ZIGBIT_1_7_0/BitCloud/Components/../lib\libBc_All_ZigBit_Atmega1281_Rf230_8Mhz_Gcc.a(apsTaskManager.o)
                0x00003946                apsResetTaskManager
 .text.APS_TaskHandler
                0x0000394c       0x90 ../BitCloud_ZIGBIT_1_7_0/BitCloud/Components/../lib\libBc_All_ZigBit_Atmega1281_Rf230_8Mhz_Gcc.a(apsTaskManager.o)
                0x0000394c                APS_TaskHandler
 .text.apsStopAppTimer
                0x000039dc       0x12 ../BitCloud_ZIGBIT_1_7_0/BitCloud/Components/../lib\libBc_All_ZigBit_Atmega1281_Rf230_8Mhz_Gcc.a(apsTimer.o)
                0x000039dc                apsStopAppTimer
 .text.apsInitAppTimer
                0x000039ee       0x44 ../BitCloud_ZIGBIT_1_7_0/BitCloud/Components/../lib\libBc_All_ZigBit_Atmega1281_Rf230_8Mhz_Gcc.a(apsTimer.o)
                0x000039ee                apsInitAppTimer
 .text.apsStartAppTimer
                0x00003a32       0x14 ../BitCloud_ZIGBIT_1_7_0/BitCloud/Components/../lib\libBc_All_ZigBit_Atmega1281_Rf230_8Mhz_Gcc.a(apsTimer.o)
                0x00003a32                apsStartAppTimer
 .text.NWK_GetShortAddr
                0x00003a46        0xa ../BitCloud_ZIGBIT_1_7_0/BitCloud/Components/../lib\libBc_All_ZigBit_Atmega1281_Rf230_8Mhz_Gcc.a(nwkAddress.o)
                0x00003a46                NWK_GetShortAddr
 .text.nwkCSkip
                0x00003a50       0x88 ../BitCloud_ZIGBIT_1_7_0/BitCloud/Components/../lib\libBc_All_ZigBit_Atmega1281_Rf230_8Mhz_Gcc.a(nwkAddress.o)
                0x00003a50                nwkCSkip
 .text.nwkAllocateShortAddr
                0x00003ad8       0xd0 ../BitCloud_ZIGBIT_1_7_0/BitCloud/Components/../lib\libBc_All_ZigBit_Atmega1281_Rf230_8Mhz_Gcc.a(nwkAddress.o)
                0x00003ad8                nwkAllocateShortAddr
 .text.nwkResetAddressMap
                0x00003ba8       0x68 ../BitCloud_ZIGBIT_1_7_0/BitCloud/Components/../lib\libBc_All_ZigBit_Atmega1281_Rf230_8Mhz_Gcc.a(nwkAddressMap.o)
                0x00003ba8                nwkResetAddressMap
 .text.nwkAddrConflictConf
                0x00003c10       0x90 ../BitCloud_ZIGBIT_1_7_0/BitCloud/Components/../lib\libBc_All_ZigBit_Atmega1281_Rf230_8Mhz_Gcc.a(nwkAddressMap.o)
 .text.NWK_AddToAddressMap
                0x00003ca0      0x15a ../BitCloud_ZIGBIT_1_7_0/BitCloud/Components/../lib\libBc_All_ZigBit_Atmega1281_Rf230_8Mhz_Gcc.a(nwkAddressMap.o)
                0x00003ca0                NWK_AddToAddressMap
 .text.NWK_GetExtByShortAddress
                0x00003dfa       0x6e ../BitCloud_ZIGBIT_1_7_0/BitCloud/Components/../lib\libBc_All_ZigBit_Atmega1281_Rf230_8Mhz_Gcc.a(nwkAddressMap.o)
                0x00003dfa                NWK_GetExtByShortAddress
 .text.NWK_GetShortByExtAddress
                0x00003e68       0xbc ../BitCloud_ZIGBIT_1_7_0/BitCloud/Components/../lib\libBc_All_ZigBit_Atmega1281_Rf230_8Mhz_Gcc.a(nwkAddressMap.o)
                0x00003e68                NWK_GetShortByExtAddress
 .text.nwkResetDataConf
                0x00003f24        0xa ../BitCloud_ZIGBIT_1_7_0/BitCloud/Components/../lib\libBc_All_ZigBit_Atmega1281_Rf230_8Mhz_Gcc.a(nwkDataReq.o)
                0x00003f24                nwkResetDataConf
 .text.nwkDataConfTaskHandler
                0x00003f2e       0x46 ../BitCloud_ZIGBIT_1_7_0/BitCloud/Components/../lib\libBc_All_ZigBit_Atmega1281_Rf230_8Mhz_Gcc.a(nwkDataReq.o)
                0x00003f2e                nwkDataConfTaskHandler
 .text.nwkDataConf
                0x00003f74       0x22 ../BitCloud_ZIGBIT_1_7_0/BitCloud/Components/../lib\libBc_All_ZigBit_Atmega1281_Rf230_8Mhz_Gcc.a(nwkDataReq.o)
                0x00003f74                nwkDataConf
 .text.NWK_DataReq
                0x00003f96      0x118 ../BitCloud_ZIGBIT_1_7_0/BitCloud/Components/../lib\libBc_All_ZigBit_Atmega1281_Rf230_8Mhz_Gcc.a(nwkDataReq.o)
                0x00003f96                NWK_DataReq
 .text.nwkParseHeader
                0x000040ae       0xd2 ../BitCloud_ZIGBIT_1_7_0/BitCloud/Components/../lib\libBc_All_ZigBit_Atmega1281_Rf230_8Mhz_Gcc.a(nwkFrame.o)
                0x000040ae                nwkParseHeader
 .text.nwkPrepareCommonFrame
                0x00004180       0x4e ../BitCloud_ZIGBIT_1_7_0/BitCloud/Components/../lib\libBc_All_ZigBit_Atmega1281_Rf230_8Mhz_Gcc.a(nwkFrame.o)
                0x00004180                nwkPrepareCommonFrame
 .text.nwkClearNeighborTable
                0x000041ce       0x9e ../BitCloud_ZIGBIT_1_7_0/BitCloud/Components/../lib\libBc_All_ZigBit_Atmega1281_Rf230_8Mhz_Gcc.a(nwkNeighborTable.o)
                0x000041ce                nwkClearNeighborTable
 .text.NWK_FindNeighborByShortAddr
                0x0000426c       0x3a ../BitCloud_ZIGBIT_1_7_0/BitCloud/Components/../lib\libBc_All_ZigBit_Atmega1281_Rf230_8Mhz_Gcc.a(nwkNeighborTable.o)
                0x0000426c                NWK_FindNeighborByShortAddr
 .text.NWK_FindNeighborByExtAddr
                0x000042a6       0x6c ../BitCloud_ZIGBIT_1_7_0/BitCloud/Components/../lib\libBc_All_ZigBit_Atmega1281_Rf230_8Mhz_Gcc.a(nwkNeighborTable.o)
                0x000042a6                NWK_FindNeighborByExtAddr
 .text.nwkFindRxOffWhenIdleChild
                0x00004312       0x56 ../BitCloud_ZIGBIT_1_7_0/BitCloud/Components/../lib\libBc_All_ZigBit_Atmega1281_Rf230_8Mhz_Gcc.a(nwkNeighborTable.o)
                0x00004312                nwkFindRxOffWhenIdleChild
 .text.nwkUpdateCapacityBits
                0x00004368       0x7c ../BitCloud_ZIGBIT_1_7_0/BitCloud/Components/../lib\libBc_All_ZigBit_Atmega1281_Rf230_8Mhz_Gcc.a(nwkNeighborTable.o)
                0x00004368                nwkUpdateCapacityBits
 .text.nwkUpdateCapacityBitsInBeacon
                0x000043e4       0xb6 ../BitCloud_ZIGBIT_1_7_0/BitCloud/Components/../lib\libBc_All_ZigBit_Atmega1281_Rf230_8Mhz_Gcc.a(nwkNeighborTable.o)
                0x000043e4                nwkUpdateCapacityBitsInBeacon
 .text.nwkUpdateLqiAndCostOfNeighbor
                0x0000449a       0x7c ../BitCloud_ZIGBIT_1_7_0/BitCloud/Components/../lib\libBc_All_ZigBit_Atmega1281_Rf230_8Mhz_Gcc.a(nwkNeighborTable.o)
                0x0000449a                nwkUpdateLqiAndCostOfNeighbor
 .text.nwkFreeNeighbor
                0x00004516       0x2a ../BitCloud_ZIGBIT_1_7_0/BitCloud/Components/../lib\libBc_All_ZigBit_Atmega1281_Rf230_8Mhz_Gcc.a(nwkNeighborTable.o)
                0x00004516                nwkFreeNeighbor
 .text.nwkCostFromLqi
                0x00004540       0x1c ../BitCloud_ZIGBIT_1_7_0/BitCloud/Components/../lib\libBc_All_ZigBit_Atmega1281_Rf230_8Mhz_Gcc.a(nwkNeighborTable.o)
                0x00004540                nwkCostFromLqi
 .text.NWK_GetNeighborTable
                0x0000455c        0x6 ../BitCloud_ZIGBIT_1_7_0/BitCloud/Components/../lib\libBc_All_ZigBit_Atmega1281_Rf230_8Mhz_Gcc.a(nwkNeighborTable.o)
                0x0000455c                NWK_GetNeighborTable
 .text.NWK_GetNeighborsLqi
                0x00004562       0x3e ../BitCloud_ZIGBIT_1_7_0/BitCloud/Components/../lib\libBc_All_ZigBit_Atmega1281_Rf230_8Mhz_Gcc.a(nwkNeighborTable.o)
                0x00004562                NWK_GetNeighborsLqi
 .text.nwkSetLifeTimeOfNeighbor
                0x000045a0       0xd2 ../BitCloud_ZIGBIT_1_7_0/BitCloud/Components/../lib\libBc_All_ZigBit_Atmega1281_Rf230_8Mhz_Gcc.a(nwkNeighborTable.o)
                0x000045a0                nwkSetLifeTimeOfNeighbor
 .text.nwkUpdateLqiAndLifeTime
                0x00004672       0x4e ../BitCloud_ZIGBIT_1_7_0/BitCloud/Components/../lib\libBc_All_ZigBit_Atmega1281_Rf230_8Mhz_Gcc.a(nwkNeighborTable.o)
                0x00004672                nwkUpdateLqiAndLifeTime
 .text.nwkIsRouteDestination
                0x000046c0       0x6e ../BitCloud_ZIGBIT_1_7_0/BitCloud/Components/../lib\libBc_All_ZigBit_Atmega1281_Rf230_8Mhz_Gcc.a(nwkNeighborTable.o)
                0x000046c0                nwkIsRouteDestination
 .text.nwkStartAgeTimerOfNeighborTable
                0x0000472e       0x32 ../BitCloud_ZIGBIT_1_7_0/BitCloud/Components/../lib\libBc_All_ZigBit_Atmega1281_Rf230_8Mhz_Gcc.a(nwkNeighborTable.o)
                0x0000472e                nwkStartAgeTimerOfNeighborTable
 .text.neighborTimerFired
                0x00004760       0x9c ../BitCloud_ZIGBIT_1_7_0/BitCloud/Components/../lib\libBc_All_ZigBit_Atmega1281_Rf230_8Mhz_Gcc.a(nwkNeighborTable.o)
 .text.nwkResetNeighborTable
                0x000047fc       0x76 ../BitCloud_ZIGBIT_1_7_0/BitCloud/Components/../lib\libBc_All_ZigBit_Atmega1281_Rf230_8Mhz_Gcc.a(nwkNeighborTable.o)
                0x000047fc                nwkResetNeighborTable
 .text.nwkResetTaskHandler
                0x00004872       0xae ../BitCloud_ZIGBIT_1_7_0/BitCloud/Components/../lib\libBc_All_ZigBit_Atmega1281_Rf230_8Mhz_Gcc.a(nwkReset.o)
                0x00004872                nwkResetTaskHandler
 .text.nwkResetConf
                0x00004920       0x28 ../BitCloud_ZIGBIT_1_7_0/BitCloud/Components/../lib\libBc_All_ZigBit_Atmega1281_Rf230_8Mhz_Gcc.a(nwkReset.o)
 .text.MAC_ResetConf
                0x00004948       0xbc ../BitCloud_ZIGBIT_1_7_0/BitCloud/Components/../lib\libBc_All_ZigBit_Atmega1281_Rf230_8Mhz_Gcc.a(nwkReset.o)
 .text.MAC_RxEnableConf
                0x00004a04        0xe ../BitCloud_ZIGBIT_1_7_0/BitCloud/Components/../lib\libBc_All_ZigBit_Atmega1281_Rf230_8Mhz_Gcc.a(nwkReset.o)
 .text.MAC_SetConf
                0x00004a12      0x198 ../BitCloud_ZIGBIT_1_7_0/BitCloud/Components/../lib\libBc_All_ZigBit_Atmega1281_Rf230_8Mhz_Gcc.a(nwkReset.o)
 .text.MAC_StartConf
                0x00004baa       0x46 ../BitCloud_ZIGBIT_1_7_0/BitCloud/Components/../lib\libBc_All_ZigBit_Atmega1281_Rf230_8Mhz_Gcc.a(nwkReset.o)
 .text.NWK_Init
                0x00004bf0       0x22 ../BitCloud_ZIGBIT_1_7_0/BitCloud/Components/../lib\libBc_All_ZigBit_Atmega1281_Rf230_8Mhz_Gcc.a(nwkReset.o)
                0x00004bf0                NWK_Init
 .text.NWK_ResetReq
                0x00004c12       0x20 ../BitCloud_ZIGBIT_1_7_0/BitCloud/Components/../lib\libBc_All_ZigBit_Atmega1281_Rf230_8Mhz_Gcc.a(nwkReset.o)
                0x00004c12                NWK_ResetReq
 .text.nwkResetRouteDiscovery
                0x00004c32       0xa2 ../BitCloud_ZIGBIT_1_7_0/BitCloud/Components/../lib\libBc_All_ZigBit_Atmega1281_Rf230_8Mhz_Gcc.a(nwkRouteDiscovery.o)
                0x00004c32                nwkResetRouteDiscovery
 .text.nwkRouteReplyForThisNode
                0x00004cd4       0x5c ../BitCloud_ZIGBIT_1_7_0/BitCloud/Components/../lib\libBc_All_ZigBit_Atmega1281_Rf230_8Mhz_Gcc.a(nwkRouteDiscovery.o)
                0x00004cd4                nwkRouteReplyForThisNode
 .text.nwkRREQTimeoutTimerFired
                0x00004d30       0x90 ../BitCloud_ZIGBIT_1_7_0/BitCloud/Components/../lib\libBc_All_ZigBit_Atmega1281_Rf230_8Mhz_Gcc.a(nwkRouteDiscovery.o)
 .text.nwkRouteDiscoveryTaskHandler
                0x00004dc0      0x204 ../BitCloud_ZIGBIT_1_7_0/BitCloud/Components/../lib\libBc_All_ZigBit_Atmega1281_Rf230_8Mhz_Gcc.a(nwkRouteDiscovery.o)
                0x00004dc0                nwkRouteDiscoveryTaskHandler
 .text.nwkRouteDiscoveryTableTaskHandler
                0x00004fc4       0xee ../BitCloud_ZIGBIT_1_7_0/BitCloud/Components/../lib\libBc_All_ZigBit_Atmega1281_Rf230_8Mhz_Gcc.a(nwkRouteDiscovery.o)
                0x00004fc4                nwkRouteDiscoveryTableTaskHandler
 .text.NWK_RouteDiscoveryReq
                0x000050b2       0x12 ../BitCloud_ZIGBIT_1_7_0/BitCloud/Components/../lib\libBc_All_ZigBit_Atmega1281_Rf230_8Mhz_Gcc.a(nwkRouteDiscovery.o)
                0x000050b2                NWK_RouteDiscoveryReq
 .text.cmdRouteReplyPrepareMacReq
                0x000050c4       0x28 ../BitCloud_ZIGBIT_1_7_0/BitCloud/Components/../lib\libBc_All_ZigBit_Atmega1281_Rf230_8Mhz_Gcc.a(nwkRouteReply.o)
                0x000050c4                cmdRouteReplyPrepareMacReq
 .text.cmdRouteReplyConfirm
                0x000050ec       0x72 ../BitCloud_ZIGBIT_1_7_0/BitCloud/Components/../lib\libBc_All_ZigBit_Atmega1281_Rf230_8Mhz_Gcc.a(nwkRouteReply.o)
                0x000050ec                cmdRouteReplyConfirm
 .text.cmdRouteReplyPrepareMacData
                0x0000515e      0x3aa ../BitCloud_ZIGBIT_1_7_0/BitCloud/Components/../lib\libBc_All_ZigBit_Atmega1281_Rf230_8Mhz_Gcc.a(nwkRouteReply.o)
                0x0000515e                cmdRouteReplyPrepareMacData
 .text.nwkRouteReplyFrameInd
                0x00005508       0xd4 ../BitCloud_ZIGBIT_1_7_0/BitCloud/Components/../lib\libBc_All_ZigBit_Atmega1281_Rf230_8Mhz_Gcc.a(nwkRouteReply.o)
                0x00005508                nwkRouteReplyFrameInd
 .text.cmdRouteReqPrepareMacReq
                0x000055dc        0xa ../BitCloud_ZIGBIT_1_7_0/BitCloud/Components/../lib\libBc_All_ZigBit_Atmega1281_Rf230_8Mhz_Gcc.a(nwkRouteRequest.o)
                0x000055dc                cmdRouteReqPrepareMacReq
 .text.cmdRouteReqConfirm
                0x000055e6       0x20 ../BitCloud_ZIGBIT_1_7_0/BitCloud/Components/../lib\libBc_All_ZigBit_Atmega1281_Rf230_8Mhz_Gcc.a(nwkRouteRequest.o)
                0x000055e6                cmdRouteReqConfirm
 .text.cmdRouteReqPrepareMacData
                0x00005606      0x118 ../BitCloud_ZIGBIT_1_7_0/BitCloud/Components/../lib\libBc_All_ZigBit_Atmega1281_Rf230_8Mhz_Gcc.a(nwkRouteRequest.o)
                0x00005606                cmdRouteReqPrepareMacData
 .text.nwkRouteReqFrameInd
                0x0000571e      0x298 ../BitCloud_ZIGBIT_1_7_0/BitCloud/Components/../lib\libBc_All_ZigBit_Atmega1281_Rf230_8Mhz_Gcc.a(nwkRouteRequest.o)
                0x0000571e                nwkRouteReqFrameInd
 .text.nwkRouteRequestId
                0x000059b6        0xe ../BitCloud_ZIGBIT_1_7_0/BitCloud/Components/../lib\libBc_All_ZigBit_Atmega1281_Rf230_8Mhz_Gcc.a(nwkRouteTable.o)
                0x000059b6                nwkRouteRequestId
 .text.nwkFindRouteItemsByState
                0x000059c4       0x60 ../BitCloud_ZIGBIT_1_7_0/BitCloud/Components/../lib\libBc_All_ZigBit_Atmega1281_Rf230_8Mhz_Gcc.a(nwkRouteTable.o)
                0x000059c4                nwkFindRouteItemsByState
 .text.nwkRouteDiscoveryItemLink
                0x00005a24       0x26 ../BitCloud_ZIGBIT_1_7_0/BitCloud/Components/../lib\libBc_All_ZigBit_Atmega1281_Rf230_8Mhz_Gcc.a(nwkRouteTable.o)
                0x00005a24                nwkRouteDiscoveryItemLink
 .text.nwkRouteTableNextHopSuccess
                0x00005a4a       0x32 ../BitCloud_ZIGBIT_1_7_0/BitCloud/Components/../lib\libBc_All_ZigBit_Atmega1281_Rf230_8Mhz_Gcc.a(nwkRouteTable.o)
                0x00005a4a                nwkRouteTableNextHopSuccess
 .text.nwkRouteTableRemoveDest
                0x00005a7c       0x38 ../BitCloud_ZIGBIT_1_7_0/BitCloud/Components/../lib\libBc_All_ZigBit_Atmega1281_Rf230_8Mhz_Gcc.a(nwkRouteTable.o)
                0x00005a7c                nwkRouteTableRemoveDest
 .text.nwkRouteTableLinkCost
                0x00005ab4       0x6c ../BitCloud_ZIGBIT_1_7_0/BitCloud/Components/../lib\libBc_All_ZigBit_Atmega1281_Rf230_8Mhz_Gcc.a(nwkRouteTable.o)
                0x00005ab4                nwkRouteTableLinkCost
 .text.nwkRouteTableNextHopFail
                0x00005b20       0x7c ../BitCloud_ZIGBIT_1_7_0/BitCloud/Components/../lib\libBc_All_ZigBit_Atmega1281_Rf230_8Mhz_Gcc.a(nwkRouteTable.o)
                0x00005b20                nwkRouteTableNextHopFail
 .text.nwkOldestRouteDiscoveryItem
                0x00005b9c       0x1e ../BitCloud_ZIGBIT_1_7_0/BitCloud/Components/../lib\libBc_All_ZigBit_Atmega1281_Rf230_8Mhz_Gcc.a(nwkRouteTable.o)
                0x00005b9c                nwkOldestRouteDiscoveryItem
 .text.nwkUpdateAgeRouteDiscovery
                0x00005bba       0xde ../BitCloud_ZIGBIT_1_7_0/BitCloud/Components/../lib\libBc_All_ZigBit_Atmega1281_Rf230_8Mhz_Gcc.a(nwkRouteTable.o)
                0x00005bba                nwkUpdateAgeRouteDiscovery
 .text.nwkFindFreeRouteDiscoveryItem
                0x00005c98       0x40 ../BitCloud_ZIGBIT_1_7_0/BitCloud/Components/../lib\libBc_All_ZigBit_Atmega1281_Rf230_8Mhz_Gcc.a(nwkRouteTable.o)
                0x00005c98                nwkFindFreeRouteDiscoveryItem
 .text.nwkFindFreeRouteItem
                0x00005cd8       0x52 ../BitCloud_ZIGBIT_1_7_0/BitCloud/Components/../lib\libBc_All_ZigBit_Atmega1281_Rf230_8Mhz_Gcc.a(nwkRouteTable.o)
                0x00005cd8                nwkFindFreeRouteItem
 .text.nwkFindRouteDiscoveryItem
                0x00005d2a       0x7c ../BitCloud_ZIGBIT_1_7_0/BitCloud/Components/../lib\libBc_All_ZigBit_Atmega1281_Rf230_8Mhz_Gcc.a(nwkRouteTable.o)
                0x00005d2a                nwkFindRouteDiscoveryItem
 .text.nwkFindRouteItem
                0x00005da6       0x66 ../BitCloud_ZIGBIT_1_7_0/BitCloud/Components/../lib\libBc_All_ZigBit_Atmega1281_Rf230_8Mhz_Gcc.a(nwkRouteTable.o)
                0x00005da6                nwkFindRouteItem
 .text.nwkUpdateRouteTable
                0x00005e0c       0x6a ../BitCloud_ZIGBIT_1_7_0/BitCloud/Components/../lib\libBc_All_ZigBit_Atmega1281_Rf230_8Mhz_Gcc.a(nwkRouteTable.o)
                0x00005e0c                nwkUpdateRouteTable
 .text.resetRouteTables
                0x00005e76       0xd2 ../BitCloud_ZIGBIT_1_7_0/BitCloud/Components/../lib\libBc_All_ZigBit_Atmega1281_Rf230_8Mhz_Gcc.a(nwkRouteTable.o)
                0x00005e76                resetRouteTables
 .text.nwkResetStartRouter
                0x00005f48       0x14 ../BitCloud_ZIGBIT_1_7_0/BitCloud/Components/../lib\libBc_All_ZigBit_Atmega1281_Rf230_8Mhz_Gcc.a(nwkStartRouter.o)
                0x00005f48                nwkResetStartRouter
 .text.nwkStartRouterTaskHandler
                0x00005f5c       0xce ../BitCloud_ZIGBIT_1_7_0/BitCloud/Components/../lib\libBc_All_ZigBit_Atmega1281_Rf230_8Mhz_Gcc.a(nwkStartRouter.o)
                0x00005f5c                nwkStartRouterTaskHandler
 .text.MAC_StartConf
                0x0000602a       0x28 ../BitCloud_ZIGBIT_1_7_0/BitCloud/Components/../lib\libBc_All_ZigBit_Atmega1281_Rf230_8Mhz_Gcc.a(nwkStartRouter.o)
 .text.NWK_StartRouterReq
                0x00006052       0x20 ../BitCloud_ZIGBIT_1_7_0/BitCloud/Components/../lib\libBc_All_ZigBit_Atmega1281_Rf230_8Mhz_Gcc.a(nwkStartRouter.o)
                0x00006052                NWK_StartRouterReq
 .text.nwkAddrConflictConf
                0x00006072        0x8 ../BitCloud_ZIGBIT_1_7_0/BitCloud/Components/../lib\libBc_All_ZigBit_Atmega1281_Rf230_8Mhz_Gcc.a(nwkStatusInd.o)
 .text.nwkStatusLinkSuccess
                0x0000607a       0x38 ../BitCloud_ZIGBIT_1_7_0/BitCloud/Components/../lib\libBc_All_ZigBit_Atmega1281_Rf230_8Mhz_Gcc.a(nwkStatusInd.o)
                0x0000607a                nwkStatusLinkSuccess
 .text.nwkStatusLinkFailure
                0x000060b2       0x3a ../BitCloud_ZIGBIT_1_7_0/BitCloud/Components/../lib\libBc_All_ZigBit_Atmega1281_Rf230_8Mhz_Gcc.a(nwkStatusInd.o)
                0x000060b2                nwkStatusLinkFailure
 .text.nwkResetStatusReceiver
                0x000060ec       0x16 ../BitCloud_ZIGBIT_1_7_0/BitCloud/Components/../lib\libBc_All_ZigBit_Atmega1281_Rf230_8Mhz_Gcc.a(nwkStatusInd.o)
                0x000060ec                nwkResetStatusReceiver
 .text.nwkStatusFrameInd
                0x00006102       0x6c ../BitCloud_ZIGBIT_1_7_0/BitCloud/Components/../lib\libBc_All_ZigBit_Atmega1281_Rf230_8Mhz_Gcc.a(nwkStatusInd.o)
                0x00006102                nwkStatusFrameInd
 .text.nwkPrepareMacReqOfStatusCmd
                0x0000616e       0x10 ../BitCloud_ZIGBIT_1_7_0/BitCloud/Components/../lib\libBc_All_ZigBit_Atmega1281_Rf230_8Mhz_Gcc.a(nwkStatusReq.o)
 .text.nwkSendRouteErrorConf
                0x0000617e        0x6 ../BitCloud_ZIGBIT_1_7_0/BitCloud/Components/../lib\libBc_All_ZigBit_Atmega1281_Rf230_8Mhz_Gcc.a(nwkStatusReq.o)
 .text.nwkResetStatusSender
                0x00006184       0x4c ../BitCloud_ZIGBIT_1_7_0/BitCloud/Components/../lib\libBc_All_ZigBit_Atmega1281_Rf230_8Mhz_Gcc.a(nwkStatusReq.o)
                0x00006184                nwkResetStatusSender
 .text.nwkConfirmOfStatusCmd
                0x000061d0       0x5a ../BitCloud_ZIGBIT_1_7_0/BitCloud/Components/../lib\libBc_All_ZigBit_Atmega1281_Rf230_8Mhz_Gcc.a(nwkStatusReq.o)
 .text.nwkPrepareMacDataOfStatusCmd
                0x0000622a      0x122 ../BitCloud_ZIGBIT_1_7_0/BitCloud/Components/../lib\libBc_All_ZigBit_Atmega1281_Rf230_8Mhz_Gcc.a(nwkStatusReq.o)
 .text.nwkStatusReq
                0x0000634c       0x22 ../BitCloud_ZIGBIT_1_7_0/BitCloud/Components/../lib\libBc_All_ZigBit_Atmega1281_Rf230_8Mhz_Gcc.a(nwkStatusReq.o)
                0x0000634c                nwkStatusReq
 .text.nwkSendRouteErrorStatus
                0x0000636e       0x52 ../BitCloud_ZIGBIT_1_7_0/BitCloud/Components/../lib\libBc_All_ZigBit_Atmega1281_Rf230_8Mhz_Gcc.a(nwkStatusReq.o)
                0x0000636e                nwkSendRouteErrorStatus
 .text.MAC_PollInd
                0x000063c0       0x4c ../BitCloud_ZIGBIT_1_7_0/BitCloud/Components/../lib\libBc_All_ZigBit_Atmega1281_Rf230_8Mhz_Gcc.a(nwkSync.o)
                0x000063c0                MAC_PollInd
 .text.nwkResetSync
                0x0000640c       0x26 ../BitCloud_ZIGBIT_1_7_0/BitCloud/Components/../lib\libBc_All_ZigBit_Atmega1281_Rf230_8Mhz_Gcc.a(nwkSync.o)
                0x0000640c                nwkResetSync
 .text.MAC_PollConf
                0x00006432       0x6a ../BitCloud_ZIGBIT_1_7_0/BitCloud/Components/../lib\libBc_All_ZigBit_Atmega1281_Rf230_8Mhz_Gcc.a(nwkSync.o)
 .text.nwkSyncTaskHandler
                0x0000649c       0xc0 ../BitCloud_ZIGBIT_1_7_0/BitCloud/Components/../lib\libBc_All_ZigBit_Atmega1281_Rf230_8Mhz_Gcc.a(nwkSync.o)
                0x0000649c                nwkSyncTaskHandler
 .text.NWK_SyncReq
                0x0000655c       0x20 ../BitCloud_ZIGBIT_1_7_0/BitCloud/Components/../lib\libBc_All_ZigBit_Atmega1281_Rf230_8Mhz_Gcc.a(nwkSync.o)
                0x0000655c                NWK_SyncReq
 .text.nwkPostTask
                0x0000657c       0x44 ../BitCloud_ZIGBIT_1_7_0/BitCloud/Components/../lib\libBc_All_ZigBit_Atmega1281_Rf230_8Mhz_Gcc.a(nwkTaskManager.o)
                0x0000657c                nwkPostTask
 .text.nwkResetTaskManager
                0x000065c0       0x1a ../BitCloud_ZIGBIT_1_7_0/BitCloud/Components/../lib\libBc_All_ZigBit_Atmega1281_Rf230_8Mhz_Gcc.a(nwkTaskManager.o)
                0x000065c0                nwkResetTaskManager
 .text.NWK_TaskHandler
                0x000065da       0xb0 ../BitCloud_ZIGBIT_1_7_0/BitCloud/Components/../lib\libBc_All_ZigBit_Atmega1281_Rf230_8Mhz_Gcc.a(nwkTaskManager.o)
                0x000065da                NWK_TaskHandler
 .text.nwkDataReqFlushConfirms
                0x0000668a       0x3c ../BitCloud_ZIGBIT_1_7_0/BitCloud/Components/../lib\libBc_All_ZigBit_Atmega1281_Rf230_8Mhz_Gcc.a(nwkTx.o)
                0x0000668a                nwkDataReqFlushConfirms
 .text.delayTimerFired
                0x000066c6       0x3e ../BitCloud_ZIGBIT_1_7_0/BitCloud/Components/../lib\libBc_All_ZigBit_Atmega1281_Rf230_8Mhz_Gcc.a(nwkTx.o)
 .text.MAC_DataConf
                0x00006704       0x62 ../BitCloud_ZIGBIT_1_7_0/BitCloud/Components/../lib\libBc_All_ZigBit_Atmega1281_Rf230_8Mhz_Gcc.a(nwkTx.o)
 .text.nwkTxGetNextHop
                0x00006766       0x80 ../BitCloud_ZIGBIT_1_7_0/BitCloud/Components/../lib\libBc_All_ZigBit_Atmega1281_Rf230_8Mhz_Gcc.a(nwkTx.o)
 .text.NWK_RouteDiscoveryConf
                0x000067e6       0x3a ../BitCloud_ZIGBIT_1_7_0/BitCloud/Components/../lib\libBc_All_ZigBit_Atmega1281_Rf230_8Mhz_Gcc.a(nwkTx.o)
 .text.nwkDataReqTaskHandler
                0x00006820      0x382 ../BitCloud_ZIGBIT_1_7_0/BitCloud/Components/../lib\libBc_All_ZigBit_Atmega1281_Rf230_8Mhz_Gcc.a(nwkTx.o)
                0x00006820                nwkDataReqTaskHandler
 .text.nwkTxCommandReq
                0x00006ba2       0x12 ../BitCloud_ZIGBIT_1_7_0/BitCloud/Components/../lib\libBc_All_ZigBit_Atmega1281_Rf230_8Mhz_Gcc.a(nwkTx.o)
                0x00006ba2                nwkTxCommandReq
 .text.nwkTxTransitReq
                0x00006bb4       0x12 ../BitCloud_ZIGBIT_1_7_0/BitCloud/Components/../lib\libBc_All_ZigBit_Atmega1281_Rf230_8Mhz_Gcc.a(nwkTx.o)
                0x00006bb4                nwkTxTransitReq
 .text.nwkTxReq
                0x00006bc6       0x12 ../BitCloud_ZIGBIT_1_7_0/BitCloud/Components/../lib\libBc_All_ZigBit_Atmega1281_Rf230_8Mhz_Gcc.a(nwkTx.o)
                0x00006bc6                nwkTxReq
 .text.nwkResetDataReq
                0x00006bd8       0x8a ../BitCloud_ZIGBIT_1_7_0/BitCloud/Components/../lib\libBc_All_ZigBit_Atmega1281_Rf230_8Mhz_Gcc.a(nwkTx.o)
                0x00006bd8                nwkResetDataReq
 .text.phySetFreq
                0x00006c62       0x66 ../BitCloud_ZIGBIT_1_7_0/BitCloud/Components/../lib\libBc_All_ZigBit_Atmega1281_Rf230_8Mhz_Gcc.a(phyInit.o)
                0x00006c62                phySetFreq
 .text.RF_Init  0x00006cc8       0x58 ../BitCloud_ZIGBIT_1_7_0/BitCloud/Components/../lib\libBc_All_ZigBit_Atmega1281_Rf230_8Mhz_Gcc.a(phyInit.o)
                0x00006cc8                RF_Init
 .text.phyWriteFrame
                0x00006d20       0x2a ../BitCloud_ZIGBIT_1_7_0/BitCloud/Components/../lib\libBc_All_ZigBit_Atmega1281_Rf230_8Mhz_Gcc.a(phyRfSpiProto.o)
                0x00006d20                phyWriteFrame
 .text.phyReadFrame
                0x00006d4a       0x22 ../BitCloud_ZIGBIT_1_7_0/BitCloud/Components/../lib\libBc_All_ZigBit_Atmega1281_Rf230_8Mhz_Gcc.a(phyRfSpiProto.o)
                0x00006d4a                phyReadFrame
 .text.phyReadRegister
                0x00006d6c       0x1c ../BitCloud_ZIGBIT_1_7_0/BitCloud/Components/../lib\libBc_All_ZigBit_Atmega1281_Rf230_8Mhz_Gcc.a(phyRfSpiProto.o)
                0x00006d6c                phyReadRegister
 .text.phyWriteRegister
                0x00006d88       0x18 ../BitCloud_ZIGBIT_1_7_0/BitCloud/Components/../lib\libBc_All_ZigBit_Atmega1281_Rf230_8Mhz_Gcc.a(phyRfSpiProto.o)
                0x00006d88                phyWriteRegister
 .text.resetQueue
                0x00006da0        0xc ../BitCloud_ZIGBIT_1_7_0/BitCloud/Components/../lib\libBc_All_ZigBit_Atmega1281_Rf230_8Mhz_Gcc.a(queue.o)
                0x00006da0                resetQueue
 .text.putQueueElem
                0x00006dac       0x1e ../BitCloud_ZIGBIT_1_7_0/BitCloud/Components/../lib\libBc_All_ZigBit_Atmega1281_Rf230_8Mhz_Gcc.a(queue.o)
                0x00006dac                putQueueElem
 .text.getQueueElem
                0x00006dca        0x8 ../BitCloud_ZIGBIT_1_7_0/BitCloud/Components/../lib\libBc_All_ZigBit_Atmega1281_Rf230_8Mhz_Gcc.a(queue.o)
                0x00006dca                getQueueElem
 .text.getNextQueueElement
                0x00006dd2        0x8 ../BitCloud_ZIGBIT_1_7_0/BitCloud/Components/../lib\libBc_All_ZigBit_Atmega1281_Rf230_8Mhz_Gcc.a(queue.o)
                0x00006dd2                getNextQueueElement
 .text.deleteHeadQueueElem
                0x00006dda       0x2a ../BitCloud_ZIGBIT_1_7_0/BitCloud/Components/../lib\libBc_All_ZigBit_Atmega1281_Rf230_8Mhz_Gcc.a(queue.o)
                0x00006dda                deleteHeadQueueElem
 .text.deleteQueueElem
                0x00006e04       0x5a ../BitCloud_ZIGBIT_1_7_0/BitCloud/Components/../lib\libBc_All_ZigBit_Atmega1281_Rf230_8Mhz_Gcc.a(queue.o)
                0x00006e04                deleteQueueElem
 .text.getNextQueueElem
                0x00006e5e       0x14 ../BitCloud_ZIGBIT_1_7_0/BitCloud/Components/../lib\libBc_All_ZigBit_Atmega1281_Rf230_8Mhz_Gcc.a(queue.o)
                0x00006e5e                getNextQueueElem
 .text.SYS_RunTask
                0x00006e72       0x74 ../BitCloud_ZIGBIT_1_7_0/BitCloud/Components/../lib\libBc_All_ZigBit_Atmega1281_Rf230_8Mhz_Gcc.a(taskManager.o)
                0x00006e72                SYS_RunTask
 .text.SYS_ForceRunTask
                0x00006ee6        0x6 ../BitCloud_ZIGBIT_1_7_0/BitCloud/Components/../lib\libBc_All_ZigBit_Atmega1281_Rf230_8Mhz_Gcc.a(taskManager.o)
                0x00006ee6                SYS_ForceRunTask
 .text.zdoNwkManagerReset
                0x00006eec        0x6 ../BitCloud_ZIGBIT_1_7_0/BitCloud/Components/../lib\libBc_All_ZigBit_Atmega1281_Rf230_8Mhz_Gcc.a(zdoNwkManager.o)
                0x00006eec                zdoNwkManagerReset
 .text.zdoSendDeviceAnnce
                0x00006ef2       0x8c ../BitCloud_ZIGBIT_1_7_0/BitCloud/Components/../lib\libBc_All_ZigBit_Atmega1281_Rf230_8Mhz_Gcc.a(zdoNwkManager.o)
                0x00006ef2                zdoSendDeviceAnnce
 .text.NWK_LeaveInd
                0x00006f7e       0x7a ../BitCloud_ZIGBIT_1_7_0/BitCloud/Components/../lib\libBc_All_ZigBit_Atmega1281_Rf230_8Mhz_Gcc.a(zdoNwkManager.o)
                0x00006f7e                NWK_LeaveInd
 .text.NWK_JoinInd
                0x00006ff8       0x4a ../BitCloud_ZIGBIT_1_7_0/BitCloud/Components/../lib\libBc_All_ZigBit_Atmega1281_Rf230_8Mhz_Gcc.a(zdoNwkManager.o)
                0x00006ff8                NWK_JoinInd
 .text.NWK_NwkStatusInd
                0x00007042       0xfe ../BitCloud_ZIGBIT_1_7_0/BitCloud/Components/../lib\libBc_All_ZigBit_Atmega1281_Rf230_8Mhz_Gcc.a(zdoNwkManager.o)
                0x00007042                NWK_NwkStatusInd
 .text.RF_RandomConf
                0x00007140        0xe ../BitCloud_ZIGBIT_1_7_0/BitCloud/Components/../lib\libBc_All_ZigBit_Atmega1281_Rf230_8Mhz_Gcc.a(zdoStateMachines.o)
 .text.NWK_NetworkFormationConf
                0x0000714e       0x26 ../BitCloud_ZIGBIT_1_7_0/BitCloud/Components/../lib\libBc_All_ZigBit_Atmega1281_Rf230_8Mhz_Gcc.a(zdoStateMachines.o)
 .text.NWK_PermitJoinConf
                0x00007174       0x2a ../BitCloud_ZIGBIT_1_7_0/BitCloud/Components/../lib\libBc_All_ZigBit_Atmega1281_Rf230_8Mhz_Gcc.a(zdoStateMachines.o)
 .text.NWK_StartRouterConf
                0x0000719e       0x1e ../BitCloud_ZIGBIT_1_7_0/BitCloud/Components/../lib\libBc_All_ZigBit_Atmega1281_Rf230_8Mhz_Gcc.a(zdoStateMachines.o)
 .text.APS_StartConf
                0x000071bc       0x1e ../BitCloud_ZIGBIT_1_7_0/BitCloud/Components/../lib\libBc_All_ZigBit_Atmega1281_Rf230_8Mhz_Gcc.a(zdoStateMachines.o)
 .text.zdoAuthenticationConf
                0x000071da       0x28 ../BitCloud_ZIGBIT_1_7_0/BitCloud/Components/../lib\libBc_All_ZigBit_Atmega1281_Rf230_8Mhz_Gcc.a(zdoStateMachines.o)
                0x000071da                zdoAuthenticationConf
 .text.ZDO_StartNetworkReq
                0x00007202       0x1e ../BitCloud_ZIGBIT_1_7_0/BitCloud/Components/../lib\libBc_All_ZigBit_Atmega1281_Rf230_8Mhz_Gcc.a(zdoStateMachines.o)
                0x00007202                ZDO_StartNetworkReq
 .text.timerFired
                0x00007220        0x8 ../BitCloud_ZIGBIT_1_7_0/BitCloud/Components/../lib\libBc_All_ZigBit_Atmega1281_Rf230_8Mhz_Gcc.a(zdoStateMachines.o)
 .text.APS_StopConf
                0x00007228        0x8 ../BitCloud_ZIGBIT_1_7_0/BitCloud/Components/../lib\libBc_All_ZigBit_Atmega1281_Rf230_8Mhz_Gcc.a(zdoStateMachines.o)
 .text.setNetworkParametersToZib
                0x00007230       0x46 ../BitCloud_ZIGBIT_1_7_0/BitCloud/Components/../lib\libBc_All_ZigBit_Atmega1281_Rf230_8Mhz_Gcc.a(zdoStateMachines.o)
 .text.startTimer
                0x00007276       0x3c ../BitCloud_ZIGBIT_1_7_0/BitCloud/Components/../lib\libBc_All_ZigBit_Atmega1281_Rf230_8Mhz_Gcc.a(zdoStateMachines.o)
 .text.NWK_JoinConf
                0x000072b2       0x66 ../BitCloud_ZIGBIT_1_7_0/BitCloud/Components/../lib\libBc_All_ZigBit_Atmega1281_Rf230_8Mhz_Gcc.a(zdoStateMachines.o)
 .text.NWK_NetworkDiscoveryConf
                0x00007318       0x96 ../BitCloud_ZIGBIT_1_7_0/BitCloud/Components/../lib\libBc_All_ZigBit_Atmega1281_Rf230_8Mhz_Gcc.a(zdoStateMachines.o)
 .text.zdoReset
                0x000073ae       0x5c ../BitCloud_ZIGBIT_1_7_0/BitCloud/Components/../lib\libBc_All_ZigBit_Atmega1281_Rf230_8Mhz_Gcc.a(zdoStateMachines.o)
 .text.APS_ResetConf
                0x0000740a       0x9c ../BitCloud_ZIGBIT_1_7_0/BitCloud/Components/../lib\libBc_All_ZigBit_Atmega1281_Rf230_8Mhz_Gcc.a(zdoStateMachines.o)
 .text.APS_ResetConfReset
                0x000074a6       0x2e ../BitCloud_ZIGBIT_1_7_0/BitCloud/Components/../lib\libBc_All_ZigBit_Atmega1281_Rf230_8Mhz_Gcc.a(zdoStateMachines.o)
 .text.deviceAnnceConf
                0x000074d4       0x98 ../BitCloud_ZIGBIT_1_7_0/BitCloud/Components/../lib\libBc_All_ZigBit_Atmega1281_Rf230_8Mhz_Gcc.a(zdoStateMachines.o)
 .text.zdoStateMachineHandler
                0x0000756c      0x574 ../BitCloud_ZIGBIT_1_7_0/BitCloud/Components/../lib\libBc_All_ZigBit_Atmega1281_Rf230_8Mhz_Gcc.a(zdoStateMachines.o)
                0x0000756c                zdoStateMachineHandler
 .text.zdoStateMachineLeave
                0x00007ae0       0xa4 ../BitCloud_ZIGBIT_1_7_0/BitCloud/Components/../lib\libBc_All_ZigBit_Atmega1281_Rf230_8Mhz_Gcc.a(zdoStateMachines.o)
                0x00007ae0                zdoStateMachineLeave
 .text.zdoPostTask
                0x00007b84       0x3c ../BitCloud_ZIGBIT_1_7_0/BitCloud/Components/../lib\libBc_All_ZigBit_Atmega1281_Rf230_8Mhz_Gcc.a(zdoTaskManager.o)
                0x00007b84                zdoPostTask
 .text.ZDO_TaskHandler
                0x00007bc0       0x7a ../BitCloud_ZIGBIT_1_7_0/BitCloud/Components/../lib\libBc_All_ZigBit_Atmega1281_Rf230_8Mhz_Gcc.a(zdoTaskManager.o)
                0x00007bc0                ZDO_TaskHandler
 .text.zdoZdpFrameProcessorReset
                0x00007c3a       0x36 ../BitCloud_ZIGBIT_1_7_0/BitCloud/Components/../lib\libBc_All_ZigBit_Atmega1281_Rf230_8Mhz_Gcc.a(zdoZdpFrameProcessor.o)
                0x00007c3a                zdoZdpFrameProcessorReset
 .text.zdoSetZdpIndState
                0x00007c70       0x10 ../BitCloud_ZIGBIT_1_7_0/BitCloud/Components/../lib\libBc_All_ZigBit_Atmega1281_Rf230_8Mhz_Gcc.a(zdoZdpFrameProcessor.o)
                0x00007c70                zdoSetZdpIndState
 .text.zdoZdpSendRequest
                0x00007c80       0x10 ../BitCloud_ZIGBIT_1_7_0/BitCloud/Components/../lib\libBc_All_ZigBit_Atmega1281_Rf230_8Mhz_Gcc.a(zdoZdpFrameProcessor.o)
                0x00007c80                zdoZdpSendRequest
 .text.zdoSetZdpDataReqState
                0x00007c90       0x22 ../BitCloud_ZIGBIT_1_7_0/BitCloud/Components/../lib\libBc_All_ZigBit_Atmega1281_Rf230_8Mhz_Gcc.a(zdoZdpFrameProcessor.o)
                0x00007c90                zdoSetZdpDataReqState
 .text.zdoZdpApsConfCallback
                0x00007cb2       0x50 ../BitCloud_ZIGBIT_1_7_0/BitCloud/Components/../lib\libBc_All_ZigBit_Atmega1281_Rf230_8Mhz_Gcc.a(zdoZdpFrameProcessor.o)
                0x00007cb2                zdoZdpApsConfCallback
 .text.APS_ZdoDataInd
                0x00007d02      0x13a ../BitCloud_ZIGBIT_1_7_0/BitCloud/Components/../lib\libBc_All_ZigBit_Atmega1281_Rf230_8Mhz_Gcc.a(zdoZdpFrameProcessor.o)
                0x00007d02                APS_ZdoDataInd
 .text.zdoZdpPrepareResponse
                0x00007e3c       0x34 ../BitCloud_ZIGBIT_1_7_0/BitCloud/Components/../lib\libBc_All_ZigBit_Atmega1281_Rf230_8Mhz_Gcc.a(zdoZdpFrameProcessor.o)
                0x00007e3c                zdoZdpPrepareResponse
 .text.zdoZdpFrameProcessorHandler
                0x00007e70      0x156 ../BitCloud_ZIGBIT_1_7_0/BitCloud/Components/../lib\libBc_All_ZigBit_Atmega1281_Rf230_8Mhz_Gcc.a(zdoZdpFrameProcessor.o)
                0x00007e70                zdoZdpFrameProcessorHandler
 .text.zdoZdpManagerHandler
                0x00007fc6      0x11e ../BitCloud_ZIGBIT_1_7_0/BitCloud/Components/../lib\libBc_All_ZigBit_Atmega1281_Rf230_8Mhz_Gcc.a(zdoZdpManager.o)
                0x00007fc6                zdoZdpManagerHandler
 .text.ttlUpdateTimerFired
                0x000080e4       0x6c ../BitCloud_ZIGBIT_1_7_0/BitCloud/Components/../lib\libBc_All_ZigBit_Atmega1281_Rf230_8Mhz_Gcc.a(zdoZdpManager.o)
 .text.ZDO_ZdpReq
                0x00008150       0x7c ../BitCloud_ZIGBIT_1_7_0/BitCloud/Components/../lib\libBc_All_ZigBit_Atmega1281_Rf230_8Mhz_Gcc.a(zdoZdpManager.o)
                0x00008150                ZDO_ZdpReq
 .text.zdoZdpResetReq
                0x000081cc       0x50 ../BitCloud_ZIGBIT_1_7_0/BitCloud/Components/../lib\libBc_All_ZigBit_Atmega1281_Rf230_8Mhz_Gcc.a(zdoZdpManager.o)
                0x000081cc                zdoZdpResetReq
 .text.zdoInitZIB
                0x0000821c      0x10a ../BitCloud_ZIGBIT_1_7_0/BitCloud/Components/../lib\libBc_All_ZigBit_Atmega1281_Rf230_8Mhz_Gcc.a(zib.o)
                0x0000821c                zdoInitZIB
 .text.apsAIBManagerProcess
                0x00008326        0x2 ../BitCloud_ZIGBIT_1_7_0/BitCloud/Components/../lib\libBc_All_ZigBit_Atmega1281_Rf230_8Mhz_Gcc.a(apsAibManager.o)
                0x00008326                apsAIBManagerProcess
 .text.apsResetAibManager
                0x00008328       0x12 ../BitCloud_ZIGBIT_1_7_0/BitCloud/Components/../lib\libBc_All_ZigBit_Atmega1281_Rf230_8Mhz_Gcc.a(apsAibManager.o)
                0x00008328                apsResetAibManager
 .text.apsFindBindSrcEntry
                0x0000833a       0xc2 ../BitCloud_ZIGBIT_1_7_0/BitCloud/Components/../lib\libBc_All_ZigBit_Atmega1281_Rf230_8Mhz_Gcc.a(apsBindManager.o)
                0x0000833a                apsFindBindSrcEntry
 .text.apsGetNextBindDestEntryIndex
                0x000083fc       0x36 ../BitCloud_ZIGBIT_1_7_0/BitCloud/Components/../lib\libBc_All_ZigBit_Atmega1281_Rf230_8Mhz_Gcc.a(apsBindManager.o)
                0x000083fc                apsGetNextBindDestEntryIndex
 .text.apsResetBindManager
                0x00008432       0x68 ../BitCloud_ZIGBIT_1_7_0/BitCloud/Components/../lib\libBc_All_ZigBit_Atmega1281_Rf230_8Mhz_Gcc.a(apsBindManager.o)
                0x00008432                apsResetBindManager
 .text.APS_UnbindReq
                0x0000849a      0x134 ../BitCloud_ZIGBIT_1_7_0/BitCloud/Components/../lib\libBc_All_ZigBit_Atmega1281_Rf230_8Mhz_Gcc.a(apsBindManager.o)
                0x0000849a                APS_UnbindReq
 .text.APS_BindReq
                0x000085ce      0x1f8 ../BitCloud_ZIGBIT_1_7_0/BitCloud/Components/../lib\libBc_All_ZigBit_Atmega1281_Rf230_8Mhz_Gcc.a(apsBindManager.o)
                0x000085ce                APS_BindReq
 .text.MAC_PHY_HWD_TaskHandler
                0x000087c6      0x1f2 ../BitCloud_ZIGBIT_1_7_0/BitCloud/Components/../lib\libBc_All_ZigBit_Atmega1281_Rf230_8Mhz_Gcc.a(machwdManager.o)
                0x000087c6                MAC_PHY_HWD_TaskHandler
 .text.MACHWD_Reset
                0x000089b8       0x46 ../BitCloud_ZIGBIT_1_7_0/BitCloud/Components/../lib\libBc_All_ZigBit_Atmega1281_Rf230_8Mhz_Gcc.a(machwdManager.o)
                0x000089b8                MACHWD_Reset
 .text.putReqInQueue
                0x000089fe       0x58 ../BitCloud_ZIGBIT_1_7_0/BitCloud/Components/../lib\libBc_All_ZigBit_Atmega1281_Rf230_8Mhz_Gcc.a(machwdManager.o)
 .text.RF_RandomReq
                0x00008a56        0xe ../BitCloud_ZIGBIT_1_7_0/BitCloud/Components/../lib\libBc_All_ZigBit_Atmega1281_Rf230_8Mhz_Gcc.a(machwdManager.o)
                0x00008a56                RF_RandomReq
 .text.MACHWD_EdReq
                0x00008a64        0xe ../BitCloud_ZIGBIT_1_7_0/BitCloud/Components/../lib\libBc_All_ZigBit_Atmega1281_Rf230_8Mhz_Gcc.a(machwdManager.o)
                0x00008a64                MACHWD_EdReq
 .text.MACHWD_SetReq
                0x00008a72        0xe ../BitCloud_ZIGBIT_1_7_0/BitCloud/Components/../lib\libBc_All_ZigBit_Atmega1281_Rf230_8Mhz_Gcc.a(machwdManager.o)
                0x00008a72                MACHWD_SetReq
 .text.MACHWD_SetTrxStateReq
                0x00008a80        0xe ../BitCloud_ZIGBIT_1_7_0/BitCloud/Components/../lib\libBc_All_ZigBit_Atmega1281_Rf230_8Mhz_Gcc.a(machwdManager.o)
                0x00008a80                MACHWD_SetTrxStateReq
 .text.MACHWD_DataReq
                0x00008a8e        0xa ../BitCloud_ZIGBIT_1_7_0/BitCloud/Components/../lib\libBc_All_ZigBit_Atmega1281_Rf230_8Mhz_Gcc.a(machwdManager.o)
                0x00008a8e                MACHWD_DataReq
 .text.machwdReset
                0x00008a98       0xba ../BitCloud_ZIGBIT_1_7_0/BitCloud/Components/../lib\libBc_All_ZigBit_Atmega1281_Rf230_8Mhz_Gcc.a(machwdResetHandler.o)
                0x00008a98                machwdReset
 .text.machwdRndReqHandler
                0x00008b52       0x14 ../BitCloud_ZIGBIT_1_7_0/BitCloud/Components/../lib\libBc_All_ZigBit_Atmega1281_Rf230_8Mhz_Gcc.a(machwdRndHandler.o)
                0x00008b52                machwdRndReqHandler
 .text.machwdNextBuffer
                0x00008b66       0x10 ../BitCloud_ZIGBIT_1_7_0/BitCloud/Components/../lib\libBc_All_ZigBit_Atmega1281_Rf230_8Mhz_Gcc.a(machwdRxBuffer.o)
                0x00008b66                machwdNextBuffer
 .text.machwdReleaseBuffer
                0x00008b76       0x62 ../BitCloud_ZIGBIT_1_7_0/BitCloud/Components/../lib\libBc_All_ZigBit_Atmega1281_Rf230_8Mhz_Gcc.a(machwdRxBuffer.o)
                0x00008b76                machwdReleaseBuffer
 .text.machwdNextBufferPresent
                0x00008bd8       0x22 ../BitCloud_ZIGBIT_1_7_0/BitCloud/Components/../lib\libBc_All_ZigBit_Atmega1281_Rf230_8Mhz_Gcc.a(machwdRxBuffer.o)
                0x00008bd8                machwdNextBufferPresent
 .text.machwdResetRxBuffer
                0x00008bfa       0x62 ../BitCloud_ZIGBIT_1_7_0/BitCloud/Components/../lib\libBc_All_ZigBit_Atmega1281_Rf230_8Mhz_Gcc.a(machwdRxBuffer.o)
                0x00008bfa                machwdResetRxBuffer
 .text.machwdRxFrameIndTaskHandler
                0x00008c5c      0x11e ../BitCloud_ZIGBIT_1_7_0/BitCloud/Components/../lib\libBc_All_ZigBit_Atmega1281_Rf230_8Mhz_Gcc.a(machwdRxFrameHandler.o)
                0x00008c5c                machwdRxFrameIndTaskHandler
 .text.machwdRxFrameTaskHandler
                0x00008d7a       0x46 ../BitCloud_ZIGBIT_1_7_0/BitCloud/Components/../lib\libBc_All_ZigBit_Atmega1281_Rf230_8Mhz_Gcc.a(machwdRxFrameHandler.o)
                0x00008d7a                machwdRxFrameTaskHandler
 .text.machwdIsBeaconRxMode
                0x00008dc0        0x6 ../BitCloud_ZIGBIT_1_7_0/BitCloud/Components/../lib\libBc_All_ZigBit_Atmega1281_Rf230_8Mhz_Gcc.a(machwdSetHandler.o)
                0x00008dc0                machwdIsBeaconRxMode
 .text.machwdResetSetHandler
                0x00008dc6        0xe ../BitCloud_ZIGBIT_1_7_0/BitCloud/Components/../lib\libBc_All_ZigBit_Atmega1281_Rf230_8Mhz_Gcc.a(machwdSetHandler.o)
                0x00008dc6                machwdResetSetHandler
 .text.executeSetReq
                0x00008dd4       0x98 ../BitCloud_ZIGBIT_1_7_0/BitCloud/Components/../lib\libBc_All_ZigBit_Atmega1281_Rf230_8Mhz_Gcc.a(machwdSetHandler.o)
 .text.machwdSetTaskHandler
                0x00008e6c       0x2e ../BitCloud_ZIGBIT_1_7_0/BitCloud/Components/../lib\libBc_All_ZigBit_Atmega1281_Rf230_8Mhz_Gcc.a(machwdSetHandler.o)
                0x00008e6c                machwdSetTaskHandler
 .text.machwdSetReqHandler
                0x00008e9a      0x116 ../BitCloud_ZIGBIT_1_7_0/BitCloud/Components/../lib\libBc_All_ZigBit_Atmega1281_Rf230_8Mhz_Gcc.a(machwdSetHandler.o)
                0x00008e9a                machwdSetReqHandler
 .text.machwdConvertTrxCmdToTrxState
                0x00008fb0       0x16 ../BitCloud_ZIGBIT_1_7_0/BitCloud/Components/../lib\libBc_All_ZigBit_Atmega1281_Rf230_8Mhz_Gcc.a(machwdTrxCtrl.o)
                0x00008fb0                machwdConvertTrxCmdToTrxState
 .text.machwdConvertTrxStateToTrxCmd
                0x00008fc6       0x1e ../BitCloud_ZIGBIT_1_7_0/BitCloud/Components/../lib\libBc_All_ZigBit_Atmega1281_Rf230_8Mhz_Gcc.a(machwdTrxCtrl.o)
                0x00008fc6                machwdConvertTrxStateToTrxCmd
 .text.machwdGetPhyTrxCmd
                0x00008fe4       0x22 ../BitCloud_ZIGBIT_1_7_0/BitCloud/Components/../lib\libBc_All_ZigBit_Atmega1281_Rf230_8Mhz_Gcc.a(machwdTrxCtrl.o)
                0x00008fe4                machwdGetPhyTrxCmd
 .text.machwdSendTrxCmd
                0x00009006        0xe ../BitCloud_ZIGBIT_1_7_0/BitCloud/Components/../lib\libBc_All_ZigBit_Atmega1281_Rf230_8Mhz_Gcc.a(machwdTrxCtrl.o)
                0x00009006                machwdSendTrxCmd
 .text.machwdResetTrxHandler
                0x00009014        0x6 ../BitCloud_ZIGBIT_1_7_0/BitCloud/Components/../lib\libBc_All_ZigBit_Atmega1281_Rf230_8Mhz_Gcc.a(machwdTrxHandler.o)
                0x00009014                machwdResetTrxHandler
 .text.machwdTrxTaskHandler
                0x0000901a       0x30 ../BitCloud_ZIGBIT_1_7_0/BitCloud/Components/../lib\libBc_All_ZigBit_Atmega1281_Rf230_8Mhz_Gcc.a(machwdTrxHandler.o)
                0x0000901a                machwdTrxTaskHandler
 .text.machwdTrxReqHandler
                0x0000904a       0x46 ../BitCloud_ZIGBIT_1_7_0/BitCloud/Components/../lib\libBc_All_ZigBit_Atmega1281_Rf230_8Mhz_Gcc.a(machwdTrxHandler.o)
                0x0000904a                machwdTrxReqHandler
 .text.machwdResetTxFrameHandler
                0x00009090        0xa ../BitCloud_ZIGBIT_1_7_0/BitCloud/Components/../lib\libBc_All_ZigBit_Atmega1281_Rf230_8Mhz_Gcc.a(machwdTxFrameHandler.o)
                0x00009090                machwdResetTxFrameHandler
 .text.executePhyDataReq
                0x0000909a       0x14 ../BitCloud_ZIGBIT_1_7_0/BitCloud/Components/../lib\libBc_All_ZigBit_Atmega1281_Rf230_8Mhz_Gcc.a(machwdTxFrameHandler.o)
 .text.executeDataReq
                0x000090ae       0x24 ../BitCloud_ZIGBIT_1_7_0/BitCloud/Components/../lib\libBc_All_ZigBit_Atmega1281_Rf230_8Mhz_Gcc.a(machwdTxFrameHandler.o)
 .text.machwdTxFrameTaskHandler
                0x000090d2       0xa2 ../BitCloud_ZIGBIT_1_7_0/BitCloud/Components/../lib\libBc_All_ZigBit_Atmega1281_Rf230_8Mhz_Gcc.a(machwdTxFrameHandler.o)
                0x000090d2                machwdTxFrameTaskHandler
 .text.machwdTxFrameReqHandler
                0x00009174       0x48 ../BitCloud_ZIGBIT_1_7_0/BitCloud/Components/../lib\libBc_All_ZigBit_Atmega1281_Rf230_8Mhz_Gcc.a(machwdTxFrameHandler.o)
                0x00009174                machwdTxFrameReqHandler
 .text.machwiSendPollInd
                0x000091bc       0x12 ../BitCloud_ZIGBIT_1_7_0/BitCloud/Components/../lib\libBc_All_ZigBit_Atmega1281_Rf230_8Mhz_Gcc.a(machwiManager.o)
                0x000091bc                machwiSendPollInd
 .text.machwiSendOrphanInd
                0x000091ce       0x12 ../BitCloud_ZIGBIT_1_7_0/BitCloud/Components/../lib\libBc_All_ZigBit_Atmega1281_Rf230_8Mhz_Gcc.a(machwiManager.o)
                0x000091ce                machwiSendOrphanInd
 .text.machwiSendSyncLossNotifyInd
                0x000091e0       0x12 ../BitCloud_ZIGBIT_1_7_0/BitCloud/Components/../lib\libBc_All_ZigBit_Atmega1281_Rf230_8Mhz_Gcc.a(machwiManager.o)
                0x000091e0                machwiSendSyncLossNotifyInd
 .text.machwiSendBeaconNotifyInd
                0x000091f2       0x12 ../BitCloud_ZIGBIT_1_7_0/BitCloud/Components/../lib\libBc_All_ZigBit_Atmega1281_Rf230_8Mhz_Gcc.a(machwiManager.o)
                0x000091f2                machwiSendBeaconNotifyInd
 .text.machwiSendDataInd
                0x00009204       0x12 ../BitCloud_ZIGBIT_1_7_0/BitCloud/Components/../lib\libBc_All_ZigBit_Atmega1281_Rf230_8Mhz_Gcc.a(machwiManager.o)
                0x00009204                machwiSendDataInd
 .text.machwiSendAssociateInd
                0x00009216       0x12 ../BitCloud_ZIGBIT_1_7_0/BitCloud/Components/../lib\libBc_All_ZigBit_Atmega1281_Rf230_8Mhz_Gcc.a(machwiManager.o)
                0x00009216                machwiSendAssociateInd
 .text.putReqInQueue
                0x00009228       0x2c ../BitCloud_ZIGBIT_1_7_0/BitCloud/Components/../lib\libBc_All_ZigBit_Atmega1281_Rf230_8Mhz_Gcc.a(machwiManager.o)
 .text.MAC_DataReq
                0x00009254        0xe ../BitCloud_ZIGBIT_1_7_0/BitCloud/Components/../lib\libBc_All_ZigBit_Atmega1281_Rf230_8Mhz_Gcc.a(machwiManager.o)
                0x00009254                MAC_DataReq
 .text.MAC_PollReq
                0x00009262        0xe ../BitCloud_ZIGBIT_1_7_0/BitCloud/Components/../lib\libBc_All_ZigBit_Atmega1281_Rf230_8Mhz_Gcc.a(machwiManager.o)
                0x00009262                MAC_PollReq
 .text.MAC_StartReq
                0x00009270        0xe ../BitCloud_ZIGBIT_1_7_0/BitCloud/Components/../lib\libBc_All_ZigBit_Atmega1281_Rf230_8Mhz_Gcc.a(machwiManager.o)
                0x00009270                MAC_StartReq
 .text.MAC_SetReq
                0x0000927e        0xe ../BitCloud_ZIGBIT_1_7_0/BitCloud/Components/../lib\libBc_All_ZigBit_Atmega1281_Rf230_8Mhz_Gcc.a(machwiManager.o)
                0x0000927e                MAC_SetReq
 .text.MAC_ScanReq
                0x0000928c        0xe ../BitCloud_ZIGBIT_1_7_0/BitCloud/Components/../lib\libBc_All_ZigBit_Atmega1281_Rf230_8Mhz_Gcc.a(machwiManager.o)
                0x0000928c                MAC_ScanReq
 .text.MAC_RxEnableReq
                0x0000929a        0xe ../BitCloud_ZIGBIT_1_7_0/BitCloud/Components/../lib\libBc_All_ZigBit_Atmega1281_Rf230_8Mhz_Gcc.a(machwiManager.o)
                0x0000929a                MAC_RxEnableReq
 .text.MAC_GetReq
                0x000092a8        0xe ../BitCloud_ZIGBIT_1_7_0/BitCloud/Components/../lib\libBc_All_ZigBit_Atmega1281_Rf230_8Mhz_Gcc.a(machwiManager.o)
                0x000092a8                MAC_GetReq
 .text.MAC_AssociateResp
                0x000092b6        0xe ../BitCloud_ZIGBIT_1_7_0/BitCloud/Components/../lib\libBc_All_ZigBit_Atmega1281_Rf230_8Mhz_Gcc.a(machwiManager.o)
                0x000092b6                MAC_AssociateResp
 .text.MAC_AssociateReq
                0x000092c4        0xe ../BitCloud_ZIGBIT_1_7_0/BitCloud/Components/../lib\libBc_All_ZigBit_Atmega1281_Rf230_8Mhz_Gcc.a(machwiManager.o)
                0x000092c4                MAC_AssociateReq
 .text.MAC_ResetReq
                0x000092d2       0x5c ../BitCloud_ZIGBIT_1_7_0/BitCloud/Components/../lib\libBc_All_ZigBit_Atmega1281_Rf230_8Mhz_Gcc.a(machwiManager.o)
                0x000092d2                MAC_ResetReq
 .text.machwiSendConfToUpperLayer
                0x0000932e       0xae ../BitCloud_ZIGBIT_1_7_0/BitCloud/Components/../lib\libBc_All_ZigBit_Atmega1281_Rf230_8Mhz_Gcc.a(machwiManager.o)
                0x0000932e                machwiSendConfToUpperLayer
 .text.MAC_HWI_TaskHandler
                0x000093dc       0xb8 ../BitCloud_ZIGBIT_1_7_0/BitCloud/Components/../lib\libBc_All_ZigBit_Atmega1281_Rf230_8Mhz_Gcc.a(machwiManager.o)
                0x000093dc                MAC_HWI_TaskHandler
 .text.machwiOrphanNotificationInd
                0x00009494       0x4a ../BitCloud_ZIGBIT_1_7_0/BitCloud/Components/../lib\libBc_All_ZigBit_Atmega1281_Rf230_8Mhz_Gcc.a(machwiOrphanHandler.o)
                0x00009494                machwiOrphanNotificationInd
 .text.machwiOrphanRespHandler
                0x000094de      0x152 ../BitCloud_ZIGBIT_1_7_0/BitCloud/Components/../lib\libBc_All_ZigBit_Atmega1281_Rf230_8Mhz_Gcc.a(machwiOrphanHandler.o)
                0x000094de                machwiOrphanRespHandler
 .text.machwdDataConfirm
                0x00009630       0x2a ../BitCloud_ZIGBIT_1_7_0/BitCloud/Components/../lib\libBc_All_ZigBit_Atmega1281_Rf230_8Mhz_Gcc.a(machwiOrphanHandler.o)
 .text.machwiEnableBeaconTransmission
                0x0000965a        0x8 ../BitCloud_ZIGBIT_1_7_0/BitCloud/Components/../lib\libBc_All_ZigBit_Atmega1281_Rf230_8Mhz_Gcc.a(machwiPanServer.o)
                0x0000965a                machwiEnableBeaconTransmission
 .text.machwiResetPanServer
                0x00009662        0x6 ../BitCloud_ZIGBIT_1_7_0/BitCloud/Components/../lib\libBc_All_ZigBit_Atmega1281_Rf230_8Mhz_Gcc.a(machwiPanServer.o)
                0x00009662                machwiResetPanServer
 .text.MACHWD_DataInd
                0x00009668       0x6e ../BitCloud_ZIGBIT_1_7_0/BitCloud/Components/../lib\libBc_All_ZigBit_Atmega1281_Rf230_8Mhz_Gcc.a(machwiPanServer.o)
                0x00009668                MACHWD_DataInd
 .text.machwiResetPollHandler
                0x000096d6        0x6 ../BitCloud_ZIGBIT_1_7_0/BitCloud/Components/../lib\libBc_All_ZigBit_Atmega1281_Rf230_8Mhz_Gcc.a(machwiPollHandler.o)
                0x000096d6                machwiResetPollHandler
 .text.machwiPollReqHandler
                0x000096dc      0x110 ../BitCloud_ZIGBIT_1_7_0/BitCloud/Components/../lib\libBc_All_ZigBit_Atmega1281_Rf230_8Mhz_Gcc.a(machwiPollHandler.o)
                0x000096dc                machwiPollReqHandler
 .text.completeHandling
                0x000097ec       0x1a ../BitCloud_ZIGBIT_1_7_0/BitCloud/Components/../lib\libBc_All_ZigBit_Atmega1281_Rf230_8Mhz_Gcc.a(machwiPollHandler.o)
 .text.machwdDataConfirm
                0x00009806       0x6a ../BitCloud_ZIGBIT_1_7_0/BitCloud/Components/../lib\libBc_All_ZigBit_Atmega1281_Rf230_8Mhz_Gcc.a(machwiPollHandler.o)
 .text.halPollTimerFired
                0x00009870        0x6 ../BitCloud_ZIGBIT_1_7_0/BitCloud/Components/../lib\libBc_All_ZigBit_Atmega1281_Rf230_8Mhz_Gcc.a(machwiPollHandler.o)
 .text.switchingCompleted
                0x00009876       0x22 ../BitCloud_ZIGBIT_1_7_0/BitCloud/Components/../lib\libBc_All_ZigBit_Atmega1281_Rf230_8Mhz_Gcc.a(machwiPollHandler.o)
 .text.machwiDataIndication
                0x00009898      0x206 ../BitCloud_ZIGBIT_1_7_0/BitCloud/Components/../lib\libBc_All_ZigBit_Atmega1281_Rf230_8Mhz_Gcc.a(machwiPollHandler.o)
                0x00009898                machwiDataIndication
 .text.machwiPollInd
                0x00009a9e       0x5c ../BitCloud_ZIGBIT_1_7_0/BitCloud/Components/../lib\libBc_All_ZigBit_Atmega1281_Rf230_8Mhz_Gcc.a(machwiPollHandler.o)
                0x00009a9e                machwiPollInd
 .text.machwiPurgeReqHandler
                0x00009afa       0x2e ../BitCloud_ZIGBIT_1_7_0/BitCloud/Components/../lib\libBc_All_ZigBit_Atmega1281_Rf230_8Mhz_Gcc.a(machwiPurgeHandler.o)
                0x00009afa                machwiPurgeReqHandler
 .text.machwiResetReqHandler
                0x00009b28       0xc2 ../BitCloud_ZIGBIT_1_7_0/BitCloud/Components/../lib\libBc_All_ZigBit_Atmega1281_Rf230_8Mhz_Gcc.a(machwiResetHandler.o)
                0x00009b28                machwiResetReqHandler
 .text.machwdSetConfirm
                0x00009bea       0x1c ../BitCloud_ZIGBIT_1_7_0/BitCloud/Components/../lib\libBc_All_ZigBit_Atmega1281_Rf230_8Mhz_Gcc.a(machwiResetHandler.o)
 .text.machwdSetTrxStateConfirm
                0x00009c06       0x14 ../BitCloud_ZIGBIT_1_7_0/BitCloud/Components/../lib\libBc_All_ZigBit_Atmega1281_Rf230_8Mhz_Gcc.a(machwiResetHandler.o)
 .text.machwiRxEnableReqHandler
                0x00009c1a       0x4c ../BitCloud_ZIGBIT_1_7_0/BitCloud/Components/../lib\libBc_All_ZigBit_Atmega1281_Rf230_8Mhz_Gcc.a(machwiRxEnableHandler.o)
                0x00009c1a                machwiRxEnableReqHandler
 .text.machwdSetTrxStateConfirm
                0x00009c66       0x18 ../BitCloud_ZIGBIT_1_7_0/BitCloud/Components/../lib\libBc_All_ZigBit_Atmega1281_Rf230_8Mhz_Gcc.a(machwiRxEnableHandler.o)
 .text.machwiResetScanHandler
                0x00009c7e        0x6 ../BitCloud_ZIGBIT_1_7_0/BitCloud/Components/../lib\libBc_All_ZigBit_Atmega1281_Rf230_8Mhz_Gcc.a(machwiScanHandler.o)
                0x00009c7e                machwiResetScanHandler
 .text.machwiCoordRealignmentCommandInd
                0x00009c84      0x164 ../BitCloud_ZIGBIT_1_7_0/BitCloud/Components/../lib\libBc_All_ZigBit_Atmega1281_Rf230_8Mhz_Gcc.a(machwiScanHandler.o)
                0x00009c84                machwiCoordRealignmentCommandInd
 .text.setNextChannel
                0x00009de8       0xb6 ../BitCloud_ZIGBIT_1_7_0/BitCloud/Components/../lib\libBc_All_ZigBit_Atmega1281_Rf230_8Mhz_Gcc.a(machwiScanHandler.o)
 .text.switchToActiveChannel
                0x00009e9e       0x6c ../BitCloud_ZIGBIT_1_7_0/BitCloud/Components/../lib\libBc_All_ZigBit_Atmega1281_Rf230_8Mhz_Gcc.a(machwiScanHandler.o)
 .text.halScanTimerFired
                0x00009f0a       0x2a ../BitCloud_ZIGBIT_1_7_0/BitCloud/Components/../lib\libBc_All_ZigBit_Atmega1281_Rf230_8Mhz_Gcc.a(machwiScanHandler.o)
 .text.machwdDataConfirm
                0x00009f34       0x76 ../BitCloud_ZIGBIT_1_7_0/BitCloud/Components/../lib\libBc_All_ZigBit_Atmega1281_Rf230_8Mhz_Gcc.a(machwiScanHandler.o)
 .text.machwdEdConfirm
                0x00009faa       0xf2 ../BitCloud_ZIGBIT_1_7_0/BitCloud/Components/../lib\libBc_All_ZigBit_Atmega1281_Rf230_8Mhz_Gcc.a(machwiScanHandler.o)
 .text.trxStateHandling
                0x0000a09c       0x20 ../BitCloud_ZIGBIT_1_7_0/BitCloud/Components/../lib\libBc_All_ZigBit_Atmega1281_Rf230_8Mhz_Gcc.a(machwiScanHandler.o)
 .text.generateScanConfirm
                0x0000a0bc       0x22 ../BitCloud_ZIGBIT_1_7_0/BitCloud/Components/../lib\libBc_All_ZigBit_Atmega1281_Rf230_8Mhz_Gcc.a(machwiScanHandler.o)
 .text.machwdSetConfirm
                0x0000a0de      0x44e ../BitCloud_ZIGBIT_1_7_0/BitCloud/Components/../lib\libBc_All_ZigBit_Atmega1281_Rf230_8Mhz_Gcc.a(machwiScanHandler.o)
 .text.machwdSetTrxStateConfirm
                0x0000a52c      0x108 ../BitCloud_ZIGBIT_1_7_0/BitCloud/Components/../lib\libBc_All_ZigBit_Atmega1281_Rf230_8Mhz_Gcc.a(machwiScanHandler.o)
 .text.machwiBeaconInd
                0x0000a634      0x2f6 ../BitCloud_ZIGBIT_1_7_0/BitCloud/Components/../lib\libBc_All_ZigBit_Atmega1281_Rf230_8Mhz_Gcc.a(machwiScanHandler.o)
                0x0000a634                machwiBeaconInd
 .text.machwiScanReqHandler
                0x0000a92a      0x1f6 ../BitCloud_ZIGBIT_1_7_0/BitCloud/Components/../lib\libBc_All_ZigBit_Atmega1281_Rf230_8Mhz_Gcc.a(machwiScanHandler.o)
                0x0000a92a                machwiScanReqHandler
 .text.machwiSetReqHandler
                0x0000ab20       0xb8 ../BitCloud_ZIGBIT_1_7_0/BitCloud/Components/../lib\libBc_All_ZigBit_Atmega1281_Rf230_8Mhz_Gcc.a(machwiSetGetHandler.o)
                0x0000ab20                machwiSetReqHandler
 .text.machwdSetConfirm
                0x0000abd8       0x14 ../BitCloud_ZIGBIT_1_7_0/BitCloud/Components/../lib\libBc_All_ZigBit_Atmega1281_Rf230_8Mhz_Gcc.a(machwiSetGetHandler.o)
 .text.machwiGetReqHandler
                0x0000abec       0x4c ../BitCloud_ZIGBIT_1_7_0/BitCloud/Components/../lib\libBc_All_ZigBit_Atmega1281_Rf230_8Mhz_Gcc.a(machwiSetGetHandler.o)
                0x0000abec                machwiGetReqHandler
 .text.machwiResetStartHandler
                0x0000ac38        0xa ../BitCloud_ZIGBIT_1_7_0/BitCloud/Components/../lib\libBc_All_ZigBit_Atmega1281_Rf230_8Mhz_Gcc.a(machwiStartHandler.o)
                0x0000ac38                machwiResetStartHandler
 .text.setHandling
                0x0000ac42       0x70 ../BitCloud_ZIGBIT_1_7_0/BitCloud/Components/../lib\libBc_All_ZigBit_Atmega1281_Rf230_8Mhz_Gcc.a(machwiStartHandler.o)
 .text.setStartReqParam
                0x0000acb2       0xb2 ../BitCloud_ZIGBIT_1_7_0/BitCloud/Components/../lib\libBc_All_ZigBit_Atmega1281_Rf230_8Mhz_Gcc.a(machwiStartHandler.o)
 .text.generateConfirm
                0x0000ad64       0x44 ../BitCloud_ZIGBIT_1_7_0/BitCloud/Components/../lib\libBc_All_ZigBit_Atmega1281_Rf230_8Mhz_Gcc.a(machwiStartHandler.o)
 .text.machwiStartReqHandler
                0x0000ada8       0x44 ../BitCloud_ZIGBIT_1_7_0/BitCloud/Components/../lib\libBc_All_ZigBit_Atmega1281_Rf230_8Mhz_Gcc.a(machwiStartHandler.o)
                0x0000ada8                machwiStartReqHandler
 .text.machwdSetConfirm
                0x0000adec      0x160 ../BitCloud_ZIGBIT_1_7_0/BitCloud/Components/../lib\libBc_All_ZigBit_Atmega1281_Rf230_8Mhz_Gcc.a(machwiStartHandler.o)
 .text.machwdDataConfirm
                0x0000af4c       0x3c ../BitCloud_ZIGBIT_1_7_0/BitCloud/Components/../lib\libBc_All_ZigBit_Atmega1281_Rf230_8Mhz_Gcc.a(machwiStartHandler.o)
 .text.machwdSetTrxStateConfirm
                0x0000af88        0xc ../BitCloud_ZIGBIT_1_7_0/BitCloud/Components/../lib\libBc_All_ZigBit_Atmega1281_Rf230_8Mhz_Gcc.a(machwiSwitchRxCtrl.o)
 .text.machwiSwitchRxAccordToRxOnWhenIdle
                0x0000af94       0x2c ../BitCloud_ZIGBIT_1_7_0/BitCloud/Components/../lib\libBc_All_ZigBit_Atmega1281_Rf230_8Mhz_Gcc.a(machwiSwitchRxCtrl.o)
                0x0000af94                machwiSwitchRxAccordToRxOnWhenIdle
 .text.machwiResetTransactionHandler
                0x0000afc0        0xa ../BitCloud_ZIGBIT_1_7_0/BitCloud/Components/../lib\libBc_All_ZigBit_Atmega1281_Rf230_8Mhz_Gcc.a(machwiTransactionHandler.o)
                0x0000afc0                machwiResetTransactionHandler
 .text.machwiSendTransactionEvent
                0x0000afca      0x1c0 ../BitCloud_ZIGBIT_1_7_0/BitCloud/Components/../lib\libBc_All_ZigBit_Atmega1281_Rf230_8Mhz_Gcc.a(machwiTransactionHandler.o)
                0x0000afca                machwiSendTransactionEvent
 .text.machwdDataConfirm
                0x0000b18a       0xbc ../BitCloud_ZIGBIT_1_7_0/BitCloud/Components/../lib\libBc_All_ZigBit_Atmega1281_Rf230_8Mhz_Gcc.a(machwiTransactionHandler.o)
 .text.machwiResetTransactionQueue
                0x0000b246       0x4c ../BitCloud_ZIGBIT_1_7_0/BitCloud/Components/../lib\libBc_All_ZigBit_Atmega1281_Rf230_8Mhz_Gcc.a(machwiTransactionQueue.o)
                0x0000b246                machwiResetTransactionQueue
 .text.machwiGetActivatedTransactionFromQueue
                0x0000b292       0x20 ../BitCloud_ZIGBIT_1_7_0/BitCloud/Components/../lib\libBc_All_ZigBit_Atmega1281_Rf230_8Mhz_Gcc.a(machwiTransactionQueue.o)
                0x0000b292                machwiGetActivatedTransactionFromQueue
 .text.transactionTimerFired
                0x0000b2b2       0x50 ../BitCloud_ZIGBIT_1_7_0/BitCloud/Components/../lib\libBc_All_ZigBit_Atmega1281_Rf230_8Mhz_Gcc.a(machwiTransactionQueue.o)
 .text.machwiTestAndKickQueueTransactions
                0x0000b302      0x1ce ../BitCloud_ZIGBIT_1_7_0/BitCloud/Components/../lib\libBc_All_ZigBit_Atmega1281_Rf230_8Mhz_Gcc.a(machwiTransactionQueue.o)
                0x0000b302                machwiTestAndKickQueueTransactions
 .text.machwiDeleteTransactionFromQueue
                0x0000b4d0       0x20 ../BitCloud_ZIGBIT_1_7_0/BitCloud/Components/../lib\libBc_All_ZigBit_Atmega1281_Rf230_8Mhz_Gcc.a(machwiTransactionQueue.o)
                0x0000b4d0                machwiDeleteTransactionFromQueue
 .text.machwiPurgeTransactionFromQueue
                0x0000b4f0       0x3e ../BitCloud_ZIGBIT_1_7_0/BitCloud/Components/../lib\libBc_All_ZigBit_Atmega1281_Rf230_8Mhz_Gcc.a(machwiTransactionQueue.o)
                0x0000b4f0                machwiPurgeTransactionFromQueue
 .text.machwiFillPendingAddrSpecAndList
                0x0000b52e      0x220 ../BitCloud_ZIGBIT_1_7_0/BitCloud/Components/../lib\libBc_All_ZigBit_Atmega1281_Rf230_8Mhz_Gcc.a(machwiTransactionQueue.o)
                0x0000b52e                machwiFillPendingAddrSpecAndList
 .text.machwiPutTransactionToQueue
                0x0000b74e       0x7c ../BitCloud_ZIGBIT_1_7_0/BitCloud/Components/../lib\libBc_All_ZigBit_Atmega1281_Rf230_8Mhz_Gcc.a(machwiTransactionQueue.o)
                0x0000b74e                machwiPutTransactionToQueue
 .text.nwkResetAddrConflict
                0x0000b7ca       0x1e ../BitCloud_ZIGBIT_1_7_0/BitCloud/Components/../lib\libBc_All_ZigBit_Atmega1281_Rf230_8Mhz_Gcc.a(nwkAddrConflict.o)
                0x0000b7ca                nwkResetAddrConflict
 .text.nwkAddrConflictTaskHandler
                0x0000b7e8      0x240 ../BitCloud_ZIGBIT_1_7_0/BitCloud/Components/../lib\libBc_All_ZigBit_Atmega1281_Rf230_8Mhz_Gcc.a(nwkAddrConflict.o)
                0x0000b7e8                nwkAddrConflictTaskHandler
 .text.NWK_JoinConf
                0x0000ba28       0x44 ../BitCloud_ZIGBIT_1_7_0/BitCloud/Components/../lib\libBc_All_ZigBit_Atmega1281_Rf230_8Mhz_Gcc.a(nwkAddrConflict.o)
 .text.MAC_SetConf
                0x0000ba6c       0x4c ../BitCloud_ZIGBIT_1_7_0/BitCloud/Components/../lib\libBc_All_ZigBit_Atmega1281_Rf230_8Mhz_Gcc.a(nwkAddrConflict.o)
 .text.nwkStatusConf
                0x0000bab8       0x10 ../BitCloud_ZIGBIT_1_7_0/BitCloud/Components/../lib\libBc_All_ZigBit_Atmega1281_Rf230_8Mhz_Gcc.a(nwkAddrConflict.o)
 .text.nwkAddrConflictReq
                0x0000bac8       0x20 ../BitCloud_ZIGBIT_1_7_0/BitCloud/Components/../lib\libBc_All_ZigBit_Atmega1281_Rf230_8Mhz_Gcc.a(nwkAddrConflict.o)
                0x0000bac8                nwkAddrConflictReq
 .text.nwkInitAge
                0x0000bae8       0x2e ../BitCloud_ZIGBIT_1_7_0/BitCloud/Components/../lib\libBc_All_ZigBit_Atmega1281_Rf230_8Mhz_Gcc.a(nwkAge.o)
                0x0000bae8                nwkInitAge
 .text.nwkUpdateAge
                0x0000bb16       0x32 ../BitCloud_ZIGBIT_1_7_0/BitCloud/Components/../lib\libBc_All_ZigBit_Atmega1281_Rf230_8Mhz_Gcc.a(nwkAge.o)
                0x0000bb16                nwkUpdateAge
 .text.nwkFindOldestAge
                0x0000bb48       0x42 ../BitCloud_ZIGBIT_1_7_0/BitCloud/Components/../lib\libBc_All_ZigBit_Atmega1281_Rf230_8Mhz_Gcc.a(nwkAge.o)
                0x0000bb48                nwkFindOldestAge
 .text.nwkResetItemAge
                0x0000bb8a       0x52 ../BitCloud_ZIGBIT_1_7_0/BitCloud/Components/../lib\libBc_All_ZigBit_Atmega1281_Rf230_8Mhz_Gcc.a(nwkAge.o)
                0x0000bb8a                nwkResetItemAge
 .text.nwkGetItemAge
                0x0000bbdc        0xe ../BitCloud_ZIGBIT_1_7_0/BitCloud/Components/../lib\libBc_All_ZigBit_Atmega1281_Rf230_8Mhz_Gcc.a(nwkAge.o)
                0x0000bbdc                nwkGetItemAge
 .text.nwkResetAge
                0x0000bbea       0x42 ../BitCloud_ZIGBIT_1_7_0/BitCloud/Components/../lib\libBc_All_ZigBit_Atmega1281_Rf230_8Mhz_Gcc.a(nwkAge.o)
                0x0000bbea                nwkResetAge
 .text.ageTimerFired
                0x0000bc2c        0xa ../BitCloud_ZIGBIT_1_7_0/BitCloud/Components/../lib\libBc_All_ZigBit_Atmega1281_Rf230_8Mhz_Gcc.a(nwkAge.o)
 .text.nwkUpdateAgeBTT
                0x0000bc36       0x1a ../BitCloud_ZIGBIT_1_7_0/BitCloud/Components/../lib\libBc_All_ZigBit_Atmega1281_Rf230_8Mhz_Gcc.a(nwkBTT.o)
                0x0000bc36                nwkUpdateAgeBTT
 .text.nwkCheckBTT
                0x0000bc50       0xce ../BitCloud_ZIGBIT_1_7_0/BitCloud/Components/../lib\libBc_All_ZigBit_Atmega1281_Rf230_8Mhz_Gcc.a(nwkBTT.o)
                0x0000bc50                nwkCheckBTT
 .text.nwkResetBTT
                0x0000bd1e       0x5e ../BitCloud_ZIGBIT_1_7_0/BitCloud/Components/../lib\libBc_All_ZigBit_Atmega1281_Rf230_8Mhz_Gcc.a(nwkBTT.o)
                0x0000bd1e                nwkResetBTT
 .text.nwkResetCommands
                0x0000bd7c        0xa ../BitCloud_ZIGBIT_1_7_0/BitCloud/Components/../lib\libBc_All_ZigBit_Atmega1281_Rf230_8Mhz_Gcc.a(nwkCommands.o)
                0x0000bd7c                nwkResetCommands
 .text.nwkTxCommandConf
                0x0000bd86       0x36 ../BitCloud_ZIGBIT_1_7_0/BitCloud/Components/../lib\libBc_All_ZigBit_Atmega1281_Rf230_8Mhz_Gcc.a(nwkCommands.o)
                0x0000bd86                nwkTxCommandConf
 .text.nwkTryToProcessCommandReq